<?xml version="1.0" encoding="utf-8"?>
<TestRun id="66c5cdd1-e914-4e23-907d-9ecc43eb3efe" name="mwam0@RTX5070 2026-10-04 17:37:55" runUser="RTX5070\mwam0" xmlns="http://microsoft.com/schemas/VisualStudio/TeamTest/2010">
  <Times creation="2026-10-04T17:37:55.0688003+09:00" queuing="2026-10-04T17:37:55.0688004+09:00" start="2026-10-04T17:37:53.8963192+09:00" finish="2026-10-04T17:37:56.8839064+09:00" />
  <TestSettings name="default" id="375cf0b0-c6a7-4f61-a16a-70ae18bef770">
    <Deployment runDeploymentRoot="mwam0_RTX5070_2026-10-04_17_37_55" />
  </TestSettings>
  <Results>
    <UnitTestResult executionId="a7a54dee-e363-4392-9213-8c6349f424e7" testId="c8e58be6-bae8-9e0e-da8b-c0967ef04d1b" testName="CompoundConfirmationRejectsScalarConsumptionWithoutItsExactValueWrite(&quot;other-row&quot;)" computerName="RTX5070" duration="00:00:00.0009210" startTime="2026-10-04T17:37:55.2455071+09:00" endTime="2026-10-04T17:37:55.2464280+09:00" testType="13cdc9d9-ddb5-4fa4-a97d-d965ccfc6d4b" outcome="Passed" testListId="8c84fa94-04c1-424b-9868-57a2d4851a1d" relativeResultsDirectory="a7a54dee-e363-4392-9213-8c6349f424e7" />
    <UnitTestResult executionId="e49f0d93-0898-44b7-9a6f-c9015166a660" testId="a33e8efa-1838-c448-de66-5a57459d5ebd" testName="TenRowsKeepSourceEditSeparateFromOneBulkUndoAfterDurableReload(&quot;paste&quot;)" computerName="RTX5070" duration="00:00:00.0096890" startTime="2026-10-04T17:37:55.1377096+09:00" endTime="2026-10-04T17:37:55.1473986+09:00" testType="13cdc9d9-ddb5-4fa4-a97d-d965ccfc6d4b" outcome="Passed" testListId="8c84fa94-04c1-424b-9868-57a2d4851a1d" relativeResultsDirectory="e49f0d93-0898-44b7-9a6f-c9015166a660" />
    <UnitTestResult executionId="8f1b50b2-34d2-4a29-9f90-68ee9e13228e" testId="dfbbeb87-841b-2b26-3e98-c2d4361b2a40" testName="SourceOrderWithoutFiltersDoesNotRequireReapplyAfterValueEdit" computerName="RTX5070" duration="00:00:00.0008090" startTime="2026-10-04T17:37:55.0626689+09:00" endTime="2026-10-04T17:37:55.0634776+09:00" testType="13cdc9d9-ddb5-4fa4-a97d-d965ccfc6d4b" outcome="Passed" testListId="8c84fa94-04c1-424b-9868-57a2d4851a1d" relativeResultsDirectory="8f1b50b2-34d2-4a29-9f90-68ee9e13228e" />
    <UnitTestResult executionId="9b500a24-01a0-446a-bb1e-023bb5d26fae" testId="7acc0d19-bb14-b072-a664-c5bd15742179" testName="InvalidWeeklyDestinationRejectsTheWholeRectangleAndPreservesInputAndHistory(&quot;missing-worker&quot;)" computerName="RTX5070" duration="00:00:00.0015630" startTime="2026-10-04T17:37:56.6997170+09:00" endTime="2026-10-04T17:37:56.7012793+09:00" testType="13cdc9d9-ddb5-4fa4-a97d-d965ccfc6d4b" outcome="Passed" testListId="8c84fa94-04c1-424b-9868-57a2d4851a1d" relativeResultsDirectory="9b500a24-01a0-446a-bb1e-023bb5d26fae" />
    <UnitTestResult executionId="c398a0b1-4542-4661-8436-f4abb18484d6" testId="f37ca015-3b4e-1141-16af-ee62c3eacb1a" testName="WeeklyReviewUsesMappedIdentityAndRetainsUnavailableSelectedFieldsAsProblems(False)" computerName="RTX5070" duration="00:00:00.0019270" startTime="2026-10-04T17:37:56.6793431+09:00" endTime="2026-10-04T17:37:56.6812700+09:00" testType="13cdc9d9-ddb5-4fa4-a97d-d965ccfc6d4b" outcome="Passed" testListId="8c84fa94-04c1-424b-9868-57a2d4851a1d" relativeResultsDirectory="c398a0b1-4542-4661-8436-f4abb18484d6" />
    <UnitTestResult executionId="35ae7ff8-a7a2-4a48-b349-81a535c447a0" testId="65116eb9-2719-64c4-96ec-51bcb8c6dcb2" testName="InvalidMiddleDestinationRejectsAllAndIdentifiesTheTarget(&quot;option&quot;)" computerName="RTX5070" duration="00:00:00.0002110" startTime="2026-10-04T17:37:55.0465390+09:00" endTime="2026-10-04T17:37:55.0467499+09:00" testType="13cdc9d9-ddb5-4fa4-a97d-d965ccfc6d4b" outcome="Passed" testListId="8c84fa94-04c1-424b-9868-57a2d4851a1d" relativeResultsDirectory="35ae7ff8-a7a2-4a48-b349-81a535c447a0" />
    <UnitTestResult executionId="60c843fc-d7e0-4c8e-bdef-1d6c44ffda4d" testId="c9d0bd98-914c-6170-0649-3e95a47ee446" testName="InvalidWeeklyDestinationRejectsTheWholeRectangleAndPreservesInputAndHistory(&quot;multiple-reports&quot;)" computerName="RTX5070" duration="00:00:00.0024150" startTime="2026-10-04T17:37:56.7012985+09:00" endTime="2026-10-04T17:37:56.7037131+09:00" testType="13cdc9d9-ddb5-4fa4-a97d-d965ccfc6d4b" outcome="Passed" testListId="8c84fa94-04c1-424b-9868-57a2d4851a1d" relativeResultsDirectory="60c843fc-d7e0-4c8e-bdef-1d6c44ffda4d" />
    <UnitTestResult executionId="79512125-1c81-403a-aa4d-5a97b20d4d17" testId="303ed96c-a3b5-9627-522b-f00fa914e9d6" testName="RepeatingLocalSelectValuePreservesOrderRevisionAndUndo" computerName="RTX5070" duration="00:00:00.0008070" startTime="2026-10-04T17:37:55.0608080+09:00" endTime="2026-10-04T17:37:55.0616147+09:00" testType="13cdc9d9-ddb5-4fa4-a97d-d965ccfc6d4b" outcome="Passed" testListId="8c84fa94-04c1-424b-9868-57a2d4851a1d" relativeResultsDirectory="79512125-1c81-403a-aa4d-5a97b20d4d17" />
    <UnitTestResult executionId="663d84c2-ad64-4b96-8f8a-998465ec5a49" testId="3061bc08-55fa-9fbe-834e-60cfbaede4ad" testName="InternalDuplicateLabelCopiesTheOptionIdAndExternalLabelRemainsAmbiguous" computerName="RTX5070" duration="00:00:00.0010030" startTime="2026-10-04T17:37:55.0291835+09:00" endTime="2026-10-04T17:37:55.0301866+09:00" testType="13cdc9d9-ddb5-4fa4-a97d-d965ccfc6d4b" outcome="Passed" testListId="8c84fa94-04c1-424b-9868-57a2d4851a1d" relativeResultsDirectory="663d84c2-ad64-4b96-8f8a-998465ec5a49" />
    <UnitTestResult executionId="9289ce8c-69cf-4670-9d05-b1596d89e846" testId="69a1e39e-df5d-057d-66cd-6fe733ba63f7" testName="CopyingActualHoursRetainsEachTargetWorkerAndTheEarlierSourceUndo(&quot;broadcast&quot;)" computerName="RTX5070" duration="00:00:00.0016520" startTime="2026-10-04T17:37:56.6942802+09:00" endTime="2026-10-04T17:37:56.6959322+09:00" testType="13cdc9d9-ddb5-4fa4-a97d-d965ccfc6d4b" outcome="Passed" testListId="8c84fa94-04c1-424b-9868-57a2d4851a1d" relativeResultsDirectory="9289ce8c-69cf-4670-9d05-b1596d89e846" />
    <UnitTestResult executionId="39b0c146-4364-4237-a670-ea401c07ad53" testId="9d33d455-34c1-0629-27a2-57f5eacd37ac" testName="AmbiguousOrInvalidCorrectionPreservesAllDraftAndHistoricalState(&quot;revision&quot;)" computerName="RTX5070" duration="00:00:00.0010950" startTime="2026-10-04T17:37:55.2123000+09:00" endTime="2026-10-04T17:37:55.2133949+09:00" testType="13cdc9d9-ddb5-4fa4-a97d-d965ccfc6d4b" outcome="Passed" testListId="8c84fa94-04c1-424b-9868-57a2d4851a1d" relativeResultsDirectory="39b0c146-4364-4237-a670-ea401c07ad53" />
    <UnitTestResult executionId="e448e286-a606-471c-966f-468d98e008e1" testId="1dd1314e-488a-68d6-1b22-651d15296b96" testName="InvalidWeeklyDestinationRejectsTheWholeRectangleAndPreservesInputAndHistory(&quot;date&quot;)" computerName="RTX5070" duration="00:00:00.0021380" startTime="2026-10-04T17:37:56.6959890+09:00" endTime="2026-10-04T17:37:56.6981267+09:00" testType="13cdc9d9-ddb5-4fa4-a97d-d965ccfc6d4b" outcome="Passed" testListId="8c84fa94-04c1-424b-9868-57a2d4851a1d" relativeResultsDirectory="e448e286-a606-471c-966f-468d98e008e1" />
    <UnitTestResult executionId="ee671b25-ba3b-4f82-8c07-399c90e73386" testId="3bf5f3c3-fd15-0e47-2f40-84effe281e09" testName="NewSingleWorkerIsProposedButUnknownAndExplicitRemovalRemainDifferentFromZero" computerName="RTX5070" duration="00:00:00.0016910" startTime="2026-10-04T17:37:55.2897821+09:00" endTime="2026-10-04T17:37:55.2914726+09:00" testType="13cdc9d9-ddb5-4fa4-a97d-d965ccfc6d4b" outcome="Passed" testListId="8c84fa94-04c1-424b-9868-57a2d4851a1d" relativeResultsDirectory="ee671b25-ba3b-4f82-8c07-399c90e73386" />
    <UnitTestResult executionId="8dc19f32-2d41-49e1-9399-e705dc937291" testId="04732f0f-3ba5-f0da-e9cf-0c75538df444" testName="InvalidMiddleDestinationRejectsAllAndIdentifiesTheTarget(&quot;pending&quot;)" computerName="RTX5070" duration="00:00:00.0002990" startTime="2026-10-04T17:37:55.0308064+09:00" endTime="2026-10-04T17:37:55.0311055+09:00" testType="13cdc9d9-ddb5-4fa4-a97d-d965ccfc6d4b" outcome="Passed" testListId="8c84fa94-04c1-424b-9868-57a2d4851a1d" relativeResultsDirectory="8dc19f32-2d41-49e1-9399-e705dc937291" />
    <UnitTestResult executionId="aff8c2c0-e48d-4507-81ba-36d1f395d363" testId="a9b005aa-e79c-0f5c-c46a-63e5fdbaab37" testName="TenRowsKeepSourceEditSeparateFromOneBulkUndoAfterDurableReload(&quot;down&quot;)" computerName="RTX5070" duration="00:00:00.0095440" startTime="2026-10-04T17:37:55.1474231+09:00" endTime="2026-10-04T17:37:55.1569662+09:00" testType="13cdc9d9-ddb5-4fa4-a97d-d965ccfc6d4b" outcome="Passed" testListId="8c84fa94-04c1-424b-9868-57a2d4851a1d" relativeResultsDirectory="aff8c2c0-e48d-4507-81ba-36d1f395d363" />
    <UnitTestResult executionId="af0e156c-e553-45b6-bcfd-df19423e2add" testId="1f38115a-e491-180a-6a06-d7211cb7f103" testName="EqualCommittedValueDoesNotCreateDifferenceRevisionOrUndo" computerName="RTX5070" duration="00:00:00.0055380" startTime="2026-10-04T17:37:54.9416686+09:00" endTime="2026-10-04T17:37:54.9472064+09:00" testType="13cdc9d9-ddb5-4fa4-a97d-d965ccfc6d4b" outcome="Passed" testListId="8c84fa94-04c1-424b-9868-57a2d4851a1d" relativeResultsDirectory="af0e156c-e553-45b6-bcfd-df19423e2add" />
    <UnitTestResult executionId="222fce46-63c2-46f9-8ac7-3857496c5893" testId="253f9889-92f9-7c38-b8c6-ee48cc49c07c" testName="CompoundConfirmationConsumesItsExplicitScalarAndActualInputWithoutReopeningThemOnUndo(&quot;Remaining&quot;)" computerName="RTX5070" duration="00:00:00.0017150" startTime="2026-10-04T17:37:55.2416851+09:00" endTime="2026-10-04T17:37:55.2433995+09:00" testType="13cdc9d9-ddb5-4fa4-a97d-d965ccfc6d4b" outcome="Passed" testListId="8c84fa94-04c1-424b-9868-57a2d4851a1d" relativeResultsDirectory="222fce46-63c2-46f9-8ac7-3857496c5893" />
    <UnitTestResult executionId="19ff4999-1ae6-4bec-9add-3fee124dd111" testId="d0ba7848-c46f-0621-fedd-1f249ea9ba97" testName="AmbiguousOrInvalidCorrectionPreservesAllDraftAndHistoricalState(&quot;multiple&quot;)" computerName="RTX5070" duration="00:00:00.0523720" startTime="2026-10-04T17:37:55.1577498+09:00" endTime="2026-10-04T17:37:55.2101207+09:00" testType="13cdc9d9-ddb5-4fa4-a97d-d965ccfc6d4b" outcome="Passed" testListId="8c84fa94-04c1-424b-9868-57a2d4851a1d" relativeResultsDirectory="19ff4999-1ae6-4bec-9add-3fee124dd111" />
    <UnitTestResult executionId="32c253eb-0885-4902-aee0-129ce48addbc" testId="037481d2-72e4-718b-bb74-812aacdc6142" testName="SelectedPasteRequiresMatchingShapeOrSingleColumnBroadcast(3,1,&quot;&quot;,True)" computerName="RTX5070" duration="00:00:00.0000330" startTime="2026-10-04T17:37:55.0625795+09:00" endTime="2026-10-04T17:37:55.0626123+09:00" testType="13cdc9d9-ddb5-4fa4-a97d-d965ccfc6d4b" outcome="Passed" testListId="8c84fa94-04c1-424b-9868-57a2d4851a1d" relativeResultsDirectory="32c253eb-0885-4902-aee0-129ce48addbc" />
    <UnitTestResult executionId="7c2b847a-ddb9-460f-aeee-95cae467e184" testId="2e40172f-bb11-bb03-915a-f18e5f431965" testName="CompoundConfirmationRejectsScalarConsumptionWithoutItsExactValueWrite(&quot;missing&quot;)" computerName="RTX5070" duration="00:00:00.0012880" startTime="2026-10-04T17:37:55.2442056+09:00" endTime="2026-10-04T17:37:55.2454939+09:00" testType="13cdc9d9-ddb5-4fa4-a97d-d965ccfc6d4b" outcome="Passed" testListId="8c84fa94-04c1-424b-9868-57a2d4851a1d" relativeResultsDirectory="7c2b847a-ddb9-460f-aeee-95cae467e184" />
    <UnitTestResult executionId="777084e4-23fe-46c5-8b63-45ce707fcfee" testId="79a681aa-9240-7e43-5b48-44cf40c902ec" testName="SelectedPasteRequiresMatchingShapeOrSingleColumnBroadcast(2,1,&quot;Done\nTodo&quot;,True)" computerName="RTX5070" duration="00:00:00.0000510" startTime="2026-10-04T17:37:55.0625264+09:00" endTime="2026-10-04T17:37:55.0625775+09:00" testType="13cdc9d9-ddb5-4fa4-a97d-d965ccfc6d4b" outcome="Passed" testListId="8c84fa94-04c1-424b-9868-57a2d4851a1d" relativeResultsDirectory="777084e4-23fe-46c5-8b63-45ce707fcfee" />
    <UnitTestResult executionId="b597f770-ccad-4704-bf1b-16ac78c1988b" testId="d1dc2d04-481d-4724-52cf-74bc0b1fd105" testName="CompoundConfirmationConsumesItsExplicitScalarAndActualInputWithoutReopeningThemOnUndo(&quot;Estimate&quot;)" computerName="RTX5070" duration="00:00:00.0007660" startTime="2026-10-04T17:37:55.2434124+09:00" endTime="2026-10-04T17:37:55.2441782+09:00" testType="13cdc9d9-ddb5-4fa4-a97d-d965ccfc6d4b" outcome="Passed" testListId="8c84fa94-04c1-424b-9868-57a2d4851a1d" relativeResultsDirectory="b597f770-ccad-4704-bf1b-16ac78c1988b" />
    <UnitTestResult executionId="19c74daf-3361-498e-8ac8-d508ea3a0f6b" testId="5704bbc7-f793-f337-16c3-4575d9b25a17" testName="SelectedPasteRequiresMatchingShapeOrSingleColumnBroadcast(3,1,&quot;Done\nTodo&quot;,False)" computerName="RTX5070" duration="00:00:00.0004410" startTime="2026-10-04T17:37:55.0616410+09:00" endTime="2026-10-04T17:37:55.0620817+09:00" testType="13cdc9d9-ddb5-4fa4-a97d-d965ccfc6d4b" outcome="Passed" testListId="8c84fa94-04c1-424b-9868-57a2d4851a1d" relativeResultsDirectory="19c74daf-3361-498e-8ac8-d508ea3a0f6b" />
    <UnitTestResult executionId="066af1b3-c231-46f6-9a63-b6d64635c26a" testId="7a4461bc-e673-fe08-bc34-ac717f6d5cde" testName="MixedExistingAndLocalFillIsOneAtomicUndoAndRetainsLocalIdentity" computerName="RTX5070" duration="00:00:00.0045550" startTime="2026-10-04T17:37:55.0562419+09:00" endTime="2026-10-04T17:37:55.0607963+09:00" testType="13cdc9d9-ddb5-4fa4-a97d-d965ccfc6d4b" outcome="Passed" testListId="8c84fa94-04c1-424b-9868-57a2d4851a1d" relativeResultsDirectory="066af1b3-c231-46f6-9a63-b6d64635c26a" />
    <UnitTestResult executionId="4fa4c947-a8f3-43e5-941b-0e5639fd0fe2" testId="a26e2d16-510e-31d1-462f-81c7a83d5882" testName="CopyingActualHoursRetainsEachTargetWorkerAndTheEarlierSourceUndo(&quot;down&quot;)" computerName="RTX5070" duration="00:00:00.0022350" startTime="2026-10-04T17:37:56.6920216+09:00" endTime="2026-10-04T17:37:56.6942562+09:00" testType="13cdc9d9-ddb5-4fa4-a97d-d965ccfc6d4b" outcome="Passed" testListId="8c84fa94-04c1-424b-9868-57a2d4851a1d" relativeResultsDirectory="4fa4c947-a8f3-43e5-941b-0e5639fd0fe2" />
    <UnitTestResult executionId="649e1a47-5f1d-4746-a13d-a653e01592eb" testId="513d9c18-4f0e-fb8d-9a56-7924b74c4ca9" testName="CompatibleRefreshKeepsPendingActualAndAConfirmedCorrectionUpdatesTheMatchingProjection(True)" computerName="RTX5070" duration="00:00:00.0012430" startTime="2026-10-04T17:37:55.2404068+09:00" endTime="2026-10-04T17:37:55.2416494+09:00" testType="13cdc9d9-ddb5-4fa4-a97d-d965ccfc6d4b" outcome="Passed" testListId="8c84fa94-04c1-424b-9868-57a2d4851a1d" relativeResultsDirectory="649e1a47-5f1d-4746-a13d-a653e01592eb" />
    <UnitTestResult executionId="c055f611-6560-45c4-b54f-69338384e559" testId="4738dead-6f54-5a01-c4b8-d1777da84052" testName="DatedCorrectionKeepsHistoricalWorkerIndependentWorkAndRestorableUndo(&quot;7.000&quot;,&quot;7&quot;)" computerName="RTX5070" duration="00:00:00.0103220" startTime="2026-10-04T17:37:55.2794297+09:00" endTime="2026-10-04T17:37:55.2897516+09:00" testType="13cdc9d9-ddb5-4fa4-a97d-d965ccfc6d4b" outcome="Passed" testListId="8c84fa94-04c1-424b-9868-57a2d4851a1d" relativeResultsDirectory="c055f611-6560-45c4-b54f-69338384e559" />
    <UnitTestResult executionId="830da6e6-4ab5-4e35-90d9-3dfcf6d17439" testId="a9a7bcbe-eb09-202c-103c-3f95c087803e" testName="CompoundConfirmationRejectsScalarConsumptionWithoutItsExactValueWrite(&quot;other-role&quot;)" computerName="RTX5070" duration="00:00:00.0007770" startTime="2026-10-04T17:37:55.2464398+09:00" endTime="2026-10-04T17:37:55.2472171+09:00" testType="13cdc9d9-ddb5-4fa4-a97d-d965ccfc6d4b" outcome="Passed" testListId="8c84fa94-04c1-424b-9868-57a2d4851a1d" relativeResultsDirectory="830da6e6-4ab5-4e35-90d9-3dfcf6d17439" />
    <UnitTestResult executionId="9ce70589-bd89-4fcd-923f-3d4c9ac349ff" testId="da772803-04df-35be-5642-c1e3529122d8" testName="AmbiguousOrInvalidCorrectionPreservesAllDraftAndHistoricalState(&quot;invalid&quot;)" computerName="RTX5070" duration="00:00:00.0005630" startTime="2026-10-04T17:37:55.2117271+09:00" endTime="2026-10-04T17:37:55.2122897+09:00" testType="13cdc9d9-ddb5-4fa4-a97d-d965ccfc6d4b" outcome="Passed" testListId="8c84fa94-04c1-424b-9868-57a2d4851a1d" relativeResultsDirectory="9ce70589-bd89-4fcd-923f-3d4c9ac349ff" />
    <UnitTestResult executionId="2324ffd4-6850-42b8-8056-339e9badb23a" testId="ff12b192-290d-ca92-5fcd-abef8bbbe2ca" testName="TenRowsKeepSourceEditSeparateFromOneBulkUndoAfterDurableReload(&quot;fill&quot;)" computerName="RTX5070" duration="00:00:00.0741770" startTime="2026-10-04T17:37:55.0635067+09:00" endTime="2026-10-04T17:37:55.1376828+09:00" testType="13cdc9d9-ddb5-4fa4-a97d-d965ccfc6d4b" outcome="Passed" testListId="8c84fa94-04c1-424b-9868-57a2d4851a1d" relativeResultsDirectory="2324ffd4-6850-42b8-8056-339e9badb23a" />
    <UnitTestResult executionId="d6788e82-aef3-43e7-a68a-ec5baf5b0245" testId="93b6d719-6cc8-bdaa-3d73-e7827ac490f5" testName="WeeklyReviewCannotSelectNewIssueCreation" computerName="RTX5070" duration="00:00:00.0033060" startTime="2026-10-04T17:37:56.6712430+09:00" endTime="2026-10-04T17:37:56.6745493+09:00" testType="13cdc9d9-ddb5-4fa4-a97d-d965ccfc6d4b" outcome="Passed" testListId="8c84fa94-04c1-424b-9868-57a2d4851a1d" relativeResultsDirectory="d6788e82-aef3-43e7-a68a-ec5baf5b0245" />
    <UnitTestResult executionId="4fc303ee-ad19-48d9-b64c-9f25c982111e" testId="a2387e6a-17c6-8b1b-ee1c-8793a092abb9" testName="WeeklyConfirmationRejectsFreshFieldOrIssueIdentityChangesWithoutDispatch(&quot;issue&quot;)" computerName="RTX5070" duration="00:00:00.0758730" startTime="2026-10-04T17:37:55.4868220+09:00" endTime="2026-10-04T17:37:55.5626944+09:00" testType="13cdc9d9-ddb5-4fa4-a97d-d965ccfc6d4b" outcome="Passed" testListId="8c84fa94-04c1-424b-9868-57a2d4851a1d" relativeResultsDirectory="4fc303ee-ad19-48d9-b64c-9f25c982111e" />
    <UnitTestResult executionId="f53fe9d8-ec39-4d47-92d6-4ba1e4d895bb" testId="88934b95-773e-2dcb-6b8e-7716708e5d96" testName="WeeklyConfirmationRejectsFreshFieldOrIssueIdentityChangesWithoutDispatch(&quot;fields&quot;)" computerName="RTX5070" duration="00:00:00.1951749" startTime="2026-10-04T17:37:55.2916208+09:00" endTime="2026-10-04T17:37:55.4867948+09:00" testType="13cdc9d9-ddb5-4fa4-a97d-d965ccfc6d4b" outcome="Passed" testListId="8c84fa94-04c1-424b-9868-57a2d4851a1d" relativeResultsDirectory="f53fe9d8-ec39-4d47-92d6-4ba1e4d895bb" />
    <UnitTestResult executionId="ea5b2b97-c470-4743-9ea7-7e4c9ba0e444" testId="ae623d98-cc50-97e7-baae-ec36f6854d28" testName="DatedCorrectionKeepsHistoricalWorkerIndependentWorkAndRestorableUndo(&quot;7&quot;,&quot;7&quot;)" computerName="RTX5070" duration="00:00:00.0205570" startTime="2026-10-04T17:37:55.2472435+09:00" endTime="2026-10-04T17:37:55.2678003+09:00" testType="13cdc9d9-ddb5-4fa4-a97d-d965ccfc6d4b" outcome="Passed" testListId="8c84fa94-04c1-424b-9868-57a2d4851a1d" relativeResultsDirectory="ea5b2b97-c470-4743-9ea7-7e4c9ba0e444" />
    <UnitTestResult executionId="1e93fd93-0bc6-4cd5-9236-32a039ea1a15" testId="a5267826-6e85-7b26-f3b3-f197b638444f" testName="WeeklyReviewUsesMappedIdentityAndRetainsUnavailableSelectedFieldsAsProblems(True)" computerName="RTX5070" duration="00:00:00.0025230" startTime="2026-10-04T17:37:56.6767963+09:00" endTime="2026-10-04T17:37:56.6793192+09:00" testType="13cdc9d9-ddb5-4fa4-a97d-d965ccfc6d4b" outcome="Passed" testListId="8c84fa94-04c1-424b-9868-57a2d4851a1d" relativeResultsDirectory="1e93fd93-0bc6-4cd5-9236-32a039ea1a15" />
    <UnitTestResult executionId="15003ee2-b0e7-4e87-be50-f7943f196b7e" testId="42ec1211-f9e2-5f40-0faa-e4cf54d9c0d3" testName="SelectedPasteRequiresMatchingShapeOrSingleColumnBroadcast(2,2,&quot;Done&quot;,False)" computerName="RTX5070" duration="00:00:00.0003320" startTime="2026-10-04T17:37:55.0620928+09:00" endTime="2026-10-04T17:37:55.0624249+09:00" testType="13cdc9d9-ddb5-4fa4-a97d-d965ccfc6d4b" outcome="Passed" testListId="8c84fa94-04c1-424b-9868-57a2d4851a1d" relativeResultsDirectory="15003ee2-b0e7-4e87-be50-f7943f196b7e" />
    <UnitTestResult executionId="748a5f23-572f-45c7-9c19-5539c2d2cb35" testId="20cf94e0-bdeb-e521-0f88-8ea7ff61c6e7" testName="InvalidWeeklyDestinationRejectsTheWholeRectangleAndPreservesInputAndHistory(&quot;invalid-final&quot;)" computerName="RTX5070" duration="00:00:00.0015580" startTime="2026-10-04T17:37:56.6981428+09:00" endTime="2026-10-04T17:37:56.6997006+09:00" testType="13cdc9d9-ddb5-4fa4-a97d-d965ccfc6d4b" outcome="Passed" testListId="8c84fa94-04c1-424b-9868-57a2d4851a1d" relativeResultsDirectory="748a5f23-572f-45c7-9c19-5539c2d2cb35" />
    <UnitTestResult executionId="71b63faf-3225-4083-a6b2-c85b85472192" testId="b0dcc4fc-a81f-7e29-1046-6e6d39d3c91b" testName="SelectedPasteRequiresMatchingShapeOrSingleColumnBroadcast(2,1,&quot;Done\tTodo\nTodo\tDone&quot;,False)" computerName="RTX5070" duration="00:00:00.0000900" startTime="2026-10-04T17:37:55.0624343+09:00" endTime="2026-10-04T17:37:55.0625246+09:00" testType="13cdc9d9-ddb5-4fa4-a97d-d965ccfc6d4b" outcome="Passed" testListId="8c84fa94-04c1-424b-9868-57a2d4851a1d" relativeResultsDirectory="71b63faf-3225-4083-a6b2-c85b85472192" />
    <UnitTestResult executionId="a7835ee3-2e58-4461-9d9d-154c937840e1" testId="58d1a6e0-f1ce-0224-bce3-e303473994d4" testName="WeeklyInternalRectangleRejectsUnfinishedSourceInputAddedAfterCopy" computerName="RTX5070" duration="00:00:00.0021600" startTime="2026-10-04T17:37:56.7065393+09:00" endTime="2026-10-04T17:37:56.7086988+09:00" testType="13cdc9d9-ddb5-4fa4-a97d-d965ccfc6d4b" outcome="Passed" testListId="8c84fa94-04c1-424b-9868-57a2d4851a1d" relativeResultsDirectory="a7835ee3-2e58-4461-9d9d-154c937840e1" />
    <UnitTestResult executionId="26b472af-f982-4ed3-86ac-ebbaa7dbc7aa" testId="52bbf539-f2b8-49bc-ab6b-00e3492ca45f" testName="WeeklyRectangleUsesDisplayedIdsAndEachWorkerThenDurableUndoRestoresAllWorkTogether" computerName="RTX5070" duration="00:00:00.0220940" startTime="2026-10-04T17:37:56.7087131+09:00" endTime="2026-10-04T17:37:56.7308066+09:00" testType="13cdc9d9-ddb5-4fa4-a97d-d965ccfc6d4b" outcome="Passed" testListId="8c84fa94-04c1-424b-9868-57a2d4851a1d" relativeResultsDirectory="26b472af-f982-4ed3-86ac-ebbaa7dbc7aa" />
    <UnitTestResult executionId="c71004f5-f6f0-4c86-a046-f9d7a8289852" testId="36202419-f4c9-2685-6d60-74381504dd1c" testName="WeeklyReviewExcludesOtherChangedFieldsAndDoesNotAlterTheDraft" computerName="RTX5070" duration="00:00:00.0021570" startTime="2026-10-04T17:37:56.6745760+09:00" endTime="2026-10-04T17:37:56.6767324+09:00" testType="13cdc9d9-ddb5-4fa4-a97d-d965ccfc6d4b" outcome="Passed" testListId="8c84fa94-04c1-424b-9868-57a2d4851a1d" relativeResultsDirectory="c71004f5-f6f0-4c86-a046-f9d7a8289852" />
    <UnitTestResult executionId="bea43fff-f014-4dcc-b881-be21748f353a" testId="4500a81b-69ba-6f9a-0f84-3d79635200b3" testName="AmbiguousOrInvalidCorrectionPreservesAllDraftAndHistoricalState(&quot;worker&quot;)" computerName="RTX5070" duration="00:00:00.0009660" startTime="2026-10-04T17:37:55.2101456+09:00" endTime="2026-10-04T17:37:55.2111113+09:00" testType="13cdc9d9-ddb5-4fa4-a97d-d965ccfc6d4b" outcome="Passed" testListId="8c84fa94-04c1-424b-9868-57a2d4851a1d" relativeResultsDirectory="bea43fff-f014-4dcc-b881-be21748f353a" />
    <UnitTestResult executionId="81e8889c-004d-4ede-b3ce-b2d71093fdf5" testId="d1719b94-6c66-7a91-6834-b740c97fa522" testName="InvalidWeeklyDestinationRejectsTheWholeRectangleAndPreservesInputAndHistory(&quot;pending-remaining&quot;)" computerName="RTX5070" duration="00:00:00.0014100" startTime="2026-10-04T17:37:56.7051001+09:00" endTime="2026-10-04T17:37:56.7065101+09:00" testType="13cdc9d9-ddb5-4fa4-a97d-d965ccfc6d4b" outcome="Passed" testListId="8c84fa94-04c1-424b-9868-57a2d4851a1d" relativeResultsDirectory="81e8889c-004d-4ede-b3ce-b2d71093fdf5" />
    <UnitTestResult executionId="f90edbf8-9f39-4fb2-ba12-6aa26a69fda2" testId="03d04505-7e82-d6da-f100-69bb248458ac" testName="DatedCorrectionKeepsHistoricalWorkerIndependentWorkAndRestorableUndo(&quot;0&quot;,&quot;0&quot;)" computerName="RTX5070" duration="00:00:00.0115910" startTime="2026-10-04T17:37:55.2678222+09:00" endTime="2026-10-04T17:37:55.2794126+09:00" testType="13cdc9d9-ddb5-4fa4-a97d-d965ccfc6d4b" outcome="Passed" testListId="8c84fa94-04c1-424b-9868-57a2d4851a1d" relativeResultsDirectory="f90edbf8-9f39-4fb2-ba12-6aa26a69fda2" />
    <UnitTestResult executionId="aa17f39c-9019-49ae-a859-023c98c2a80f" testId="87588b68-f812-9e61-600f-7294d74a53ba" testName="EmptyOrPendingSourceCannotFillAndBaselineReturnRemovesDifferences" computerName="RTX5070" duration="00:00:00.0422980" startTime="2026-10-04T17:37:54.8986932+09:00" endTime="2026-10-04T17:37:54.9409596+09:00" testType="13cdc9d9-ddb5-4fa4-a97d-d965ccfc6d4b" outcome="Passed" testListId="8c84fa94-04c1-424b-9868-57a2d4851a1d" relativeResultsDirectory="aa17f39c-9019-49ae-a859-023c98c2a80f" />
    <UnitTestResult executionId="ed0107bd-3baa-4bc2-94ca-fffa7d48f9e5" testId="bc381608-e0d6-45cd-5ec5-93de14da3386" testName="WeeklyPrepareAndConfirmPublishOnlyActualAndRemainingAndRetainOtherDraftsAfterReload" computerName="RTX5070" duration="00:00:01.1084430" startTime="2026-10-04T17:37:55.5627395+09:00" endTime="2026-10-04T17:37:56.6711811+09:00" testType="13cdc9d9-ddb5-4fa4-a97d-d965ccfc6d4b" outcome="Passed" testListId="8c84fa94-04c1-424b-9868-57a2d4851a1d" relativeResultsDirectory="ed0107bd-3baa-4bc2-94ca-fffa7d48f9e5" />
    <UnitTestResult executionId="ffc98d3b-1ea9-440e-81e3-e98eb455b035" testId="f086173f-bdfc-ff4a-ff6a-0e4a6053decc" testName="CompatibleRefreshKeepsPendingActualAndAConfirmedCorrectionUpdatesTheMatchingProjection(False)" computerName="RTX5070" duration="00:00:00.0269540" startTime="2026-10-04T17:37:55.2134323+09:00" endTime="2026-10-04T17:37:55.2403863+09:00" testType="13cdc9d9-ddb5-4fa4-a97d-d965ccfc6d4b" outcome="Passed" testListId="8c84fa94-04c1-424b-9868-57a2d4851a1d" relativeResultsDirectory="ffc98d3b-1ea9-440e-81e3-e98eb455b035" />
    <UnitTestResult executionId="466cc635-ebfe-4c6e-aca7-26622c523c9f" testId="04c81fac-a2f4-33cb-4d13-718c4abc6f3f" testName="AmbiguousOrInvalidCorrectionPreservesAllDraftAndHistoricalState(&quot;date&quot;)" computerName="RTX5070" duration="00:00:00.0005900" startTime="2026-10-04T17:37:55.2111256+09:00" endTime="2026-10-04T17:37:55.2117150+09:00" testType="13cdc9d9-ddb5-4fa4-a97d-d965ccfc6d4b" outcome="Passed" testListId="8c84fa94-04c1-424b-9868-57a2d4851a1d" relativeResultsDirectory="466cc635-ebfe-4c6e-aca7-26622c523c9f" />
    <UnitTestResult executionId="e042beaf-eba4-4eda-9dea-2618f080b3e4" testId="94d5ed74-69bd-c5e0-5f2e-25501826e83f" testName="FilteredSortedHundredDestinationsAndHiddenUndoUseOriginalIds" computerName="RTX5070" duration="00:00:00.0501930" startTime="2026-10-04T17:37:54.9472194+09:00" endTime="2026-10-04T17:37:54.9974117+09:00" testType="13cdc9d9-ddb5-4fa4-a97d-d965ccfc6d4b" outcome="Passed" testListId="8c84fa94-04c1-424b-9868-57a2d4851a1d" relativeResultsDirectory="e042beaf-eba4-4eda-9dea-2618f080b3e4" />
    <UnitTestResult executionId="126636d9-de7a-4533-b2ec-f9c4505f7aab" testId="17b47131-b8c1-0200-d293-b6744f78aa5a" testName="InternalCopyRejectsAnotherFieldEvenWhenLabelsAreEqual" computerName="RTX5070" duration="00:00:00.0317220" startTime="2026-10-04T17:37:54.9974393+09:00" endTime="2026-10-04T17:37:55.0291610+09:00" testType="13cdc9d9-ddb5-4fa4-a97d-d965ccfc6d4b" outcome="Passed" testListId="8c84fa94-04c1-424b-9868-57a2d4851a1d" relativeResultsDirectory="126636d9-de7a-4533-b2ec-f9c4505f7aab" />
    <UnitTestResult executionId="93e8779e-c61b-425b-9d34-86a0c4ae5c2a" testId="191c2ae7-12b0-d80c-25a0-2c3f78bd3189" testName="CopyingActualHoursRetainsEachTargetWorkerAndTheEarlierSourceUndo(&quot;fill&quot;)" computerName="RTX5070" duration="00:00:00.0046470" startTime="2026-10-04T17:37:56.6873463+09:00" endTime="2026-10-04T17:37:56.6919929+09:00" testType="13cdc9d9-ddb5-4fa4-a97d-d965ccfc6d4b" outcome="Passed" testListId="8c84fa94-04c1-424b-9868-57a2d4851a1d" relativeResultsDirectory="93e8779e-c61b-425b-9d34-86a0c4ae5c2a" />
    <UnitTestResult executionId="2bbcbb61-9d1b-4cdf-89f1-eb0de25969cc" testId="17c9e5af-4372-3b80-9db3-11c1ac9f5071" testName="ActualRectangleCannotAlsoWriteUnrelatedFields" computerName="RTX5070" duration="00:00:00.0057730" startTime="2026-10-04T17:37:56.6815031+09:00" endTime="2026-10-04T17:37:56.6872756+09:00" testType="13cdc9d9-ddb5-4fa4-a97d-d965ccfc6d4b" outcome="Passed" testListId="8c84fa94-04c1-424b-9868-57a2d4851a1d" relativeResultsDirectory="2bbcbb61-9d1b-4cdf-89f1-eb0de25969cc" />
    <UnitTestResult executionId="33d115fe-bbfd-44b0-8adc-dfe81b749b8f" testId="67684d73-6460-e4bf-f9dd-32ecac21214c" testName="InvalidMiddleDestinationRejectsAllAndIdentifiesTheTarget(&quot;conflict&quot;)" computerName="RTX5070" duration="00:00:00.0154140" startTime="2026-10-04T17:37:55.0311121+09:00" endTime="2026-10-04T17:37:55.0465261+09:00" testType="13cdc9d9-ddb5-4fa4-a97d-d965ccfc6d4b" outcome="Passed" testListId="8c84fa94-04c1-424b-9868-57a2d4851a1d" relativeResultsDirectory="33d115fe-bbfd-44b0-8adc-dfe81b749b8f" />
    <UnitTestResult executionId="ae699eca-cf35-4906-8b97-faba80d047b0" testId="f2936247-9355-4fc7-088d-b7c2f23cf3e2" testName="LocalSourceBufferAddedAfterCopyRejectsBroadcastWithoutDiscardingIt" computerName="RTX5070" duration="00:00:00.0087300" startTime="2026-10-04T17:37:55.0474980+09:00" endTime="2026-10-04T17:37:55.0562277+09:00" testType="13cdc9d9-ddb5-4fa4-a97d-d965ccfc6d4b" outcome="Passed" testListId="8c84fa94-04c1-424b-9868-57a2d4851a1d" relativeResultsDirectory="ae699eca-cf35-4906-8b97-faba80d047b0" />
    <UnitTestResult executionId="baef0e2f-7e8a-4cc9-9e6b-fa0b1ee8bfb3" testId="e859d70f-80d1-c065-578a-138edc2bcc21" testName="InvalidMiddleDestinationRejectsAllAndIdentifiesTheTarget(&quot;readonly&quot;)" computerName="RTX5070" duration="00:00:00.0005770" startTime="2026-10-04T17:37:55.0302164+09:00" endTime="2026-10-04T17:37:55.0307931+09:00" testType="13cdc9d9-ddb5-4fa4-a97d-d965ccfc6d4b" outcome="Passed" testListId="8c84fa94-04c1-424b-9868-57a2d4851a1d" relativeResultsDirectory="baef0e2f-7e8a-4cc9-9e6b-fa0b1ee8bfb3" />
    <UnitTestResult executionId="95785924-01c9-446a-b1bc-2ce379788af0" testId="2eb1c6cc-e93d-eac0-ada3-b1eb9a3a56e1" testName="InvalidWeeklyDestinationRejectsTheWholeRectangleAndPreservesInputAndHistory(&quot;pending-actual&quot;)" computerName="RTX5070" duration="00:00:00.0013580" startTime="2026-10-04T17:37:56.7037296+09:00" endTime="2026-10-04T17:37:56.7050871+09:00" testType="13cdc9d9-ddb5-4fa4-a97d-d965ccfc6d4b" outcome="Passed" testListId="8c84fa94-04c1-424b-9868-57a2d4851a1d" relativeResultsDirectory="95785924-01c9-446a-b1bc-2ce379788af0" />
    <UnitTestResult executionId="e52925cb-67dd-4c19-ae2b-336889bea265" testId="861603d7-3815-e3ca-904c-0c84e3a716ce" testName="SelectedPasteRequiresMatchingShapeOrSingleColumnBroadcast(3,1,&quot;Done&quot;,True)" computerName="RTX5070" duration="00:00:00.0000349" startTime="2026-10-04T17:37:55.0626140+09:00" endTime="2026-10-04T17:37:55.0626484+09:00" testType="13cdc9d9-ddb5-4fa4-a97d-d965ccfc6d4b" outcome="Passed" testListId="8c84fa94-04c1-424b-9868-57a2d4851a1d" relativeResultsDirectory="e52925cb-67dd-4c19-ae2b-336889bea265" />
  </Results>
  <TestDefinitions>
    <UnitTest name="TenRowsKeepSourceEditSeparateFromOneBulkUndoAfterDurableReload(&quot;down&quot;)" storage="c:\users\mwam0\.copilot\repos\gh-projects-boards\testresults\polish-20261004\bulk-tests\ghprojectsboards.tests.dll" id="a9b005aa-e79c-0f5c-c46a-63e5fdbaab37">
      <Execution id="aff8c2c0-e48d-4507-81ba-36d1f395d363" />
      <TestMethod codeBase="C:\Users\mwam0\.copilot\repos\gh-projects-boards\TestResults\polish-20261004\bulk-tests\GhProjectsBoards.Tests.dll" adapterTypeName="executor://nunit3testexecutor/" className="GhProjectsBoards.Tests.BulkEditingTests" name="TenRowsKeepSourceEditSeparateFromOneBulkUndoAfterDurableReload(&quot;down&quot;)" />
    </UnitTest>
    <UnitTest name="InvalidWeeklyDestinationRejectsTheWholeRectangleAndPreservesInputAndHistory(&quot;pending-remaining&quot;)" storage="c:\users\mwam0\.copilot\repos\gh-projects-boards\testresults\polish-20261004\bulk-tests\ghprojectsboards.tests.dll" id="d1719b94-6c66-7a91-6834-b740c97fa522">
      <Execution id="81e8889c-004d-4ede-b3ce-b2d71093fdf5" />
      <TestMethod codeBase="C:\Users\mwam0\.copilot\repos\gh-projects-boards\TestResults\polish-20261004\bulk-tests\GhProjectsBoards.Tests.dll" adapterTypeName="executor://nunit3testexecutor/" className="GhProjectsBoards.Tests.WeeklyBulkEditingTests" name="InvalidWeeklyDestinationRejectsTheWholeRectangleAndPreservesInputAndHistory(&quot;pending-remaining&quot;)" />
    </UnitTest>
    <UnitTest name="ActualRectangleCannotAlsoWriteUnrelatedFields" storage="c:\users\mwam0\.copilot\repos\gh-projects-boards\testresults\polish-20261004\bulk-tests\ghprojectsboards.tests.dll" id="17c9e5af-4372-3b80-9db3-11c1ac9f5071">
      <Execution id="2bbcbb61-9d1b-4cdf-89f1-eb0de25969cc" />
      <TestMethod codeBase="C:\Users\mwam0\.copilot\repos\gh-projects-boards\TestResults\polish-20261004\bulk-tests\GhProjectsBoards.Tests.dll" adapterTypeName="executor://nunit3testexecutor/" className="GhProjectsBoards.Tests.WeeklyBulkEditingTests" name="ActualRectangleCannotAlsoWriteUnrelatedFields" />
    </UnitTest>
    <UnitTest name="SelectedPasteRequiresMatchingShapeOrSingleColumnBroadcast(2,2,&quot;Done&quot;,False)" storage="c:\users\mwam0\.copilot\repos\gh-projects-boards\testresults\polish-20261004\bulk-tests\ghprojectsboards.tests.dll" id="42ec1211-f9e2-5f40-0faa-e4cf54d9c0d3">
      <Execution id="15003ee2-b0e7-4e87-be50-f7943f196b7e" />
      <TestMethod codeBase="C:\Users\mwam0\.copilot\repos\gh-projects-boards\TestResults\polish-20261004\bulk-tests\GhProjectsBoards.Tests.dll" adapterTypeName="executor://nunit3testexecutor/" className="GhProjectsBoards.Tests.BulkEditingTests" name="SelectedPasteRequiresMatchingShapeOrSingleColumnBroadcast(2,2,&quot;Done&quot;,False)" />
    </UnitTest>
    <UnitTest name="SelectedPasteRequiresMatchingShapeOrSingleColumnBroadcast(3,1,&quot;&quot;,True)" storage="c:\users\mwam0\.copilot\repos\gh-projects-boards\testresults\polish-20261004\bulk-tests\ghprojectsboards.tests.dll" id="037481d2-72e4-718b-bb74-812aacdc6142">
      <Execution id="32c253eb-0885-4902-aee0-129ce48addbc" />
      <TestMethod codeBase="C:\Users\mwam0\.copilot\repos\gh-projects-boards\TestResults\polish-20261004\bulk-tests\GhProjectsBoards.Tests.dll" adapterTypeName="executor://nunit3testexecutor/" className="GhProjectsBoards.Tests.BulkEditingTests" name="SelectedPasteRequiresMatchingShapeOrSingleColumnBroadcast(3,1,&quot;&quot;,True)" />
    </UnitTest>
    <UnitTest name="SelectedPasteRequiresMatchingShapeOrSingleColumnBroadcast(3,1,&quot;Done\nTodo&quot;,False)" storage="c:\users\mwam0\.copilot\repos\gh-projects-boards\testresults\polish-20261004\bulk-tests\ghprojectsboards.tests.dll" id="5704bbc7-f793-f337-16c3-4575d9b25a17">
      <Execution id="19c74daf-3361-498e-8ac8-d508ea3a0f6b" />
      <TestMethod codeBase="C:\Users\mwam0\.copilot\repos\gh-projects-boards\TestResults\polish-20261004\bulk-tests\GhProjectsBoards.Tests.dll" adapterTypeName="executor://nunit3testexecutor/" className="GhProjectsBoards.Tests.BulkEditingTests" name="SelectedPasteRequiresMatchingShapeOrSingleColumnBroadcast(3,1,&quot;Done\nTodo&quot;,False)" />
    </UnitTest>
    <UnitTest name="CompoundConfirmationRejectsScalarConsumptionWithoutItsExactValueWrite(&quot;other-row&quot;)" storage="c:\users\mwam0\.copilot\repos\gh-projects-boards\testresults\polish-20261004\bulk-tests\ghprojectsboards.tests.dll" id="c8e58be6-bae8-9e0e-da8b-c0967ef04d1b">
      <Execution id="a7a54dee-e363-4392-9213-8c6349f424e7" />
      <TestMethod codeBase="C:\Users\mwam0\.copilot\repos\gh-projects-boards\TestResults\polish-20261004\bulk-tests\GhProjectsBoards.Tests.dll" adapterTypeName="executor://nunit3testexecutor/" className="GhProjectsBoards.Tests.PlanningCellInputTests" name="CompoundConfirmationRejectsScalarConsumptionWithoutItsExactValueWrite(&quot;other-row&quot;)" />
    </UnitTest>
    <UnitTest name="InvalidMiddleDestinationRejectsAllAndIdentifiesTheTarget(&quot;pending&quot;)" storage="c:\users\mwam0\.copilot\repos\gh-projects-boards\testresults\polish-20261004\bulk-tests\ghprojectsboards.tests.dll" id="04732f0f-3ba5-f0da-e9cf-0c75538df444">
      <Execution id="8dc19f32-2d41-49e1-9399-e705dc937291" />
      <TestMethod codeBase="C:\Users\mwam0\.copilot\repos\gh-projects-boards\TestResults\polish-20261004\bulk-tests\GhProjectsBoards.Tests.dll" adapterTypeName="executor://nunit3testexecutor/" className="GhProjectsBoards.Tests.BulkEditingTests" name="InvalidMiddleDestinationRejectsAllAndIdentifiesTheTarget(&quot;pending&quot;)" />
    </UnitTest>
    <UnitTest name="InvalidMiddleDestinationRejectsAllAndIdentifiesTheTarget(&quot;conflict&quot;)" storage="c:\users\mwam0\.copilot\repos\gh-projects-boards\testresults\polish-20261004\bulk-tests\ghprojectsboards.tests.dll" id="67684d73-6460-e4bf-f9dd-32ecac21214c">
      <Execution id="33d115fe-bbfd-44b0-8adc-dfe81b749b8f" />
      <TestMethod codeBase="C:\Users\mwam0\.copilot\repos\gh-projects-boards\TestResults\polish-20261004\bulk-tests\GhProjectsBoards.Tests.dll" adapterTypeName="executor://nunit3testexecutor/" className="GhProjectsBoards.Tests.BulkEditingTests" name="InvalidMiddleDestinationRejectsAllAndIdentifiesTheTarget(&quot;conflict&quot;)" />
    </UnitTest>
    <UnitTest name="CompoundConfirmationRejectsScalarConsumptionWithoutItsExactValueWrite(&quot;missing&quot;)" storage="c:\users\mwam0\.copilot\repos\gh-projects-boards\testresults\polish-20261004\bulk-tests\ghprojectsboards.tests.dll" id="2e40172f-bb11-bb03-915a-f18e5f431965">
      <Execution id="7c2b847a-ddb9-460f-aeee-95cae467e184" />
      <TestMethod codeBase="C:\Users\mwam0\.copilot\repos\gh-projects-boards\TestResults\polish-20261004\bulk-tests\GhProjectsBoards.Tests.dll" adapterTypeName="executor://nunit3testexecutor/" className="GhProjectsBoards.Tests.PlanningCellInputTests" name="CompoundConfirmationRejectsScalarConsumptionWithoutItsExactValueWrite(&quot;missing&quot;)" />
    </UnitTest>
    <UnitTest name="InvalidMiddleDestinationRejectsAllAndIdentifiesTheTarget(&quot;readonly&quot;)" storage="c:\users\mwam0\.copilot\repos\gh-projects-boards\testresults\polish-20261004\bulk-tests\ghprojectsboards.tests.dll" id="e859d70f-80d1-c065-578a-138edc2bcc21">
      <Execution id="baef0e2f-7e8a-4cc9-9e6b-fa0b1ee8bfb3" />
      <TestMethod codeBase="C:\Users\mwam0\.copilot\repos\gh-projects-boards\TestResults\polish-20261004\bulk-tests\GhProjectsBoards.Tests.dll" adapterTypeName="executor://nunit3testexecutor/" className="GhProjectsBoards.Tests.BulkEditingTests" name="InvalidMiddleDestinationRejectsAllAndIdentifiesTheTarget(&quot;readonly&quot;)" />
    </UnitTest>
    <UnitTest name="CompoundConfirmationRejectsScalarConsumptionWithoutItsExactValueWrite(&quot;other-role&quot;)" storage="c:\users\mwam0\.copilot\repos\gh-projects-boards\testresults\polish-20261004\bulk-tests\ghprojectsboards.tests.dll" id="a9a7bcbe-eb09-202c-103c-3f95c087803e">
      <Execution id="830da6e6-4ab5-4e35-90d9-3dfcf6d17439" />
      <TestMethod codeBase="C:\Users\mwam0\.copilot\repos\gh-projects-boards\TestResults\polish-20261004\bulk-tests\GhProjectsBoards.Tests.dll" adapterTypeName="executor://nunit3testexecutor/" className="GhProjectsBoards.Tests.PlanningCellInputTests" name="CompoundConfirmationRejectsScalarConsumptionWithoutItsExactValueWrite(&quot;other-role&quot;)" />
    </UnitTest>
    <UnitTest name="AmbiguousOrInvalidCorrectionPreservesAllDraftAndHistoricalState(&quot;worker&quot;)" storage="c:\users\mwam0\.copilot\repos\gh-projects-boards\testresults\polish-20261004\bulk-tests\ghprojectsboards.tests.dll" id="4500a81b-69ba-6f9a-0f84-3d79635200b3">
      <Execution id="bea43fff-f014-4dcc-b881-be21748f353a" />
      <TestMethod codeBase="C:\Users\mwam0\.copilot\repos\gh-projects-boards\TestResults\polish-20261004\bulk-tests\GhProjectsBoards.Tests.dll" adapterTypeName="executor://nunit3testexecutor/" className="GhProjectsBoards.Tests.PlanningCellInputTests" name="AmbiguousOrInvalidCorrectionPreservesAllDraftAndHistoricalState(&quot;worker&quot;)" />
    </UnitTest>
    <UnitTest name="CopyingActualHoursRetainsEachTargetWorkerAndTheEarlierSourceUndo(&quot;fill&quot;)" storage="c:\users\mwam0\.copilot\repos\gh-projects-boards\testresults\polish-20261004\bulk-tests\ghprojectsboards.tests.dll" id="191c2ae7-12b0-d80c-25a0-2c3f78bd3189">
      <Execution id="93e8779e-c61b-425b-9d34-86a0c4ae5c2a" />
      <TestMethod codeBase="C:\Users\mwam0\.copilot\repos\gh-projects-boards\TestResults\polish-20261004\bulk-tests\GhProjectsBoards.Tests.dll" adapterTypeName="executor://nunit3testexecutor/" className="GhProjectsBoards.Tests.WeeklyBulkEditingTests" name="CopyingActualHoursRetainsEachTargetWorkerAndTheEarlierSourceUndo(&quot;fill&quot;)" />
    </UnitTest>
    <UnitTest name="CompatibleRefreshKeepsPendingActualAndAConfirmedCorrectionUpdatesTheMatchingProjection(False)" storage="c:\users\mwam0\.copilot\repos\gh-projects-boards\testresults\polish-20261004\bulk-tests\ghprojectsboards.tests.dll" id="f086173f-bdfc-ff4a-ff6a-0e4a6053decc">
      <Execution id="ffc98d3b-1ea9-440e-81e3-e98eb455b035" />
      <TestMethod codeBase="C:\Users\mwam0\.copilot\repos\gh-projects-boards\TestResults\polish-20261004\bulk-tests\GhProjectsBoards.Tests.dll" adapterTypeName="executor://nunit3testexecutor/" className="GhProjectsBoards.Tests.PlanningCellInputTests" name="CompatibleRefreshKeepsPendingActualAndAConfirmedCorrectionUpdatesTheMatchingProjection(False)" />
    </UnitTest>
    <UnitTest name="WeeklyPrepareAndConfirmPublishOnlyActualAndRemainingAndRetainOtherDraftsAfterReload" storage="c:\users\mwam0\.copilot\repos\gh-projects-boards\testresults\polish-20261004\bulk-tests\ghprojectsboards.tests.dll" id="bc381608-e0d6-45cd-5ec5-93de14da3386">
      <Execution id="ed0107bd-3baa-4bc2-94ca-fffa7d48f9e5" />
      <TestMethod codeBase="C:\Users\mwam0\.copilot\repos\gh-projects-boards\TestResults\polish-20261004\bulk-tests\GhProjectsBoards.Tests.dll" adapterTypeName="executor://nunit3testexecutor/" className="GhProjectsBoards.Tests.WeeklyApplyTests" name="WeeklyPrepareAndConfirmPublishOnlyActualAndRemainingAndRetainOtherDraftsAfterReload" />
    </UnitTest>
    <UnitTest name="InvalidMiddleDestinationRejectsAllAndIdentifiesTheTarget(&quot;option&quot;)" storage="c:\users\mwam0\.copilot\repos\gh-projects-boards\testresults\polish-20261004\bulk-tests\ghprojectsboards.tests.dll" id="65116eb9-2719-64c4-96ec-51bcb8c6dcb2">
      <Execution id="35ae7ff8-a7a2-4a48-b349-81a535c447a0" />
      <TestMethod codeBase="C:\Users\mwam0\.copilot\repos\gh-projects-boards\TestResults\polish-20261004\bulk-tests\GhProjectsBoards.Tests.dll" adapterTypeName="executor://nunit3testexecutor/" className="GhProjectsBoards.Tests.BulkEditingTests" name="InvalidMiddleDestinationRejectsAllAndIdentifiesTheTarget(&quot;option&quot;)" />
    </UnitTest>
    <UnitTest name="SelectedPasteRequiresMatchingShapeOrSingleColumnBroadcast(2,1,&quot;Done\nTodo&quot;,True)" storage="c:\users\mwam0\.copilot\repos\gh-projects-boards\testresults\polish-20261004\bulk-tests\ghprojectsboards.tests.dll" id="79a681aa-9240-7e43-5b48-44cf40c902ec">
      <Execution id="777084e4-23fe-46c5-8b63-45ce707fcfee" />
      <TestMethod codeBase="C:\Users\mwam0\.copilot\repos\gh-projects-boards\TestResults\polish-20261004\bulk-tests\GhProjectsBoards.Tests.dll" adapterTypeName="executor://nunit3testexecutor/" className="GhProjectsBoards.Tests.BulkEditingTests" name="SelectedPasteRequiresMatchingShapeOrSingleColumnBroadcast(2,1,&quot;Done\nTodo&quot;,True)" />
    </UnitTest>
    <UnitTest name="WeeklyReviewUsesMappedIdentityAndRetainsUnavailableSelectedFieldsAsProblems(False)" storage="c:\users\mwam0\.copilot\repos\gh-projects-boards\testresults\polish-20261004\bulk-tests\ghprojectsboards.tests.dll" id="f37ca015-3b4e-1141-16af-ee62c3eacb1a">
      <Execution id="c398a0b1-4542-4661-8436-f4abb18484d6" />
      <TestMethod codeBase="C:\Users\mwam0\.copilot\repos\gh-projects-boards\TestResults\polish-20261004\bulk-tests\GhProjectsBoards.Tests.dll" adapterTypeName="executor://nunit3testexecutor/" className="GhProjectsBoards.Tests.WeeklyApplyTests" name="WeeklyReviewUsesMappedIdentityAndRetainsUnavailableSelectedFieldsAsProblems(False)" />
    </UnitTest>
    <UnitTest name="CompatibleRefreshKeepsPendingActualAndAConfirmedCorrectionUpdatesTheMatchingProjection(True)" storage="c:\users\mwam0\.copilot\repos\gh-projects-boards\testresults\polish-20261004\bulk-tests\ghprojectsboards.tests.dll" id="513d9c18-4f0e-fb8d-9a56-7924b74c4ca9">
      <Execution id="649e1a47-5f1d-4746-a13d-a653e01592eb" />
      <TestMethod codeBase="C:\Users\mwam0\.copilot\repos\gh-projects-boards\TestResults\polish-20261004\bulk-tests\GhProjectsBoards.Tests.dll" adapterTypeName="executor://nunit3testexecutor/" className="GhProjectsBoards.Tests.PlanningCellInputTests" name="CompatibleRefreshKeepsPendingActualAndAConfirmedCorrectionUpdatesTheMatchingProjection(True)" />
    </UnitTest>
    <UnitTest name="CompoundConfirmationConsumesItsExplicitScalarAndActualInputWithoutReopeningThemOnUndo(&quot;Remaining&quot;)" storage="c:\users\mwam0\.copilot\repos\gh-projects-boards\testresults\polish-20261004\bulk-tests\ghprojectsboards.tests.dll" id="253f9889-92f9-7c38-b8c6-ee48cc49c07c">
      <Execution id="222fce46-63c2-46f9-8ac7-3857496c5893" />
      <TestMethod codeBase="C:\Users\mwam0\.copilot\repos\gh-projects-boards\TestResults\polish-20261004\bulk-tests\GhProjectsBoards.Tests.dll" adapterTypeName="executor://nunit3testexecutor/" className="GhProjectsBoards.Tests.PlanningCellInputTests" name="CompoundConfirmationConsumesItsExplicitScalarAndActualInputWithoutReopeningThemOnUndo(&quot;Remaining&quot;)" />
    </UnitTest>
    <UnitTest name="AmbiguousOrInvalidCorrectionPreservesAllDraftAndHistoricalState(&quot;revision&quot;)" storage="c:\users\mwam0\.copilot\repos\gh-projects-boards\testresults\polish-20261004\bulk-tests\ghprojectsboards.tests.dll" id="9d33d455-34c1-0629-27a2-57f5eacd37ac">
      <Execution id="39b0c146-4364-4237-a670-ea401c07ad53" />
      <TestMethod codeBase="C:\Users\mwam0\.copilot\repos\gh-projects-boards\TestResults\polish-20261004\bulk-tests\GhProjectsBoards.Tests.dll" adapterTypeName="executor://nunit3testexecutor/" className="GhProjectsBoards.Tests.PlanningCellInputTests" name="AmbiguousOrInvalidCorrectionPreservesAllDraftAndHistoricalState(&quot;revision&quot;)" />
    </UnitTest>
    <UnitTest name="InternalDuplicateLabelCopiesTheOptionIdAndExternalLabelRemainsAmbiguous" storage="c:\users\mwam0\.copilot\repos\gh-projects-boards\testresults\polish-20261004\bulk-tests\ghprojectsboards.tests.dll" id="3061bc08-55fa-9fbe-834e-60cfbaede4ad">
      <Execution id="663d84c2-ad64-4b96-8f8a-998465ec5a49" />
      <TestMethod codeBase="C:\Users\mwam0\.copilot\repos\gh-projects-boards\TestResults\polish-20261004\bulk-tests\GhProjectsBoards.Tests.dll" adapterTypeName="executor://nunit3testexecutor/" className="GhProjectsBoards.Tests.BulkEditingTests" name="InternalDuplicateLabelCopiesTheOptionIdAndExternalLabelRemainsAmbiguous" />
    </UnitTest>
    <UnitTest name="MixedExistingAndLocalFillIsOneAtomicUndoAndRetainsLocalIdentity" storage="c:\users\mwam0\.copilot\repos\gh-projects-boards\testresults\polish-20261004\bulk-tests\ghprojectsboards.tests.dll" id="7a4461bc-e673-fe08-bc34-ac717f6d5cde">
      <Execution id="066af1b3-c231-46f6-9a63-b6d64635c26a" />
      <TestMethod codeBase="C:\Users\mwam0\.copilot\repos\gh-projects-boards\TestResults\polish-20261004\bulk-tests\GhProjectsBoards.Tests.dll" adapterTypeName="executor://nunit3testexecutor/" className="GhProjectsBoards.Tests.BulkEditingTests" name="MixedExistingAndLocalFillIsOneAtomicUndoAndRetainsLocalIdentity" />
    </UnitTest>
    <UnitTest name="InvalidWeeklyDestinationRejectsTheWholeRectangleAndPreservesInputAndHistory(&quot;missing-worker&quot;)" storage="c:\users\mwam0\.copilot\repos\gh-projects-boards\testresults\polish-20261004\bulk-tests\ghprojectsboards.tests.dll" id="7acc0d19-bb14-b072-a664-c5bd15742179">
      <Execution id="9b500a24-01a0-446a-bb1e-023bb5d26fae" />
      <TestMethod codeBase="C:\Users\mwam0\.copilot\repos\gh-projects-boards\TestResults\polish-20261004\bulk-tests\GhProjectsBoards.Tests.dll" adapterTypeName="executor://nunit3testexecutor/" className="GhProjectsBoards.Tests.WeeklyBulkEditingTests" name="InvalidWeeklyDestinationRejectsTheWholeRectangleAndPreservesInputAndHistory(&quot;missing-worker&quot;)" />
    </UnitTest>
    <UnitTest name="EqualCommittedValueDoesNotCreateDifferenceRevisionOrUndo" storage="c:\users\mwam0\.copilot\repos\gh-projects-boards\testresults\polish-20261004\bulk-tests\ghprojectsboards.tests.dll" id="1f38115a-e491-180a-6a06-d7211cb7f103">
      <Execution id="af0e156c-e553-45b6-bcfd-df19423e2add" />
      <TestMethod codeBase="C:\Users\mwam0\.copilot\repos\gh-projects-boards\TestResults\polish-20261004\bulk-tests\GhProjectsBoards.Tests.dll" adapterTypeName="executor://nunit3testexecutor/" className="GhProjectsBoards.Tests.BulkEditingTests" name="EqualCommittedValueDoesNotCreateDifferenceRevisionOrUndo" />
    </UnitTest>
    <UnitTest name="WeeklyReviewCannotSelectNewIssueCreation" storage="c:\users\mwam0\.copilot\repos\gh-projects-boards\testresults\polish-20261004\bulk-tests\ghprojectsboards.tests.dll" id="93b6d719-6cc8-bdaa-3d73-e7827ac490f5">
      <Execution id="d6788e82-aef3-43e7-a68a-ec5baf5b0245" />
      <TestMethod codeBase="C:\Users\mwam0\.copilot\repos\gh-projects-boards\TestResults\polish-20261004\bulk-tests\GhProjectsBoards.Tests.dll" adapterTypeName="executor://nunit3testexecutor/" className="GhProjectsBoards.Tests.WeeklyApplyTests" name="WeeklyReviewCannotSelectNewIssueCreation" />
    </UnitTest>
    <UnitTest name="WeeklyReviewExcludesOtherChangedFieldsAndDoesNotAlterTheDraft" storage="c:\users\mwam0\.copilot\repos\gh-projects-boards\testresults\polish-20261004\bulk-tests\ghprojectsboards.tests.dll" id="36202419-f4c9-2685-6d60-74381504dd1c">
      <Execution id="c71004f5-f6f0-4c86-a046-f9d7a8289852" />
      <TestMethod codeBase="C:\Users\mwam0\.copilot\repos\gh-projects-boards\TestResults\polish-20261004\bulk-tests\GhProjectsBoards.Tests.dll" adapterTypeName="executor://nunit3testexecutor/" className="GhProjectsBoards.Tests.WeeklyApplyTests" name="WeeklyReviewExcludesOtherChangedFieldsAndDoesNotAlterTheDraft" />
    </UnitTest>
    <UnitTest name="RepeatingLocalSelectValuePreservesOrderRevisionAndUndo" storage="c:\users\mwam0\.copilot\repos\gh-projects-boards\testresults\polish-20261004\bulk-tests\ghprojectsboards.tests.dll" id="303ed96c-a3b5-9627-522b-f00fa914e9d6">
      <Execution id="79512125-1c81-403a-aa4d-5a97b20d4d17" />
      <TestMethod codeBase="C:\Users\mwam0\.copilot\repos\gh-projects-boards\TestResults\polish-20261004\bulk-tests\GhProjectsBoards.Tests.dll" adapterTypeName="executor://nunit3testexecutor/" className="GhProjectsBoards.Tests.BulkEditingTests" name="RepeatingLocalSelectValuePreservesOrderRevisionAndUndo" />
    </UnitTest>
    <UnitTest name="DatedCorrectionKeepsHistoricalWorkerIndependentWorkAndRestorableUndo(&quot;0&quot;,&quot;0&quot;)" storage="c:\users\mwam0\.copilot\repos\gh-projects-boards\testresults\polish-20261004\bulk-tests\ghprojectsboards.tests.dll" id="03d04505-7e82-d6da-f100-69bb248458ac">
      <Execution id="f90edbf8-9f39-4fb2-ba12-6aa26a69fda2" />
      <TestMethod codeBase="C:\Users\mwam0\.copilot\repos\gh-projects-boards\TestResults\polish-20261004\bulk-tests\GhProjectsBoards.Tests.dll" adapterTypeName="executor://nunit3testexecutor/" className="GhProjectsBoards.Tests.PlanningCellInputTests" name="DatedCorrectionKeepsHistoricalWorkerIndependentWorkAndRestorableUndo(&quot;0&quot;,&quot;0&quot;)" />
    </UnitTest>
    <UnitTest name="WeeklyInternalRectangleRejectsUnfinishedSourceInputAddedAfterCopy" storage="c:\users\mwam0\.copilot\repos\gh-projects-boards\testresults\polish-20261004\bulk-tests\ghprojectsboards.tests.dll" id="58d1a6e0-f1ce-0224-bce3-e303473994d4">
      <Execution id="a7835ee3-2e58-4461-9d9d-154c937840e1" />
      <TestMethod codeBase="C:\Users\mwam0\.copilot\repos\gh-projects-boards\TestResults\polish-20261004\bulk-tests\GhProjectsBoards.Tests.dll" adapterTypeName="executor://nunit3testexecutor/" className="GhProjectsBoards.Tests.WeeklyBulkEditingTests" name="WeeklyInternalRectangleRejectsUnfinishedSourceInputAddedAfterCopy" />
    </UnitTest>
    <UnitTest name="InvalidWeeklyDestinationRejectsTheWholeRectangleAndPreservesInputAndHistory(&quot;date&quot;)" storage="c:\users\mwam0\.copilot\repos\gh-projects-boards\testresults\polish-20261004\bulk-tests\ghprojectsboards.tests.dll" id="1dd1314e-488a-68d6-1b22-651d15296b96">
      <Execution id="e448e286-a606-471c-966f-468d98e008e1" />
      <TestMethod codeBase="C:\Users\mwam0\.copilot\repos\gh-projects-boards\TestResults\polish-20261004\bulk-tests\GhProjectsBoards.Tests.dll" adapterTypeName="executor://nunit3testexecutor/" className="GhProjectsBoards.Tests.WeeklyBulkEditingTests" name="InvalidWeeklyDestinationRejectsTheWholeRectangleAndPreservesInputAndHistory(&quot;date&quot;)" />
    </UnitTest>
    <UnitTest name="CopyingActualHoursRetainsEachTargetWorkerAndTheEarlierSourceUndo(&quot;down&quot;)" storage="c:\users\mwam0\.copilot\repos\gh-projects-boards\testresults\polish-20261004\bulk-tests\ghprojectsboards.tests.dll" id="a26e2d16-510e-31d1-462f-81c7a83d5882">
      <Execution id="4fa4c947-a8f3-43e5-941b-0e5639fd0fe2" />
      <TestMethod codeBase="C:\Users\mwam0\.copilot\repos\gh-projects-boards\TestResults\polish-20261004\bulk-tests\GhProjectsBoards.Tests.dll" adapterTypeName="executor://nunit3testexecutor/" className="GhProjectsBoards.Tests.WeeklyBulkEditingTests" name="CopyingActualHoursRetainsEachTargetWorkerAndTheEarlierSourceUndo(&quot;down&quot;)" />
    </UnitTest>
    <UnitTest name="AmbiguousOrInvalidCorrectionPreservesAllDraftAndHistoricalState(&quot;invalid&quot;)" storage="c:\users\mwam0\.copilot\repos\gh-projects-boards\testresults\polish-20261004\bulk-tests\ghprojectsboards.tests.dll" id="da772803-04df-35be-5642-c1e3529122d8">
      <Execution id="9ce70589-bd89-4fcd-923f-3d4c9ac349ff" />
      <TestMethod codeBase="C:\Users\mwam0\.copilot\repos\gh-projects-boards\TestResults\polish-20261004\bulk-tests\GhProjectsBoards.Tests.dll" adapterTypeName="executor://nunit3testexecutor/" className="GhProjectsBoards.Tests.PlanningCellInputTests" name="AmbiguousOrInvalidCorrectionPreservesAllDraftAndHistoricalState(&quot;invalid&quot;)" />
    </UnitTest>
    <UnitTest name="EmptyOrPendingSourceCannotFillAndBaselineReturnRemovesDifferences" storage="c:\users\mwam0\.copilot\repos\gh-projects-boards\testresults\polish-20261004\bulk-tests\ghprojectsboards.tests.dll" id="87588b68-f812-9e61-600f-7294d74a53ba">
      <Execution id="aa17f39c-9019-49ae-a859-023c98c2a80f" />
      <TestMethod codeBase="C:\Users\mwam0\.copilot\repos\gh-projects-boards\TestResults\polish-20261004\bulk-tests\GhProjectsBoards.Tests.dll" adapterTypeName="executor://nunit3testexecutor/" className="GhProjectsBoards.Tests.BulkEditingTests" name="EmptyOrPendingSourceCannotFillAndBaselineReturnRemovesDifferences" />
    </UnitTest>
    <UnitTest name="SelectedPasteRequiresMatchingShapeOrSingleColumnBroadcast(2,1,&quot;Done\tTodo\nTodo\tDone&quot;,False)" storage="c:\users\mwam0\.copilot\repos\gh-projects-boards\testresults\polish-20261004\bulk-tests\ghprojectsboards.tests.dll" id="b0dcc4fc-a81f-7e29-1046-6e6d39d3c91b">
      <Execution id="71b63faf-3225-4083-a6b2-c85b85472192" />
      <TestMethod codeBase="C:\Users\mwam0\.copilot\repos\gh-projects-boards\TestResults\polish-20261004\bulk-tests\GhProjectsBoards.Tests.dll" adapterTypeName="executor://nunit3testexecutor/" className="GhProjectsBoards.Tests.BulkEditingTests" name="SelectedPasteRequiresMatchingShapeOrSingleColumnBroadcast(2,1,&quot;Done\tTodo\nTodo\tDone&quot;,False)" />
    </UnitTest>
    <UnitTest name="AmbiguousOrInvalidCorrectionPreservesAllDraftAndHistoricalState(&quot;multiple&quot;)" storage="c:\users\mwam0\.copilot\repos\gh-projects-boards\testresults\polish-20261004\bulk-tests\ghprojectsboards.tests.dll" id="d0ba7848-c46f-0621-fedd-1f249ea9ba97">
      <Execution id="19ff4999-1ae6-4bec-9add-3fee124dd111" />
      <TestMethod codeBase="C:\Users\mwam0\.copilot\repos\gh-projects-boards\TestResults\polish-20261004\bulk-tests\GhProjectsBoards.Tests.dll" adapterTypeName="executor://nunit3testexecutor/" className="GhProjectsBoards.Tests.PlanningCellInputTests" name="AmbiguousOrInvalidCorrectionPreservesAllDraftAndHistoricalState(&quot;multiple&quot;)" />
    </UnitTest>
    <UnitTest name="TenRowsKeepSourceEditSeparateFromOneBulkUndoAfterDurableReload(&quot;paste&quot;)" storage="c:\users\mwam0\.copilot\repos\gh-projects-boards\testresults\polish-20261004\bulk-tests\ghprojectsboards.tests.dll" id="a33e8efa-1838-c448-de66-5a57459d5ebd">
      <Execution id="e49f0d93-0898-44b7-9a6f-c9015166a660" />
      <TestMethod codeBase="C:\Users\mwam0\.copilot\repos\gh-projects-boards\TestResults\polish-20261004\bulk-tests\GhProjectsBoards.Tests.dll" adapterTypeName="executor://nunit3testexecutor/" className="GhProjectsBoards.Tests.BulkEditingTests" name="TenRowsKeepSourceEditSeparateFromOneBulkUndoAfterDurableReload(&quot;paste&quot;)" />
    </UnitTest>
    <UnitTest name="AmbiguousOrInvalidCorrectionPreservesAllDraftAndHistoricalState(&quot;date&quot;)" storage="c:\users\mwam0\.copilot\repos\gh-projects-boards\testresults\polish-20261004\bulk-tests\ghprojectsboards.tests.dll" id="04c81fac-a2f4-33cb-4d13-718c4abc6f3f">
      <Execution id="466cc635-ebfe-4c6e-aca7-26622c523c9f" />
      <TestMethod codeBase="C:\Users\mwam0\.copilot\repos\gh-projects-boards\TestResults\polish-20261004\bulk-tests\GhProjectsBoards.Tests.dll" adapterTypeName="executor://nunit3testexecutor/" className="GhProjectsBoards.Tests.PlanningCellInputTests" name="AmbiguousOrInvalidCorrectionPreservesAllDraftAndHistoricalState(&quot;date&quot;)" />
    </UnitTest>
    <UnitTest name="WeeklyReviewUsesMappedIdentityAndRetainsUnavailableSelectedFieldsAsProblems(True)" storage="c:\users\mwam0\.copilot\repos\gh-projects-boards\testresults\polish-20261004\bulk-tests\ghprojectsboards.tests.dll" id="a5267826-6e85-7b26-f3b3-f197b638444f">
      <Execution id="1e93fd93-0bc6-4cd5-9236-32a039ea1a15" />
      <TestMethod codeBase="C:\Users\mwam0\.copilot\repos\gh-projects-boards\TestResults\polish-20261004\bulk-tests\GhProjectsBoards.Tests.dll" adapterTypeName="executor://nunit3testexecutor/" className="GhProjectsBoards.Tests.WeeklyApplyTests" name="WeeklyReviewUsesMappedIdentityAndRetainsUnavailableSelectedFieldsAsProblems(True)" />
    </UnitTest>
    <UnitTest name="CopyingActualHoursRetainsEachTargetWorkerAndTheEarlierSourceUndo(&quot;broadcast&quot;)" storage="c:\users\mwam0\.copilot\repos\gh-projects-boards\testresults\polish-20261004\bulk-tests\ghprojectsboards.tests.dll" id="69a1e39e-df5d-057d-66cd-6fe733ba63f7">
      <Execution id="9289ce8c-69cf-4670-9d05-b1596d89e846" />
      <TestMethod codeBase="C:\Users\mwam0\.copilot\repos\gh-projects-boards\TestResults\polish-20261004\bulk-tests\GhProjectsBoards.Tests.dll" adapterTypeName="executor://nunit3testexecutor/" className="GhProjectsBoards.Tests.WeeklyBulkEditingTests" name="CopyingActualHoursRetainsEachTargetWorkerAndTheEarlierSourceUndo(&quot;broadcast&quot;)" />
    </UnitTest>
    <UnitTest name="LocalSourceBufferAddedAfterCopyRejectsBroadcastWithoutDiscardingIt" storage="c:\users\mwam0\.copilot\repos\gh-projects-boards\testresults\polish-20261004\bulk-tests\ghprojectsboards.tests.dll" id="f2936247-9355-4fc7-088d-b7c2f23cf3e2">
      <Execution id="ae699eca-cf35-4906-8b97-faba80d047b0" />
      <TestMethod codeBase="C:\Users\mwam0\.copilot\repos\gh-projects-boards\TestResults\polish-20261004\bulk-tests\GhProjectsBoards.Tests.dll" adapterTypeName="executor://nunit3testexecutor/" className="GhProjectsBoards.Tests.BulkEditingTests" name="LocalSourceBufferAddedAfterCopyRejectsBroadcastWithoutDiscardingIt" />
    </UnitTest>
    <UnitTest name="InternalCopyRejectsAnotherFieldEvenWhenLabelsAreEqual" storage="c:\users\mwam0\.copilot\repos\gh-projects-boards\testresults\polish-20261004\bulk-tests\ghprojectsboards.tests.dll" id="17b47131-b8c1-0200-d293-b6744f78aa5a">
      <Execution id="126636d9-de7a-4533-b2ec-f9c4505f7aab" />
      <TestMethod codeBase="C:\Users\mwam0\.copilot\repos\gh-projects-boards\TestResults\polish-20261004\bulk-tests\GhProjectsBoards.Tests.dll" adapterTypeName="executor://nunit3testexecutor/" className="GhProjectsBoards.Tests.BulkEditingTests" name="InternalCopyRejectsAnotherFieldEvenWhenLabelsAreEqual" />
    </UnitTest>
    <UnitTest name="InvalidWeeklyDestinationRejectsTheWholeRectangleAndPreservesInputAndHistory(&quot;pending-actual&quot;)" storage="c:\users\mwam0\.copilot\repos\gh-projects-boards\testresults\polish-20261004\bulk-tests\ghprojectsboards.tests.dll" id="2eb1c6cc-e93d-eac0-ada3-b1eb9a3a56e1">
      <Execution id="95785924-01c9-446a-b1bc-2ce379788af0" />
      <TestMethod codeBase="C:\Users\mwam0\.copilot\repos\gh-projects-boards\TestResults\polish-20261004\bulk-tests\GhProjectsBoards.Tests.dll" adapterTypeName="executor://nunit3testexecutor/" className="GhProjectsBoards.Tests.WeeklyBulkEditingTests" name="InvalidWeeklyDestinationRejectsTheWholeRectangleAndPreservesInputAndHistory(&quot;pending-actual&quot;)" />
    </UnitTest>
    <UnitTest name="NewSingleWorkerIsProposedButUnknownAndExplicitRemovalRemainDifferentFromZero" storage="c:\users\mwam0\.copilot\repos\gh-projects-boards\testresults\polish-20261004\bulk-tests\ghprojectsboards.tests.dll" id="3bf5f3c3-fd15-0e47-2f40-84effe281e09">
      <Execution id="ee671b25-ba3b-4f82-8c07-399c90e73386" />
      <TestMethod codeBase="C:\Users\mwam0\.copilot\repos\gh-projects-boards\TestResults\polish-20261004\bulk-tests\GhProjectsBoards.Tests.dll" adapterTypeName="executor://nunit3testexecutor/" className="GhProjectsBoards.Tests.PlanningCellInputTests" name="NewSingleWorkerIsProposedButUnknownAndExplicitRemovalRemainDifferentFromZero" />
    </UnitTest>
    <UnitTest name="DatedCorrectionKeepsHistoricalWorkerIndependentWorkAndRestorableUndo(&quot;7&quot;,&quot;7&quot;)" storage="c:\users\mwam0\.copilot\repos\gh-projects-boards\testresults\polish-20261004\bulk-tests\ghprojectsboards.tests.dll" id="ae623d98-cc50-97e7-baae-ec36f6854d28">
      <Execution id="ea5b2b97-c470-4743-9ea7-7e4c9ba0e444" />
      <TestMethod codeBase="C:\Users\mwam0\.copilot\repos\gh-projects-boards\TestResults\polish-20261004\bulk-tests\GhProjectsBoards.Tests.dll" adapterTypeName="executor://nunit3testexecutor/" className="GhProjectsBoards.Tests.PlanningCellInputTests" name="DatedCorrectionKeepsHistoricalWorkerIndependentWorkAndRestorableUndo(&quot;7&quot;,&quot;7&quot;)" />
    </UnitTest>
    <UnitTest name="TenRowsKeepSourceEditSeparateFromOneBulkUndoAfterDurableReload(&quot;fill&quot;)" storage="c:\users\mwam0\.copilot\repos\gh-projects-boards\testresults\polish-20261004\bulk-tests\ghprojectsboards.tests.dll" id="ff12b192-290d-ca92-5fcd-abef8bbbe2ca">
      <Execution id="2324ffd4-6850-42b8-8056-339e9badb23a" />
      <TestMethod codeBase="C:\Users\mwam0\.copilot\repos\gh-projects-boards\TestResults\polish-20261004\bulk-tests\GhProjectsBoards.Tests.dll" adapterTypeName="executor://nunit3testexecutor/" className="GhProjectsBoards.Tests.BulkEditingTests" name="TenRowsKeepSourceEditSeparateFromOneBulkUndoAfterDurableReload(&quot;fill&quot;)" />
    </UnitTest>
    <UnitTest name="FilteredSortedHundredDestinationsAndHiddenUndoUseOriginalIds" storage="c:\users\mwam0\.copilot\repos\gh-projects-boards\testresults\polish-20261004\bulk-tests\ghprojectsboards.tests.dll" id="94d5ed74-69bd-c5e0-5f2e-25501826e83f">
      <Execution id="e042beaf-eba4-4eda-9dea-2618f080b3e4" />
      <TestMethod codeBase="C:\Users\mwam0\.copilot\repos\gh-projects-boards\TestResults\polish-20261004\bulk-tests\GhProjectsBoards.Tests.dll" adapterTypeName="executor://nunit3testexecutor/" className="GhProjectsBoards.Tests.BulkEditingTests" name="FilteredSortedHundredDestinationsAndHiddenUndoUseOriginalIds" />
    </UnitTest>
    <UnitTest name="InvalidWeeklyDestinationRejectsTheWholeRectangleAndPreservesInputAndHistory(&quot;invalid-final&quot;)" storage="c:\users\mwam0\.copilot\repos\gh-projects-boards\testresults\polish-20261004\bulk-tests\ghprojectsboards.tests.dll" id="20cf94e0-bdeb-e521-0f88-8ea7ff61c6e7">
      <Execution id="748a5f23-572f-45c7-9c19-5539c2d2cb35" />
      <TestMethod codeBase="C:\Users\mwam0\.copilot\repos\gh-projects-boards\TestResults\polish-20261004\bulk-tests\GhProjectsBoards.Tests.dll" adapterTypeName="executor://nunit3testexecutor/" className="GhProjectsBoards.Tests.WeeklyBulkEditingTests" name="InvalidWeeklyDestinationRejectsTheWholeRectangleAndPreservesInputAndHistory(&quot;invalid-final&quot;)" />
    </UnitTest>
    <UnitTest name="WeeklyRectangleUsesDisplayedIdsAndEachWorkerThenDurableUndoRestoresAllWorkTogether" storage="c:\users\mwam0\.copilot\repos\gh-projects-boards\testresults\polish-20261004\bulk-tests\ghprojectsboards.tests.dll" id="52bbf539-f2b8-49bc-ab6b-00e3492ca45f">
      <Execution id="26b472af-f982-4ed3-86ac-ebbaa7dbc7aa" />
      <TestMethod codeBase="C:\Users\mwam0\.copilot\repos\gh-projects-boards\TestResults\polish-20261004\bulk-tests\GhProjectsBoards.Tests.dll" adapterTypeName="executor://nunit3testexecutor/" className="GhProjectsBoards.Tests.WeeklyBulkEditingTests" name="WeeklyRectangleUsesDisplayedIdsAndEachWorkerThenDurableUndoRestoresAllWorkTogether" />
    </UnitTest>
    <UnitTest name="CompoundConfirmationConsumesItsExplicitScalarAndActualInputWithoutReopeningThemOnUndo(&quot;Estimate&quot;)" storage="c:\users\mwam0\.copilot\repos\gh-projects-boards\testresults\polish-20261004\bulk-tests\ghprojectsboards.tests.dll" id="d1dc2d04-481d-4724-52cf-74bc0b1fd105">
      <Execution id="b597f770-ccad-4704-bf1b-16ac78c1988b" />
      <TestMethod codeBase="C:\Users\mwam0\.copilot\repos\gh-projects-boards\TestResults\polish-20261004\bulk-tests\GhProjectsBoards.Tests.dll" adapterTypeName="executor://nunit3testexecutor/" className="GhProjectsBoards.Tests.PlanningCellInputTests" name="CompoundConfirmationConsumesItsExplicitScalarAndActualInputWithoutReopeningThemOnUndo(&quot;Estimate&quot;)" />
    </UnitTest>
    <UnitTest name="SelectedPasteRequiresMatchingShapeOrSingleColumnBroadcast(3,1,&quot;Done&quot;,True)" storage="c:\users\mwam0\.copilot\repos\gh-projects-boards\testresults\polish-20261004\bulk-tests\ghprojectsboards.tests.dll" id="861603d7-3815-e3ca-904c-0c84e3a716ce">
      <Execution id="e52925cb-67dd-4c19-ae2b-336889bea265" />
      <TestMethod codeBase="C:\Users\mwam0\.copilot\repos\gh-projects-boards\TestResults\polish-20261004\bulk-tests\GhProjectsBoards.Tests.dll" adapterTypeName="executor://nunit3testexecutor/" className="GhProjectsBoards.Tests.BulkEditingTests" name="SelectedPasteRequiresMatchingShapeOrSingleColumnBroadcast(3,1,&quot;Done&quot;,True)" />
    </UnitTest>
    <UnitTest name="DatedCorrectionKeepsHistoricalWorkerIndependentWorkAndRestorableUndo(&quot;7.000&quot;,&quot;7&quot;)" storage="c:\users\mwam0\.copilot\repos\gh-projects-boards\testresults\polish-20261004\bulk-tests\ghprojectsboards.tests.dll" id="4738dead-6f54-5a01-c4b8-d1777da84052">
      <Execution id="c055f611-6560-45c4-b54f-69338384e559" />
      <TestMethod codeBase="C:\Users\mwam0\.copilot\repos\gh-projects-boards\TestResults\polish-20261004\bulk-tests\GhProjectsBoards.Tests.dll" adapterTypeName="executor://nunit3testexecutor/" className="GhProjectsBoards.Tests.PlanningCellInputTests" name="DatedCorrectionKeepsHistoricalWorkerIndependentWorkAndRestorableUndo(&quot;7.000&quot;,&quot;7&quot;)" />
    </UnitTest>
    <UnitTest name="WeeklyConfirmationRejectsFreshFieldOrIssueIdentityChangesWithoutDispatch(&quot;fields&quot;)" storage="c:\users\mwam0\.copilot\repos\gh-projects-boards\testresults\polish-20261004\bulk-tests\ghprojectsboards.tests.dll" id="88934b95-773e-2dcb-6b8e-7716708e5d96">
      <Execution id="f53fe9d8-ec39-4d47-92d6-4ba1e4d895bb" />
      <TestMethod codeBase="C:\Users\mwam0\.copilot\repos\gh-projects-boards\TestResults\polish-20261004\bulk-tests\GhProjectsBoards.Tests.dll" adapterTypeName="executor://nunit3testexecutor/" className="GhProjectsBoards.Tests.WeeklyApplyTests" name="WeeklyConfirmationRejectsFreshFieldOrIssueIdentityChangesWithoutDispatch(&quot;fields&quot;)" />
    </UnitTest>
    <UnitTest name="WeeklyConfirmationRejectsFreshFieldOrIssueIdentityChangesWithoutDispatch(&quot;issue&quot;)" storage="c:\users\mwam0\.copilot\repos\gh-projects-boards\testresults\polish-20261004\bulk-tests\ghprojectsboards.tests.dll" id="a2387e6a-17c6-8b1b-ee1c-8793a092abb9">
      <Execution id="4fc303ee-ad19-48d9-b64c-9f25c982111e" />
      <TestMethod codeBase="C:\Users\mwam0\.copilot\repos\gh-projects-boards\TestResults\polish-20261004\bulk-tests\GhProjectsBoards.Tests.dll" adapterTypeName="executor://nunit3testexecutor/" className="GhProjectsBoards.Tests.WeeklyApplyTests" name="WeeklyConfirmationRejectsFreshFieldOrIssueIdentityChangesWithoutDispatch(&quot;issue&quot;)" />
    </UnitTest>
    <UnitTest name="InvalidWeeklyDestinationRejectsTheWholeRectangleAndPreservesInputAndHistory(&quot;multiple-reports&quot;)" storage="c:\users\mwam0\.copilot\repos\gh-projects-boards\testresults\polish-20261004\bulk-tests\ghprojectsboards.tests.dll" id="c9d0bd98-914c-6170-0649-3e95a47ee446">
      <Execution id="60c843fc-d7e0-4c8e-bdef-1d6c44ffda4d" />
      <TestMethod codeBase="C:\Users\mwam0\.copilot\repos\gh-projects-boards\TestResults\polish-20261004\bulk-tests\GhProjectsBoards.Tests.dll" adapterTypeName="executor://nunit3testexecutor/" className="GhProjectsBoards.Tests.WeeklyBulkEditingTests" name="InvalidWeeklyDestinationRejectsTheWholeRectangleAndPreservesInputAndHistory(&quot;multiple-reports&quot;)" />
    </UnitTest>
    <UnitTest name="SourceOrderWithoutFiltersDoesNotRequireReapplyAfterValueEdit" storage="c:\users\mwam0\.copilot\repos\gh-projects-boards\testresults\polish-20261004\bulk-tests\ghprojectsboards.tests.dll" id="dfbbeb87-841b-2b26-3e98-c2d4361b2a40">
      <Execution id="8f1b50b2-34d2-4a29-9f90-68ee9e13228e" />
      <TestMethod codeBase="C:\Users\mwam0\.copilot\repos\gh-projects-boards\TestResults\polish-20261004\bulk-tests\GhProjectsBoards.Tests.dll" adapterTypeName="executor://nunit3testexecutor/" className="GhProjectsBoards.Tests.BulkEditingTests" name="SourceOrderWithoutFiltersDoesNotRequireReapplyAfterValueEdit" />
    </UnitTest>
  </TestDefinitions>
  <TestEntries>
    <TestEntry testId="c8e58be6-bae8-9e0e-da8b-c0967ef04d1b" executionId="a7a54dee-e363-4392-9213-8c6349f424e7" testListId="8c84fa94-04c1-424b-9868-57a2d4851a1d" />
    <TestEntry testId="a33e8efa-1838-c448-de66-5a57459d5ebd" executionId="e49f0d93-0898-44b7-9a6f-c9015166a660" testListId="8c84fa94-04c1-424b-9868-57a2d4851a1d" />
    <TestEntry testId="dfbbeb87-841b-2b26-3e98-c2d4361b2a40" executionId="8f1b50b2-34d2-4a29-9f90-68ee9e13228e" testListId="8c84fa94-04c1-424b-9868-57a2d4851a1d" />
    <TestEntry testId="7acc0d19-bb14-b072-a664-c5bd15742179" executionId="9b500a24-01a0-446a-bb1e-023bb5d26fae" testListId="8c84fa94-04c1-424b-9868-57a2d4851a1d" />
    <TestEntry testId="f37ca015-3b4e-1141-16af-ee62c3eacb1a" executionId="c398a0b1-4542-4661-8436-f4abb18484d6" testListId="8c84fa94-04c1-424b-9868-57a2d4851a1d" />
    <TestEntry testId="65116eb9-2719-64c4-96ec-51bcb8c6dcb2" executionId="35ae7ff8-a7a2-4a48-b349-81a535c447a0" testListId="8c84fa94-04c1-424b-9868-57a2d4851a1d" />
    <TestEntry testId="c9d0bd98-914c-6170-0649-3e95a47ee446" executionId="60c843fc-d7e0-4c8e-bdef-1d6c44ffda4d" testListId="8c84fa94-04c1-424b-9868-57a2d4851a1d" />
    <TestEntry testId="303ed96c-a3b5-9627-522b-f00fa914e9d6" executionId="79512125-1c81-403a-aa4d-5a97b20d4d17" testListId="8c84fa94-04c1-424b-9868-57a2d4851a1d" />
    <TestEntry testId="3061bc08-55fa-9fbe-834e-60cfbaede4ad" executionId="663d84c2-ad64-4b96-8f8a-998465ec5a49" testListId="8c84fa94-04c1-424b-9868-57a2d4851a1d" />
    <TestEntry testId="69a1e39e-df5d-057d-66cd-6fe733ba63f7" executionId="9289ce8c-69cf-4670-9d05-b1596d89e846" testListId="8c84fa94-04c1-424b-9868-57a2d4851a1d" />
    <TestEntry testId="9d33d455-34c1-0629-27a2-57f5eacd37ac" executionId="39b0c146-4364-4237-a670-ea401c07ad53" testListId="8c84fa94-04c1-424b-9868-57a2d4851a1d" />
    <TestEntry testId="1dd1314e-488a-68d6-1b22-651d15296b96" executionId="e448e286-a606-471c-966f-468d98e008e1" testListId="8c84fa94-04c1-424b-9868-57a2d4851a1d" />
    <TestEntry testId="3bf5f3c3-fd15-0e47-2f40-84effe281e09" executionId="ee671b25-ba3b-4f82-8c07-399c90e73386" testListId="8c84fa94-04c1-424b-9868-57a2d4851a1d" />
    <TestEntry testId="04732f0f-3ba5-f0da-e9cf-0c75538df444" executionId="8dc19f32-2d41-49e1-9399-e705dc937291" testListId="8c84fa94-04c1-424b-9868-57a2d4851a1d" />
    <TestEntry testId="a9b005aa-e79c-0f5c-c46a-63e5fdbaab37" executionId="aff8c2c0-e48d-4507-81ba-36d1f395d363" testListId="8c84fa94-04c1-424b-9868-57a2d4851a1d" />
    <TestEntry testId="1f38115a-e491-180a-6a06-d7211cb7f103" executionId="af0e156c-e553-45b6-bcfd-df19423e2add" testListId="8c84fa94-04c1-424b-9868-57a2d4851a1d" />
    <TestEntry testId="253f9889-92f9-7c38-b8c6-ee48cc49c07c" executionId="222fce46-63c2-46f9-8ac7-3857496c5893" testListId="8c84fa94-04c1-424b-9868-57a2d4851a1d" />
    <TestEntry testId="d0ba7848-c46f-0621-fedd-1f249ea9ba97" executionId="19ff4999-1ae6-4bec-9add-3fee124dd111" testListId="8c84fa94-04c1-424b-9868-57a2d4851a1d" />
    <TestEntry testId="037481d2-72e4-718b-bb74-812aacdc6142" executionId="32c253eb-0885-4902-aee0-129ce48addbc" testListId="8c84fa94-04c1-424b-9868-57a2d4851a1d" />
    <TestEntry testId="2e40172f-bb11-bb03-915a-f18e5f431965" executionId="7c2b847a-ddb9-460f-aeee-95cae467e184" testListId="8c84fa94-04c1-424b-9868-57a2d4851a1d" />
    <TestEntry testId="79a681aa-9240-7e43-5b48-44cf40c902ec" executionId="777084e4-23fe-46c5-8b63-45ce707fcfee" testListId="8c84fa94-04c1-424b-9868-57a2d4851a1d" />
    <TestEntry testId="d1dc2d04-481d-4724-52cf-74bc0b1fd105" executionId="b597f770-ccad-4704-bf1b-16ac78c1988b" testListId="8c84fa94-04c1-424b-9868-57a2d4851a1d" />
    <TestEntry testId="5704bbc7-f793-f337-16c3-4575d9b25a17" executionId="19c74daf-3361-498e-8ac8-d508ea3a0f6b" testListId="8c84fa94-04c1-424b-9868-57a2d4851a1d" />
    <TestEntry testId="7a4461bc-e673-fe08-bc34-ac717f6d5cde" executionId="066af1b3-c231-46f6-9a63-b6d64635c26a" testListId="8c84fa94-04c1-424b-9868-57a2d4851a1d" />
    <TestEntry testId="a26e2d16-510e-31d1-462f-81c7a83d5882" executionId="4fa4c947-a8f3-43e5-941b-0e5639fd0fe2" testListId="8c84fa94-04c1-424b-9868-57a2d4851a1d" />
    <TestEntry testId="513d9c18-4f0e-fb8d-9a56-7924b74c4ca9" executionId="649e1a47-5f1d-4746-a13d-a653e01592eb" testListId="8c84fa94-04c1-424b-9868-57a2d4851a1d" />
    <TestEntry testId="4738dead-6f54-5a01-c4b8-d1777da84052" executionId="c055f611-6560-45c4-b54f-69338384e559" testListId="8c84fa94-04c1-424b-9868-57a2d4851a1d" />
    <TestEntry testId="a9a7bcbe-eb09-202c-103c-3f95c087803e" executionId="830da6e6-4ab5-4e35-90d9-3dfcf6d17439" testListId="8c84fa94-04c1-424b-9868-57a2d4851a1d" />
    <TestEntry testId="da772803-04df-35be-5642-c1e3529122d8" executionId="9ce70589-bd89-4fcd-923f-3d4c9ac349ff" testListId="8c84fa94-04c1-424b-9868-57a2d4851a1d" />
    <TestEntry testId="ff12b192-290d-ca92-5fcd-abef8bbbe2ca" executionId="2324ffd4-6850-42b8-8056-339e9badb23a" testListId="8c84fa94-04c1-424b-9868-57a2d4851a1d" />
    <TestEntry testId="93b6d719-6cc8-bdaa-3d73-e7827ac490f5" executionId="d6788e82-aef3-43e7-a68a-ec5baf5b0245" testListId="8c84fa94-04c1-424b-9868-57a2d4851a1d" />
    <TestEntry testId="a2387e6a-17c6-8b1b-ee1c-8793a092abb9" executionId="4fc303ee-ad19-48d9-b64c-9f25c982111e" testListId="8c84fa94-04c1-424b-9868-57a2d4851a1d" />
    <TestEntry testId="88934b95-773e-2dcb-6b8e-7716708e5d96" executionId="f53fe9d8-ec39-4d47-92d6-4ba1e4d895bb" testListId="8c84fa94-04c1-424b-9868-57a2d4851a1d" />
    <TestEntry testId="ae623d98-cc50-97e7-baae-ec36f6854d28" executionId="ea5b2b97-c470-4743-9ea7-7e4c9ba0e444" testListId="8c84fa94-04c1-424b-9868-57a2d4851a1d" />
    <TestEntry testId="a5267826-6e85-7b26-f3b3-f197b638444f" executionId="1e93fd93-0bc6-4cd5-9236-32a039ea1a15" testListId="8c84fa94-04c1-424b-9868-57a2d4851a1d" />
    <TestEntry testId="42ec1211-f9e2-5f40-0faa-e4cf54d9c0d3" executionId="15003ee2-b0e7-4e87-be50-f7943f196b7e" testListId="8c84fa94-04c1-424b-9868-57a2d4851a1d" />
    <TestEntry testId="20cf94e0-bdeb-e521-0f88-8ea7ff61c6e7" executionId="748a5f23-572f-45c7-9c19-5539c2d2cb35" testListId="8c84fa94-04c1-424b-9868-57a2d4851a1d" />
    <TestEntry testId="b0dcc4fc-a81f-7e29-1046-6e6d39d3c91b" executionId="71b63faf-3225-4083-a6b2-c85b85472192" testListId="8c84fa94-04c1-424b-9868-57a2d4851a1d" />
    <TestEntry testId="58d1a6e0-f1ce-0224-bce3-e303473994d4" executionId="a7835ee3-2e58-4461-9d9d-154c937840e1" testListId="8c84fa94-04c1-424b-9868-57a2d4851a1d" />
    <TestEntry testId="52bbf539-f2b8-49bc-ab6b-00e3492ca45f" executionId="26b472af-f982-4ed3-86ac-ebbaa7dbc7aa" testListId="8c84fa94-04c1-424b-9868-57a2d4851a1d" />
    <TestEntry testId="36202419-f4c9-2685-6d60-74381504dd1c" executionId="c71004f5-f6f0-4c86-a046-f9d7a8289852" testListId="8c84fa94-04c1-424b-9868-57a2d4851a1d" />
    <TestEntry testId="4500a81b-69ba-6f9a-0f84-3d79635200b3" executionId="bea43fff-f014-4dcc-b881-be21748f353a" testListId="8c84fa94-04c1-424b-9868-57a2d4851a1d" />
    <TestEntry testId="d1719b94-6c66-7a91-6834-b740c97fa522" executionId="81e8889c-004d-4ede-b3ce-b2d71093fdf5" testListId="8c84fa94-04c1-424b-9868-57a2d4851a1d" />
    <TestEntry testId="03d04505-7e82-d6da-f100-69bb248458ac" executionId="f90edbf8-9f39-4fb2-ba12-6aa26a69fda2" testListId="8c84fa94-04c1-424b-9868-57a2d4851a1d" />
    <TestEntry testId="87588b68-f812-9e61-600f-7294d74a53ba" executionId="aa17f39c-9019-49ae-a859-023c98c2a80f" testListId="8c84fa94-04c1-424b-9868-57a2d4851a1d" />
    <TestEntry testId="bc381608-e0d6-45cd-5ec5-93de14da3386" executionId="ed0107bd-3baa-4bc2-94ca-fffa7d48f9e5" testListId="8c84fa94-04c1-424b-9868-57a2d4851a1d" />
    <TestEntry testId="f086173f-bdfc-ff4a-ff6a-0e4a6053decc" executionId="ffc98d3b-1ea9-440e-81e3-e98eb455b035" testListId="8c84fa94-04c1-424b-9868-57a2d4851a1d" />
    <TestEntry testId="04c81fac-a2f4-33cb-4d13-718c4abc6f3f" executionId="466cc635-ebfe-4c6e-aca7-26622c523c9f" testListId="8c84fa94-04c1-424b-9868-57a2d4851a1d" />
    <TestEntry testId="94d5ed74-69bd-c5e0-5f2e-25501826e83f" executionId="e042beaf-eba4-4eda-9dea-2618f080b3e4" testListId="8c84fa94-04c1-424b-9868-57a2d4851a1d" />
    <TestEntry testId="17b47131-b8c1-0200-d293-b6744f78aa5a" executionId="126636d9-de7a-4533-b2ec-f9c4505f7aab" testListId="8c84fa94-04c1-424b-9868-57a2d4851a1d" />
    <TestEntry testId="191c2ae7-12b0-d80c-25a0-2c3f78bd3189" executionId="93e8779e-c61b-425b-9d34-86a0c4ae5c2a" testListId="8c84fa94-04c1-424b-9868-57a2d4851a1d" />
    <TestEntry testId="17c9e5af-4372-3b80-9db3-11c1ac9f5071" executionId="2bbcbb61-9d1b-4cdf-89f1-eb0de25969cc" testListId="8c84fa94-04c1-424b-9868-57a2d4851a1d" />
    <TestEntry testId="67684d73-6460-e4bf-f9dd-32ecac21214c" executionId="33d115fe-bbfd-44b0-8adc-dfe81b749b8f" testListId="8c84fa94-04c1-424b-9868-57a2d4851a1d" />
    <TestEntry testId="f2936247-9355-4fc7-088d-b7c2f23cf3e2" executionId="ae699eca-cf35-4906-8b97-faba80d047b0" testListId="8c84fa94-04c1-424b-9868-57a2d4851a1d" />
    <TestEntry testId="e859d70f-80d1-c065-578a-138edc2bcc21" executionId="baef0e2f-7e8a-4cc9-9e6b-fa0b1ee8bfb3" testListId="8c84fa94-04c1-424b-9868-57a2d4851a1d" />
    <TestEntry testId="2eb1c6cc-e93d-eac0-ada3-b1eb9a3a56e1" executionId="95785924-01c9-446a-b1bc-2ce379788af0" testListId="8c84fa94-04c1-424b-9868-57a2d4851a1d" />
    <TestEntry testId="861603d7-3815-e3ca-904c-0c84e3a716ce" executionId="e52925cb-67dd-4c19-ae2b-336889bea265" testListId="8c84fa94-04c1-424b-9868-57a2d4851a1d" />
  </TestEntries>
  <TestLists>
    <TestList name="一覧に存在しない結果" id="8c84fa94-04c1-424b-9868-57a2d4851a1d" />
    <TestList name="読み込まれたすべての結果" id="19431567-8539-422a-85d7-44ee4e166bda" />
  </TestLists>
  <ResultSummary outcome="Completed">
    <Counters total="57" executed="57" passed="57" failed="0" error="0" timeout="0" aborted="0" inconclusive="0" passedButRunAborted="0" notRunnable="0" notExecuted="0" disconnected="0" warning="0" completed="0" inProgress="0" pending="0" />
    <Output>
      <StdOut>NUnit Adapter 1.0.0.0: Test execution started&#xD;
Running selected tests in C:\Users\mwam0\.copilot\repos\gh-projects-boards\TestResults\polish-20261004\bulk-tests\GhProjectsBoards.Tests.dll&#xD;
   NUnit3TestExecutor discovered 57 of 57 NUnit test cases using Current Discovery mode, Non-Explicit run&#xD;
</StdOut>
    </Output>
    <CollectorDataEntries>
      <Collector agentName="RTX5070" uri="datacollector://microsoft/CodeCoverage/2.0" collectorDisplayName="Code Coverage">
        <UriAttachments>
          <UriAttachment>
            <A href="RTX5070\mwam0_RTX5070_2026-10-04.17_37_56.cobertura.xml"></A>
          </UriAttachment>
        </UriAttachments>
      </Collector>
    </CollectorDataEntries>
  </ResultSummary>
</TestRun>