<?xml version="1.0" encoding="utf-8"?>
<TestRun id="01d6eb44-d9d2-4239-b623-4948103fb46e" name="mwam0@RTX5070 2026-10-04 17:31:07" runUser="RTX5070\mwam0" xmlns="http://microsoft.com/schemas/VisualStudio/TeamTest/2010">
  <Times creation="2026-10-04T17:31:07.7092351+09:00" queuing="2026-10-04T17:31:07.7092352+09:00" start="2026-10-04T17:31:06.4511750+09:00" finish="2026-10-04T17:31:08.1046794+09:00" />
  <TestSettings name="default" id="3ea6b18d-40e6-4cd0-855a-30e19a7f4cfe">
    <Deployment runDeploymentRoot="mwam0_RTX5070_2026-10-04_17_31_07" />
  </TestSettings>
  <Results>
    <UnitTestResult executionId="2a7c9469-2f95-42a7-9b5b-9711fa59ec04" testId="4738dead-6f54-5a01-c4b8-d1777da84052" testName="DatedCorrectionKeepsHistoricalWorkerIndependentWorkAndRestorableUndo(&quot;7.000&quot;,&quot;7&quot;)" computerName="RTX5070" duration="00:00:00.0105420" startTime="2026-10-04T17:31:07.9241542+09:00" endTime="2026-10-04T17:31:07.9346959+09:00" testType="13cdc9d9-ddb5-4fa4-a97d-d965ccfc6d4b" outcome="Passed" testListId="8c84fa94-04c1-424b-9868-57a2d4851a1d" relativeResultsDirectory="2a7c9469-2f95-42a7-9b5b-9711fa59ec04" />
    <UnitTestResult executionId="da4bff6c-b198-4260-8ef0-f9e409e25825" testId="c9d0bd98-914c-6170-0649-3e95a47ee446" testName="InvalidWeeklyDestinationRejectsTheWholeRectangleAndPreservesInputAndHistory(&quot;multiple-reports&quot;)" computerName="RTX5070" duration="00:00:00.0014370" startTime="2026-10-04T17:31:07.9476517+09:00" endTime="2026-10-04T17:31:07.9490887+09:00" testType="13cdc9d9-ddb5-4fa4-a97d-d965ccfc6d4b" outcome="Passed" testListId="8c84fa94-04c1-424b-9868-57a2d4851a1d" relativeResultsDirectory="da4bff6c-b198-4260-8ef0-f9e409e25825" />
    <UnitTestResult executionId="53e67e06-ba0d-479d-a2d9-0f6c021613ec" testId="a26e2d16-510e-31d1-462f-81c7a83d5882" testName="CopyingActualHoursRetainsEachTargetWorkerAndTheEarlierSourceUndo(&quot;down&quot;)" computerName="RTX5070" duration="00:00:00.0012480" startTime="2026-10-04T17:31:07.9423493+09:00" endTime="2026-10-04T17:31:07.9435972+09:00" testType="13cdc9d9-ddb5-4fa4-a97d-d965ccfc6d4b" outcome="Passed" testListId="8c84fa94-04c1-424b-9868-57a2d4851a1d" relativeResultsDirectory="53e67e06-ba0d-479d-a2d9-0f6c021613ec" />
    <UnitTestResult executionId="aa6464f4-e77f-429d-81b6-fa735a553e6f" testId="3bf5f3c3-fd15-0e47-2f40-84effe281e09" testName="NewSingleWorkerIsProposedButUnknownAndExplicitRemovalRemainDifferentFromZero" computerName="RTX5070" duration="00:00:00.0016070" startTime="2026-10-04T17:31:07.9347255+09:00" endTime="2026-10-04T17:31:07.9363320+09:00" testType="13cdc9d9-ddb5-4fa4-a97d-d965ccfc6d4b" outcome="Passed" testListId="8c84fa94-04c1-424b-9868-57a2d4851a1d" relativeResultsDirectory="aa6464f4-e77f-429d-81b6-fa735a553e6f" />
    <UnitTestResult executionId="7f6e1a9f-e814-4616-b097-249b70c6f731" testId="94d5ed74-69bd-c5e0-5f2e-25501826e83f" testName="FilteredSortedHundredDestinationsAndHiddenUndoUseOriginalIds" computerName="RTX5070" duration="00:00:00.0502260" startTime="2026-10-04T17:31:07.5841004+09:00" endTime="2026-10-04T17:31:07.6343260+09:00" testType="13cdc9d9-ddb5-4fa4-a97d-d965ccfc6d4b" outcome="Passed" testListId="8c84fa94-04c1-424b-9868-57a2d4851a1d" relativeResultsDirectory="7f6e1a9f-e814-4616-b097-249b70c6f731" />
    <UnitTestResult executionId="e850e43c-aba0-4aec-97dc-bba8b9ebf332" testId="7a4461bc-e673-fe08-bc34-ac717f6d5cde" testName="MixedExistingAndLocalFillIsOneAtomicUndoAndRetainsLocalIdentity" computerName="RTX5070" duration="00:00:00.0046610" startTime="2026-10-04T17:31:07.6966208+09:00" endTime="2026-10-04T17:31:07.7012815+09:00" testType="13cdc9d9-ddb5-4fa4-a97d-d965ccfc6d4b" outcome="Passed" testListId="8c84fa94-04c1-424b-9868-57a2d4851a1d" relativeResultsDirectory="e850e43c-aba0-4aec-97dc-bba8b9ebf332" />
    <UnitTestResult executionId="d172b378-483d-4f09-86c0-58e388c48f85" testId="17b47131-b8c1-0200-d293-b6744f78aa5a" testName="InternalCopyRejectsAnotherFieldEvenWhenLabelsAreEqual" computerName="RTX5070" duration="00:00:00.0333690" startTime="2026-10-04T17:31:07.6343515+09:00" endTime="2026-10-04T17:31:07.6677201+09:00" testType="13cdc9d9-ddb5-4fa4-a97d-d965ccfc6d4b" outcome="Passed" testListId="8c84fa94-04c1-424b-9868-57a2d4851a1d" relativeResultsDirectory="d172b378-483d-4f09-86c0-58e388c48f85" />
    <UnitTestResult executionId="27edb3d8-10aa-40b1-be7f-934263ff910c" testId="79a681aa-9240-7e43-5b48-44cf40c902ec" testName="SelectedPasteRequiresMatchingShapeOrSingleColumnBroadcast(2,1,&quot;Done\nTodo&quot;,True)" computerName="RTX5070" duration="00:00:00.0000530" startTime="2026-10-04T17:31:07.7030449+09:00" endTime="2026-10-04T17:31:07.7030975+09:00" testType="13cdc9d9-ddb5-4fa4-a97d-d965ccfc6d4b" outcome="Passed" testListId="8c84fa94-04c1-424b-9868-57a2d4851a1d" relativeResultsDirectory="27edb3d8-10aa-40b1-be7f-934263ff910c" />
    <UnitTestResult executionId="1706ea55-4540-4c75-9b8d-8c098ac5e7d5" testId="65116eb9-2719-64c4-96ec-51bcb8c6dcb2" testName="InvalidMiddleDestinationRejectsAllAndIdentifiesTheTarget(&quot;option&quot;)" computerName="RTX5070" duration="00:00:00.0002820" startTime="2026-10-04T17:31:07.6866785+09:00" endTime="2026-10-04T17:31:07.6869602+09:00" testType="13cdc9d9-ddb5-4fa4-a97d-d965ccfc6d4b" outcome="Passed" testListId="8c84fa94-04c1-424b-9868-57a2d4851a1d" relativeResultsDirectory="1706ea55-4540-4c75-9b8d-8c098ac5e7d5" />
    <UnitTestResult executionId="bc68d288-e924-49bb-9e7d-5bf147f6508b" testId="03d04505-7e82-d6da-f100-69bb248458ac" testName="DatedCorrectionKeepsHistoricalWorkerIndependentWorkAndRestorableUndo(&quot;0&quot;,&quot;0&quot;)" computerName="RTX5070" duration="00:00:00.0120300" startTime="2026-10-04T17:31:07.9121069+09:00" endTime="2026-10-04T17:31:07.9241370+09:00" testType="13cdc9d9-ddb5-4fa4-a97d-d965ccfc6d4b" outcome="Passed" testListId="8c84fa94-04c1-424b-9868-57a2d4851a1d" relativeResultsDirectory="bc68d288-e924-49bb-9e7d-5bf147f6508b" />
    <UnitTestResult executionId="b30dfa81-e344-4189-bf32-a1c0fdadb098" testId="1f38115a-e491-180a-6a06-d7211cb7f103" testName="EqualCommittedValueDoesNotCreateDifferenceRevisionOrUndo" computerName="RTX5070" duration="00:00:00.0055360" startTime="2026-10-04T17:31:07.5785481+09:00" endTime="2026-10-04T17:31:07.5840840+09:00" testType="13cdc9d9-ddb5-4fa4-a97d-d965ccfc6d4b" outcome="Passed" testListId="8c84fa94-04c1-424b-9868-57a2d4851a1d" relativeResultsDirectory="b30dfa81-e344-4189-bf32-a1c0fdadb098" />
    <UnitTestResult executionId="adea2da7-138d-4dd7-94e9-cb21e69b9465" testId="ff12b192-290d-ca92-5fcd-abef8bbbe2ca" testName="TenRowsKeepSourceEditSeparateFromOneBulkUndoAfterDurableReload(&quot;fill&quot;)" computerName="RTX5070" duration="00:00:00.0752380" startTime="2026-10-04T17:31:07.7039849+09:00" endTime="2026-10-04T17:31:07.7792225+09:00" testType="13cdc9d9-ddb5-4fa4-a97d-d965ccfc6d4b" outcome="Passed" testListId="8c84fa94-04c1-424b-9868-57a2d4851a1d" relativeResultsDirectory="adea2da7-138d-4dd7-94e9-cb21e69b9465" />
    <UnitTestResult executionId="b418f213-8d58-4720-82a0-415cbb8fa6f8" testId="253f9889-92f9-7c38-b8c6-ee48cc49c07c" testName="CompoundConfirmationConsumesItsExplicitScalarAndActualInputWithoutReopeningThemOnUndo(&quot;Remaining&quot;)" computerName="RTX5070" duration="00:00:00.0018310" startTime="2026-10-04T17:31:07.8856211+09:00" endTime="2026-10-04T17:31:07.8874523+09:00" testType="13cdc9d9-ddb5-4fa4-a97d-d965ccfc6d4b" outcome="Passed" testListId="8c84fa94-04c1-424b-9868-57a2d4851a1d" relativeResultsDirectory="b418f213-8d58-4720-82a0-415cbb8fa6f8" />
    <UnitTestResult executionId="b50955d7-dd50-46f2-917d-29f8fbe5cf04" testId="ae623d98-cc50-97e7-baae-ec36f6854d28" testName="DatedCorrectionKeepsHistoricalWorkerIndependentWorkAndRestorableUndo(&quot;7&quot;,&quot;7&quot;)" computerName="RTX5070" duration="00:00:00.0206800" startTime="2026-10-04T17:31:07.8914029+09:00" endTime="2026-10-04T17:31:07.9120821+09:00" testType="13cdc9d9-ddb5-4fa4-a97d-d965ccfc6d4b" outcome="Passed" testListId="8c84fa94-04c1-424b-9868-57a2d4851a1d" relativeResultsDirectory="b50955d7-dd50-46f2-917d-29f8fbe5cf04" />
    <UnitTestResult executionId="95a46b98-4b6c-4536-94c7-27ac7cf4e02c" testId="9d33d455-34c1-0629-27a2-57f5eacd37ac" testName="AmbiguousOrInvalidCorrectionPreservesAllDraftAndHistoricalState(&quot;revision&quot;)" computerName="RTX5070" duration="00:00:00.0010910" startTime="2026-10-04T17:31:07.8556622+09:00" endTime="2026-10-04T17:31:07.8567529+09:00" testType="13cdc9d9-ddb5-4fa4-a97d-d965ccfc6d4b" outcome="Passed" testListId="8c84fa94-04c1-424b-9868-57a2d4851a1d" relativeResultsDirectory="95a46b98-4b6c-4536-94c7-27ac7cf4e02c" />
    <UnitTestResult executionId="b349d00c-a906-4e5b-bf67-b5f3349a3a94" testId="f086173f-bdfc-ff4a-ff6a-0e4a6053decc" testName="CompatibleRefreshKeepsPendingActualAndAConfirmedCorrectionUpdatesTheMatchingProjection(False)" computerName="RTX5070" duration="00:00:00.0274390" startTime="2026-10-04T17:31:07.8567881+09:00" endTime="2026-10-04T17:31:07.8842265+09:00" testType="13cdc9d9-ddb5-4fa4-a97d-d965ccfc6d4b" outcome="Passed" testListId="8c84fa94-04c1-424b-9868-57a2d4851a1d" relativeResultsDirectory="b349d00c-a906-4e5b-bf67-b5f3349a3a94" />
    <UnitTestResult executionId="cf74ad91-3c20-4330-ab4b-8f35bef94dee" testId="861603d7-3815-e3ca-904c-0c84e3a716ce" testName="SelectedPasteRequiresMatchingShapeOrSingleColumnBroadcast(3,1,&quot;Done&quot;,True)" computerName="RTX5070" duration="00:00:00.0000340" startTime="2026-10-04T17:31:07.7031333+09:00" endTime="2026-10-04T17:31:07.7031673+09:00" testType="13cdc9d9-ddb5-4fa4-a97d-d965ccfc6d4b" outcome="Passed" testListId="8c84fa94-04c1-424b-9868-57a2d4851a1d" relativeResultsDirectory="cf74ad91-3c20-4330-ab4b-8f35bef94dee" />
    <UnitTestResult executionId="9593d925-ad64-40d4-8946-7918bb5210c7" testId="e859d70f-80d1-c065-578a-138edc2bcc21" testName="InvalidMiddleDestinationRejectsAllAndIdentifiesTheTarget(&quot;readonly&quot;)" computerName="RTX5070" duration="00:00:00.0006390" startTime="2026-10-04T17:31:07.6690167+09:00" endTime="2026-10-04T17:31:07.6696560+09:00" testType="13cdc9d9-ddb5-4fa4-a97d-d965ccfc6d4b" outcome="Passed" testListId="8c84fa94-04c1-424b-9868-57a2d4851a1d" relativeResultsDirectory="9593d925-ad64-40d4-8946-7918bb5210c7" />
    <UnitTestResult executionId="d8ff566e-4b5c-49f8-9732-fe8888bd4662" testId="b0dcc4fc-a81f-7e29-1046-6e6d39d3c91b" testName="SelectedPasteRequiresMatchingShapeOrSingleColumnBroadcast(2,1,&quot;Done\tTodo\nTodo\tDone&quot;,False)" computerName="RTX5070" duration="00:00:00.0000940" startTime="2026-10-04T17:31:07.7029489+09:00" endTime="2026-10-04T17:31:07.7030429+09:00" testType="13cdc9d9-ddb5-4fa4-a97d-d965ccfc6d4b" outcome="Passed" testListId="8c84fa94-04c1-424b-9868-57a2d4851a1d" relativeResultsDirectory="d8ff566e-4b5c-49f8-9732-fe8888bd4662" />
    <UnitTestResult executionId="a2d0e73e-9fc3-46a6-abef-7f2ede1609ee" testId="3061bc08-55fa-9fbe-834e-60cfbaede4ad" testName="InternalDuplicateLabelCopiesTheOptionIdAndExternalLabelRemainsAmbiguous" computerName="RTX5070" duration="00:00:00.0012270" startTime="2026-10-04T17:31:07.6677520+09:00" endTime="2026-10-04T17:31:07.6689784+09:00" testType="13cdc9d9-ddb5-4fa4-a97d-d965ccfc6d4b" outcome="Passed" testListId="8c84fa94-04c1-424b-9868-57a2d4851a1d" relativeResultsDirectory="a2d0e73e-9fc3-46a6-abef-7f2ede1609ee" />
    <UnitTestResult executionId="9827be2e-4dec-43f6-81e9-58ba2e85d714" testId="d1719b94-6c66-7a91-6834-b740c97fa522" testName="InvalidWeeklyDestinationRejectsTheWholeRectangleAndPreservesInputAndHistory(&quot;pending-remaining&quot;)" computerName="RTX5070" duration="00:00:00.0007890" startTime="2026-10-04T17:31:07.9498068+09:00" endTime="2026-10-04T17:31:07.9505954+09:00" testType="13cdc9d9-ddb5-4fa4-a97d-d965ccfc6d4b" outcome="Passed" testListId="8c84fa94-04c1-424b-9868-57a2d4851a1d" relativeResultsDirectory="9827be2e-4dec-43f6-81e9-58ba2e85d714" />
    <UnitTestResult executionId="e1b91ecd-28c1-4c47-be9b-07c3051733e4" testId="c8e58be6-bae8-9e0e-da8b-c0967ef04d1b" testName="CompoundConfirmationRejectsScalarConsumptionWithoutItsExactValueWrite(&quot;other-row&quot;)" computerName="RTX5070" duration="00:00:00.0009270" startTime="2026-10-04T17:31:07.8896652+09:00" endTime="2026-10-04T17:31:07.8905919+09:00" testType="13cdc9d9-ddb5-4fa4-a97d-d965ccfc6d4b" outcome="Passed" testListId="8c84fa94-04c1-424b-9868-57a2d4851a1d" relativeResultsDirectory="e1b91ecd-28c1-4c47-be9b-07c3051733e4" />
    <UnitTestResult executionId="08deaa24-257c-43e0-a820-626bbba58479" testId="87588b68-f812-9e61-600f-7294d74a53ba" testName="EmptyOrPendingSourceCannotFillAndBaselineReturnRemovesDifferences" computerName="RTX5070" duration="00:00:00.0429430" startTime="2026-10-04T17:31:07.5349420+09:00" endTime="2026-10-04T17:31:07.5778541+09:00" testType="13cdc9d9-ddb5-4fa4-a97d-d965ccfc6d4b" outcome="Passed" testListId="8c84fa94-04c1-424b-9868-57a2d4851a1d" relativeResultsDirectory="08deaa24-257c-43e0-a820-626bbba58479" />
    <UnitTestResult executionId="f619beb8-763c-4cb1-b6c6-fd078630e286" testId="5704bbc7-f793-f337-16c3-4575d9b25a17" testName="SelectedPasteRequiresMatchingShapeOrSingleColumnBroadcast(3,1,&quot;Done\nTodo&quot;,False)" computerName="RTX5070" duration="00:00:00.0004380" startTime="2026-10-04T17:31:07.7021493+09:00" endTime="2026-10-04T17:31:07.7025866+09:00" testType="13cdc9d9-ddb5-4fa4-a97d-d965ccfc6d4b" outcome="Passed" testListId="8c84fa94-04c1-424b-9868-57a2d4851a1d" relativeResultsDirectory="f619beb8-763c-4cb1-b6c6-fd078630e286" />
    <UnitTestResult executionId="6617bc48-529b-4cb3-8afc-ca00ff20f12c" testId="7acc0d19-bb14-b072-a664-c5bd15742179" testName="InvalidWeeklyDestinationRejectsTheWholeRectangleAndPreservesInputAndHistory(&quot;missing-worker&quot;)" computerName="RTX5070" duration="00:00:00.0009150" startTime="2026-10-04T17:31:07.9467253+09:00" endTime="2026-10-04T17:31:07.9476402+09:00" testType="13cdc9d9-ddb5-4fa4-a97d-d965ccfc6d4b" outcome="Passed" testListId="8c84fa94-04c1-424b-9868-57a2d4851a1d" relativeResultsDirectory="6617bc48-529b-4cb3-8afc-ca00ff20f12c" />
    <UnitTestResult executionId="7a6b24c5-1138-469b-9b24-b574f7f95980" testId="17c9e5af-4372-3b80-9db3-11c1ac9f5071" testName="ActualRectangleCannotAlsoWriteUnrelatedFields" computerName="RTX5070" duration="00:00:00.0032760" startTime="2026-10-04T17:31:07.9364908+09:00" endTime="2026-10-04T17:31:07.9397669+09:00" testType="13cdc9d9-ddb5-4fa4-a97d-d965ccfc6d4b" outcome="Passed" testListId="8c84fa94-04c1-424b-9868-57a2d4851a1d" relativeResultsDirectory="7a6b24c5-1138-469b-9b24-b574f7f95980" />
    <UnitTestResult executionId="9f68ca47-43e0-40a1-ada3-46b66fe69188" testId="191c2ae7-12b0-d80c-25a0-2c3f78bd3189" testName="CopyingActualHoursRetainsEachTargetWorkerAndTheEarlierSourceUndo(&quot;fill&quot;)" computerName="RTX5070" duration="00:00:00.0025400" startTime="2026-10-04T17:31:07.9397964+09:00" endTime="2026-10-04T17:31:07.9423360+09:00" testType="13cdc9d9-ddb5-4fa4-a97d-d965ccfc6d4b" outcome="Passed" testListId="8c84fa94-04c1-424b-9868-57a2d4851a1d" relativeResultsDirectory="9f68ca47-43e0-40a1-ada3-46b66fe69188" />
    <UnitTestResult executionId="185ef1d8-0e8c-46d5-ab4f-0188c21d0236" testId="2e40172f-bb11-bb03-915a-f18e5f431965" testName="CompoundConfirmationRejectsScalarConsumptionWithoutItsExactValueWrite(&quot;missing&quot;)" computerName="RTX5070" duration="00:00:00.0013740" startTime="2026-10-04T17:31:07.8882789+09:00" endTime="2026-10-04T17:31:07.8896522+09:00" testType="13cdc9d9-ddb5-4fa4-a97d-d965ccfc6d4b" outcome="Passed" testListId="8c84fa94-04c1-424b-9868-57a2d4851a1d" relativeResultsDirectory="185ef1d8-0e8c-46d5-ab4f-0188c21d0236" />
    <UnitTestResult executionId="86c31c30-9246-4bbf-9b5e-69959c3d021b" testId="a9a7bcbe-eb09-202c-103c-3f95c087803e" testName="CompoundConfirmationRejectsScalarConsumptionWithoutItsExactValueWrite(&quot;other-role&quot;)" computerName="RTX5070" duration="00:00:00.0007720" startTime="2026-10-04T17:31:07.8906028+09:00" endTime="2026-10-04T17:31:07.8913751+09:00" testType="13cdc9d9-ddb5-4fa4-a97d-d965ccfc6d4b" outcome="Passed" testListId="8c84fa94-04c1-424b-9868-57a2d4851a1d" relativeResultsDirectory="86c31c30-9246-4bbf-9b5e-69959c3d021b" />
    <UnitTestResult executionId="79f1e529-5b54-45a7-90cd-ccafb32381c2" testId="f2936247-9355-4fc7-088d-b7c2f23cf3e2" testName="LocalSourceBufferAddedAfterCopyRejectsBroadcastWithoutDiscardingIt" computerName="RTX5070" duration="00:00:00.0088550" startTime="2026-10-04T17:31:07.6877515+09:00" endTime="2026-10-04T17:31:07.6966059+09:00" testType="13cdc9d9-ddb5-4fa4-a97d-d965ccfc6d4b" outcome="Passed" testListId="8c84fa94-04c1-424b-9868-57a2d4851a1d" relativeResultsDirectory="79f1e529-5b54-45a7-90cd-ccafb32381c2" />
    <UnitTestResult executionId="1c549053-e61f-4f5e-95c0-828a7360e246" testId="04732f0f-3ba5-f0da-e9cf-0c75538df444" testName="InvalidMiddleDestinationRejectsAllAndIdentifiesTheTarget(&quot;pending&quot;)" computerName="RTX5070" duration="00:00:00.0003010" startTime="2026-10-04T17:31:07.6696696+09:00" endTime="2026-10-04T17:31:07.6699706+09:00" testType="13cdc9d9-ddb5-4fa4-a97d-d965ccfc6d4b" outcome="Passed" testListId="8c84fa94-04c1-424b-9868-57a2d4851a1d" relativeResultsDirectory="1c549053-e61f-4f5e-95c0-828a7360e246" />
    <UnitTestResult executionId="aa4e43bb-6b2c-42ab-9d49-ada07cce25c6" testId="d0ba7848-c46f-0621-fedd-1f249ea9ba97" testName="AmbiguousOrInvalidCorrectionPreservesAllDraftAndHistoricalState(&quot;multiple&quot;)" computerName="RTX5070" duration="00:00:00.0527970" startTime="2026-10-04T17:31:07.8004854+09:00" endTime="2026-10-04T17:31:07.8532817+09:00" testType="13cdc9d9-ddb5-4fa4-a97d-d965ccfc6d4b" outcome="Passed" testListId="8c84fa94-04c1-424b-9868-57a2d4851a1d" relativeResultsDirectory="aa4e43bb-6b2c-42ab-9d49-ada07cce25c6" />
    <UnitTestResult executionId="94ffba09-f7b4-4abb-9c98-bed2e1042802" testId="04c81fac-a2f4-33cb-4d13-718c4abc6f3f" testName="AmbiguousOrInvalidCorrectionPreservesAllDraftAndHistoricalState(&quot;date&quot;)" computerName="RTX5070" duration="00:00:00.0005890" startTime="2026-10-04T17:31:07.8543239+09:00" endTime="2026-10-04T17:31:07.8549131+09:00" testType="13cdc9d9-ddb5-4fa4-a97d-d965ccfc6d4b" outcome="Passed" testListId="8c84fa94-04c1-424b-9868-57a2d4851a1d" relativeResultsDirectory="94ffba09-f7b4-4abb-9c98-bed2e1042802" />
    <UnitTestResult executionId="1a6dd502-fb57-4050-b956-cc2ac2dc983d" testId="303ed96c-a3b5-9627-522b-f00fa914e9d6" testName="RepeatingLocalSelectValuePreservesOrderRevisionAndUndo" computerName="RTX5070" duration="00:00:00.0008250" startTime="2026-10-04T17:31:07.7012960+09:00" endTime="2026-10-04T17:31:07.7021207+09:00" testType="13cdc9d9-ddb5-4fa4-a97d-d965ccfc6d4b" outcome="Passed" testListId="8c84fa94-04c1-424b-9868-57a2d4851a1d" relativeResultsDirectory="1a6dd502-fb57-4050-b956-cc2ac2dc983d" />
    <UnitTestResult executionId="35b03b32-df19-4867-9371-9db55bda31e6" testId="a9b005aa-e79c-0f5c-c46a-63e5fdbaab37" testName="TenRowsKeepSourceEditSeparateFromOneBulkUndoAfterDurableReload(&quot;down&quot;)" computerName="RTX5070" duration="00:00:00.0095980" startTime="2026-10-04T17:31:07.7900740+09:00" endTime="2026-10-04T17:31:07.7996716+09:00" testType="13cdc9d9-ddb5-4fa4-a97d-d965ccfc6d4b" outcome="Passed" testListId="8c84fa94-04c1-424b-9868-57a2d4851a1d" relativeResultsDirectory="35b03b32-df19-4867-9371-9db55bda31e6" />
    <UnitTestResult executionId="94ddc321-03ce-49ae-a4e0-11ba3238eb25" testId="037481d2-72e4-718b-bb74-812aacdc6142" testName="SelectedPasteRequiresMatchingShapeOrSingleColumnBroadcast(3,1,&quot;&quot;,True)" computerName="RTX5070" duration="00:00:00.0000320" startTime="2026-10-04T17:31:07.7030994+09:00" endTime="2026-10-04T17:31:07.7031318+09:00" testType="13cdc9d9-ddb5-4fa4-a97d-d965ccfc6d4b" outcome="Passed" testListId="8c84fa94-04c1-424b-9868-57a2d4851a1d" relativeResultsDirectory="94ddc321-03ce-49ae-a4e0-11ba3238eb25" />
    <UnitTestResult executionId="153fddeb-9446-4568-9b9a-f8733daa4dc6" testId="2eb1c6cc-e93d-eac0-ada3-b1eb9a3a56e1" testName="InvalidWeeklyDestinationRejectsTheWholeRectangleAndPreservesInputAndHistory(&quot;pending-actual&quot;)" computerName="RTX5070" duration="00:00:00.0006960" startTime="2026-10-04T17:31:07.9491010+09:00" endTime="2026-10-04T17:31:07.9497965+09:00" testType="13cdc9d9-ddb5-4fa4-a97d-d965ccfc6d4b" outcome="Passed" testListId="8c84fa94-04c1-424b-9868-57a2d4851a1d" relativeResultsDirectory="153fddeb-9446-4568-9b9a-f8733daa4dc6" />
    <UnitTestResult executionId="ed865ac2-4caf-4014-958c-ef01207a48f2" testId="4500a81b-69ba-6f9a-0f84-3d79635200b3" testName="AmbiguousOrInvalidCorrectionPreservesAllDraftAndHistoricalState(&quot;worker&quot;)" computerName="RTX5070" duration="00:00:00.0010070" startTime="2026-10-04T17:31:07.8533050+09:00" endTime="2026-10-04T17:31:07.8543113+09:00" testType="13cdc9d9-ddb5-4fa4-a97d-d965ccfc6d4b" outcome="Passed" testListId="8c84fa94-04c1-424b-9868-57a2d4851a1d" relativeResultsDirectory="ed865ac2-4caf-4014-958c-ef01207a48f2" />
    <UnitTestResult executionId="dad3e89d-a9c5-4a06-a532-b1e759cb0ccb" testId="d1dc2d04-481d-4724-52cf-74bc0b1fd105" testName="CompoundConfirmationConsumesItsExplicitScalarAndActualInputWithoutReopeningThemOnUndo(&quot;Estimate&quot;)" computerName="RTX5070" duration="00:00:00.0007810" startTime="2026-10-04T17:31:07.8874674+09:00" endTime="2026-10-04T17:31:07.8882485+09:00" testType="13cdc9d9-ddb5-4fa4-a97d-d965ccfc6d4b" outcome="Passed" testListId="8c84fa94-04c1-424b-9868-57a2d4851a1d" relativeResultsDirectory="dad3e89d-a9c5-4a06-a532-b1e759cb0ccb" />
    <UnitTestResult executionId="f9669a51-50ce-4235-b29b-d22cd2d5e521" testId="da772803-04df-35be-5642-c1e3529122d8" testName="AmbiguousOrInvalidCorrectionPreservesAllDraftAndHistoricalState(&quot;invalid&quot;)" computerName="RTX5070" duration="00:00:00.0007270" startTime="2026-10-04T17:31:07.8549235+09:00" endTime="2026-10-04T17:31:07.8556498+09:00" testType="13cdc9d9-ddb5-4fa4-a97d-d965ccfc6d4b" outcome="Passed" testListId="8c84fa94-04c1-424b-9868-57a2d4851a1d" relativeResultsDirectory="f9669a51-50ce-4235-b29b-d22cd2d5e521" />
    <UnitTestResult executionId="2b191056-737b-4f98-8cbf-c35e7dff43f2" testId="a33e8efa-1838-c448-de66-5a57459d5ebd" testName="TenRowsKeepSourceEditSeparateFromOneBulkUndoAfterDurableReload(&quot;paste&quot;)" computerName="RTX5070" duration="00:00:00.0108070" startTime="2026-10-04T17:31:07.7792474+09:00" endTime="2026-10-04T17:31:07.7900543+09:00" testType="13cdc9d9-ddb5-4fa4-a97d-d965ccfc6d4b" outcome="Passed" testListId="8c84fa94-04c1-424b-9868-57a2d4851a1d" relativeResultsDirectory="2b191056-737b-4f98-8cbf-c35e7dff43f2" />
    <UnitTestResult executionId="14392c4c-0362-46e7-8cbc-1227cd2e1ea1" testId="69a1e39e-df5d-057d-66cd-6fe733ba63f7" testName="CopyingActualHoursRetainsEachTargetWorkerAndTheEarlierSourceUndo(&quot;broadcast&quot;)" computerName="RTX5070" duration="00:00:00.0009160" startTime="2026-10-04T17:31:07.9436098+09:00" endTime="2026-10-04T17:31:07.9445253+09:00" testType="13cdc9d9-ddb5-4fa4-a97d-d965ccfc6d4b" outcome="Passed" testListId="8c84fa94-04c1-424b-9868-57a2d4851a1d" relativeResultsDirectory="14392c4c-0362-46e7-8cbc-1227cd2e1ea1" />
    <UnitTestResult executionId="7904c651-5dda-476d-a7ac-db4f629d5940" testId="20cf94e0-bdeb-e521-0f88-8ea7ff61c6e7" testName="InvalidWeeklyDestinationRejectsTheWholeRectangleAndPreservesInputAndHistory(&quot;invalid-final&quot;)" computerName="RTX5070" duration="00:00:00.0008440" startTime="2026-10-04T17:31:07.9458697+09:00" endTime="2026-10-04T17:31:07.9467137+09:00" testType="13cdc9d9-ddb5-4fa4-a97d-d965ccfc6d4b" outcome="Passed" testListId="8c84fa94-04c1-424b-9868-57a2d4851a1d" relativeResultsDirectory="7904c651-5dda-476d-a7ac-db4f629d5940" />
    <UnitTestResult executionId="da3216ff-3852-4ddd-977a-05dddd657577" testId="52bbf539-f2b8-49bc-ab6b-00e3492ca45f" testName="WeeklyRectangleUsesDisplayedIdsAndEachWorkerThenDurableUndoRestoresAllWorkTogether" computerName="RTX5070" duration="00:00:00.0170530" startTime="2026-10-04T17:31:07.9506122+09:00" endTime="2026-10-04T17:31:07.9676649+09:00" testType="13cdc9d9-ddb5-4fa4-a97d-d965ccfc6d4b" outcome="Passed" testListId="8c84fa94-04c1-424b-9868-57a2d4851a1d" relativeResultsDirectory="da3216ff-3852-4ddd-977a-05dddd657577" />
    <UnitTestResult executionId="3d003625-01b8-4029-83ec-658b1b830474" testId="513d9c18-4f0e-fb8d-9a56-7924b74c4ca9" testName="CompatibleRefreshKeepsPendingActualAndAConfirmedCorrectionUpdatesTheMatchingProjection(True)" computerName="RTX5070" duration="00:00:00.0013290" startTime="2026-10-04T17:31:07.8842518+09:00" endTime="2026-10-04T17:31:07.8855804+09:00" testType="13cdc9d9-ddb5-4fa4-a97d-d965ccfc6d4b" outcome="Passed" testListId="8c84fa94-04c1-424b-9868-57a2d4851a1d" relativeResultsDirectory="3d003625-01b8-4029-83ec-658b1b830474" />
    <UnitTestResult executionId="5042ee23-83c8-4884-9b41-cb40495f23b7" testId="42ec1211-f9e2-5f40-0faa-e4cf54d9c0d3" testName="SelectedPasteRequiresMatchingShapeOrSingleColumnBroadcast(2,2,&quot;Done&quot;,False)" computerName="RTX5070" duration="00:00:00.0003400" startTime="2026-10-04T17:31:07.7025983+09:00" endTime="2026-10-04T17:31:07.7029378+09:00" testType="13cdc9d9-ddb5-4fa4-a97d-d965ccfc6d4b" outcome="Passed" testListId="8c84fa94-04c1-424b-9868-57a2d4851a1d" relativeResultsDirectory="5042ee23-83c8-4884-9b41-cb40495f23b7" />
    <UnitTestResult executionId="6f7cbea3-0133-48bf-997e-27c84a2ed7d7" testId="dfbbeb87-841b-2b26-3e98-c2d4361b2a40" testName="SourceOrderWithoutFiltersDoesNotRequireReapplyAfterValueEdit" computerName="RTX5070" duration="00:00:00.0007710" startTime="2026-10-04T17:31:07.7031886+09:00" endTime="2026-10-04T17:31:07.7039596+09:00" testType="13cdc9d9-ddb5-4fa4-a97d-d965ccfc6d4b" outcome="Passed" testListId="8c84fa94-04c1-424b-9868-57a2d4851a1d" relativeResultsDirectory="6f7cbea3-0133-48bf-997e-27c84a2ed7d7" />
    <UnitTestResult executionId="916bb3c2-6c8c-43d8-9b4b-2eb3c0602c67" testId="67684d73-6460-e4bf-f9dd-32ecac21214c" testName="InvalidMiddleDestinationRejectsAllAndIdentifiesTheTarget(&quot;conflict&quot;)" computerName="RTX5070" duration="00:00:00.0166720" startTime="2026-10-04T17:31:07.6699808+09:00" endTime="2026-10-04T17:31:07.6866523+09:00" testType="13cdc9d9-ddb5-4fa4-a97d-d965ccfc6d4b" outcome="Passed" testListId="8c84fa94-04c1-424b-9868-57a2d4851a1d" relativeResultsDirectory="916bb3c2-6c8c-43d8-9b4b-2eb3c0602c67" />
    <UnitTestResult executionId="6106896e-cdef-4e51-a4d2-7357955f59c2" testId="1dd1314e-488a-68d6-1b22-651d15296b96" testName="InvalidWeeklyDestinationRejectsTheWholeRectangleAndPreservesInputAndHistory(&quot;date&quot;)" computerName="RTX5070" duration="00:00:00.0013029" startTime="2026-10-04T17:31:07.9445538+09:00" endTime="2026-10-04T17:31:07.9458569+09:00" testType="13cdc9d9-ddb5-4fa4-a97d-d965ccfc6d4b" outcome="Passed" testListId="8c84fa94-04c1-424b-9868-57a2d4851a1d" relativeResultsDirectory="6106896e-cdef-4e51-a4d2-7357955f59c2" />
  </Results>
  <TestDefinitions>
    <UnitTest name="TenRowsKeepSourceEditSeparateFromOneBulkUndoAfterDurableReload(&quot;down&quot;)" storage="c:\users\mwam0\.copilot\repos\gh-projects-boards\testresults\polish-20261004\bulk-tests\ghprojectsboards.tests.dll" id="a9b005aa-e79c-0f5c-c46a-63e5fdbaab37">
      <Execution id="35b03b32-df19-4867-9371-9db55bda31e6" />
      <TestMethod codeBase="C:\Users\mwam0\.copilot\repos\gh-projects-boards\TestResults\polish-20261004\bulk-tests\GhProjectsBoards.Tests.dll" adapterTypeName="executor://nunit3testexecutor/" className="GhProjectsBoards.Tests.BulkEditingTests" name="TenRowsKeepSourceEditSeparateFromOneBulkUndoAfterDurableReload(&quot;down&quot;)" />
    </UnitTest>
    <UnitTest name="InvalidWeeklyDestinationRejectsTheWholeRectangleAndPreservesInputAndHistory(&quot;pending-remaining&quot;)" storage="c:\users\mwam0\.copilot\repos\gh-projects-boards\testresults\polish-20261004\bulk-tests\ghprojectsboards.tests.dll" id="d1719b94-6c66-7a91-6834-b740c97fa522">
      <Execution id="9827be2e-4dec-43f6-81e9-58ba2e85d714" />
      <TestMethod codeBase="C:\Users\mwam0\.copilot\repos\gh-projects-boards\TestResults\polish-20261004\bulk-tests\GhProjectsBoards.Tests.dll" adapterTypeName="executor://nunit3testexecutor/" className="GhProjectsBoards.Tests.WeeklyBulkEditingTests" name="InvalidWeeklyDestinationRejectsTheWholeRectangleAndPreservesInputAndHistory(&quot;pending-remaining&quot;)" />
    </UnitTest>
    <UnitTest name="ActualRectangleCannotAlsoWriteUnrelatedFields" storage="c:\users\mwam0\.copilot\repos\gh-projects-boards\testresults\polish-20261004\bulk-tests\ghprojectsboards.tests.dll" id="17c9e5af-4372-3b80-9db3-11c1ac9f5071">
      <Execution id="7a6b24c5-1138-469b-9b24-b574f7f95980" />
      <TestMethod codeBase="C:\Users\mwam0\.copilot\repos\gh-projects-boards\TestResults\polish-20261004\bulk-tests\GhProjectsBoards.Tests.dll" adapterTypeName="executor://nunit3testexecutor/" className="GhProjectsBoards.Tests.WeeklyBulkEditingTests" name="ActualRectangleCannotAlsoWriteUnrelatedFields" />
    </UnitTest>
    <UnitTest name="SelectedPasteRequiresMatchingShapeOrSingleColumnBroadcast(2,2,&quot;Done&quot;,False)" storage="c:\users\mwam0\.copilot\repos\gh-projects-boards\testresults\polish-20261004\bulk-tests\ghprojectsboards.tests.dll" id="42ec1211-f9e2-5f40-0faa-e4cf54d9c0d3">
      <Execution id="5042ee23-83c8-4884-9b41-cb40495f23b7" />
      <TestMethod codeBase="C:\Users\mwam0\.copilot\repos\gh-projects-boards\TestResults\polish-20261004\bulk-tests\GhProjectsBoards.Tests.dll" adapterTypeName="executor://nunit3testexecutor/" className="GhProjectsBoards.Tests.BulkEditingTests" name="SelectedPasteRequiresMatchingShapeOrSingleColumnBroadcast(2,2,&quot;Done&quot;,False)" />
    </UnitTest>
    <UnitTest name="SelectedPasteRequiresMatchingShapeOrSingleColumnBroadcast(3,1,&quot;&quot;,True)" storage="c:\users\mwam0\.copilot\repos\gh-projects-boards\testresults\polish-20261004\bulk-tests\ghprojectsboards.tests.dll" id="037481d2-72e4-718b-bb74-812aacdc6142">
      <Execution id="94ddc321-03ce-49ae-a4e0-11ba3238eb25" />
      <TestMethod codeBase="C:\Users\mwam0\.copilot\repos\gh-projects-boards\TestResults\polish-20261004\bulk-tests\GhProjectsBoards.Tests.dll" adapterTypeName="executor://nunit3testexecutor/" className="GhProjectsBoards.Tests.BulkEditingTests" name="SelectedPasteRequiresMatchingShapeOrSingleColumnBroadcast(3,1,&quot;&quot;,True)" />
    </UnitTest>
    <UnitTest name="SelectedPasteRequiresMatchingShapeOrSingleColumnBroadcast(3,1,&quot;Done\nTodo&quot;,False)" storage="c:\users\mwam0\.copilot\repos\gh-projects-boards\testresults\polish-20261004\bulk-tests\ghprojectsboards.tests.dll" id="5704bbc7-f793-f337-16c3-4575d9b25a17">
      <Execution id="f619beb8-763c-4cb1-b6c6-fd078630e286" />
      <TestMethod codeBase="C:\Users\mwam0\.copilot\repos\gh-projects-boards\TestResults\polish-20261004\bulk-tests\GhProjectsBoards.Tests.dll" adapterTypeName="executor://nunit3testexecutor/" className="GhProjectsBoards.Tests.BulkEditingTests" name="SelectedPasteRequiresMatchingShapeOrSingleColumnBroadcast(3,1,&quot;Done\nTodo&quot;,False)" />
    </UnitTest>
    <UnitTest name="CompoundConfirmationRejectsScalarConsumptionWithoutItsExactValueWrite(&quot;other-row&quot;)" storage="c:\users\mwam0\.copilot\repos\gh-projects-boards\testresults\polish-20261004\bulk-tests\ghprojectsboards.tests.dll" id="c8e58be6-bae8-9e0e-da8b-c0967ef04d1b">
      <Execution id="e1b91ecd-28c1-4c47-be9b-07c3051733e4" />
      <TestMethod codeBase="C:\Users\mwam0\.copilot\repos\gh-projects-boards\TestResults\polish-20261004\bulk-tests\GhProjectsBoards.Tests.dll" adapterTypeName="executor://nunit3testexecutor/" className="GhProjectsBoards.Tests.PlanningCellInputTests" name="CompoundConfirmationRejectsScalarConsumptionWithoutItsExactValueWrite(&quot;other-row&quot;)" />
    </UnitTest>
    <UnitTest name="InvalidMiddleDestinationRejectsAllAndIdentifiesTheTarget(&quot;pending&quot;)" storage="c:\users\mwam0\.copilot\repos\gh-projects-boards\testresults\polish-20261004\bulk-tests\ghprojectsboards.tests.dll" id="04732f0f-3ba5-f0da-e9cf-0c75538df444">
      <Execution id="1c549053-e61f-4f5e-95c0-828a7360e246" />
      <TestMethod codeBase="C:\Users\mwam0\.copilot\repos\gh-projects-boards\TestResults\polish-20261004\bulk-tests\GhProjectsBoards.Tests.dll" adapterTypeName="executor://nunit3testexecutor/" className="GhProjectsBoards.Tests.BulkEditingTests" name="InvalidMiddleDestinationRejectsAllAndIdentifiesTheTarget(&quot;pending&quot;)" />
    </UnitTest>
    <UnitTest name="InvalidMiddleDestinationRejectsAllAndIdentifiesTheTarget(&quot;conflict&quot;)" storage="c:\users\mwam0\.copilot\repos\gh-projects-boards\testresults\polish-20261004\bulk-tests\ghprojectsboards.tests.dll" id="67684d73-6460-e4bf-f9dd-32ecac21214c">
      <Execution id="916bb3c2-6c8c-43d8-9b4b-2eb3c0602c67" />
      <TestMethod codeBase="C:\Users\mwam0\.copilot\repos\gh-projects-boards\TestResults\polish-20261004\bulk-tests\GhProjectsBoards.Tests.dll" adapterTypeName="executor://nunit3testexecutor/" className="GhProjectsBoards.Tests.BulkEditingTests" name="InvalidMiddleDestinationRejectsAllAndIdentifiesTheTarget(&quot;conflict&quot;)" />
    </UnitTest>
    <UnitTest name="CompoundConfirmationRejectsScalarConsumptionWithoutItsExactValueWrite(&quot;missing&quot;)" storage="c:\users\mwam0\.copilot\repos\gh-projects-boards\testresults\polish-20261004\bulk-tests\ghprojectsboards.tests.dll" id="2e40172f-bb11-bb03-915a-f18e5f431965">
      <Execution id="185ef1d8-0e8c-46d5-ab4f-0188c21d0236" />
      <TestMethod codeBase="C:\Users\mwam0\.copilot\repos\gh-projects-boards\TestResults\polish-20261004\bulk-tests\GhProjectsBoards.Tests.dll" adapterTypeName="executor://nunit3testexecutor/" className="GhProjectsBoards.Tests.PlanningCellInputTests" name="CompoundConfirmationRejectsScalarConsumptionWithoutItsExactValueWrite(&quot;missing&quot;)" />
    </UnitTest>
    <UnitTest name="InvalidMiddleDestinationRejectsAllAndIdentifiesTheTarget(&quot;readonly&quot;)" storage="c:\users\mwam0\.copilot\repos\gh-projects-boards\testresults\polish-20261004\bulk-tests\ghprojectsboards.tests.dll" id="e859d70f-80d1-c065-578a-138edc2bcc21">
      <Execution id="9593d925-ad64-40d4-8946-7918bb5210c7" />
      <TestMethod codeBase="C:\Users\mwam0\.copilot\repos\gh-projects-boards\TestResults\polish-20261004\bulk-tests\GhProjectsBoards.Tests.dll" adapterTypeName="executor://nunit3testexecutor/" className="GhProjectsBoards.Tests.BulkEditingTests" name="InvalidMiddleDestinationRejectsAllAndIdentifiesTheTarget(&quot;readonly&quot;)" />
    </UnitTest>
    <UnitTest name="CompoundConfirmationRejectsScalarConsumptionWithoutItsExactValueWrite(&quot;other-role&quot;)" storage="c:\users\mwam0\.copilot\repos\gh-projects-boards\testresults\polish-20261004\bulk-tests\ghprojectsboards.tests.dll" id="a9a7bcbe-eb09-202c-103c-3f95c087803e">
      <Execution id="86c31c30-9246-4bbf-9b5e-69959c3d021b" />
      <TestMethod codeBase="C:\Users\mwam0\.copilot\repos\gh-projects-boards\TestResults\polish-20261004\bulk-tests\GhProjectsBoards.Tests.dll" adapterTypeName="executor://nunit3testexecutor/" className="GhProjectsBoards.Tests.PlanningCellInputTests" name="CompoundConfirmationRejectsScalarConsumptionWithoutItsExactValueWrite(&quot;other-role&quot;)" />
    </UnitTest>
    <UnitTest name="AmbiguousOrInvalidCorrectionPreservesAllDraftAndHistoricalState(&quot;worker&quot;)" storage="c:\users\mwam0\.copilot\repos\gh-projects-boards\testresults\polish-20261004\bulk-tests\ghprojectsboards.tests.dll" id="4500a81b-69ba-6f9a-0f84-3d79635200b3">
      <Execution id="ed865ac2-4caf-4014-958c-ef01207a48f2" />
      <TestMethod codeBase="C:\Users\mwam0\.copilot\repos\gh-projects-boards\TestResults\polish-20261004\bulk-tests\GhProjectsBoards.Tests.dll" adapterTypeName="executor://nunit3testexecutor/" className="GhProjectsBoards.Tests.PlanningCellInputTests" name="AmbiguousOrInvalidCorrectionPreservesAllDraftAndHistoricalState(&quot;worker&quot;)" />
    </UnitTest>
    <UnitTest name="CopyingActualHoursRetainsEachTargetWorkerAndTheEarlierSourceUndo(&quot;fill&quot;)" storage="c:\users\mwam0\.copilot\repos\gh-projects-boards\testresults\polish-20261004\bulk-tests\ghprojectsboards.tests.dll" id="191c2ae7-12b0-d80c-25a0-2c3f78bd3189">
      <Execution id="9f68ca47-43e0-40a1-ada3-46b66fe69188" />
      <TestMethod codeBase="C:\Users\mwam0\.copilot\repos\gh-projects-boards\TestResults\polish-20261004\bulk-tests\GhProjectsBoards.Tests.dll" adapterTypeName="executor://nunit3testexecutor/" className="GhProjectsBoards.Tests.WeeklyBulkEditingTests" name="CopyingActualHoursRetainsEachTargetWorkerAndTheEarlierSourceUndo(&quot;fill&quot;)" />
    </UnitTest>
    <UnitTest name="CompatibleRefreshKeepsPendingActualAndAConfirmedCorrectionUpdatesTheMatchingProjection(False)" storage="c:\users\mwam0\.copilot\repos\gh-projects-boards\testresults\polish-20261004\bulk-tests\ghprojectsboards.tests.dll" id="f086173f-bdfc-ff4a-ff6a-0e4a6053decc">
      <Execution id="b349d00c-a906-4e5b-bf67-b5f3349a3a94" />
      <TestMethod codeBase="C:\Users\mwam0\.copilot\repos\gh-projects-boards\TestResults\polish-20261004\bulk-tests\GhProjectsBoards.Tests.dll" adapterTypeName="executor://nunit3testexecutor/" className="GhProjectsBoards.Tests.PlanningCellInputTests" name="CompatibleRefreshKeepsPendingActualAndAConfirmedCorrectionUpdatesTheMatchingProjection(False)" />
    </UnitTest>
    <UnitTest name="InvalidMiddleDestinationRejectsAllAndIdentifiesTheTarget(&quot;option&quot;)" storage="c:\users\mwam0\.copilot\repos\gh-projects-boards\testresults\polish-20261004\bulk-tests\ghprojectsboards.tests.dll" id="65116eb9-2719-64c4-96ec-51bcb8c6dcb2">
      <Execution id="1706ea55-4540-4c75-9b8d-8c098ac5e7d5" />
      <TestMethod codeBase="C:\Users\mwam0\.copilot\repos\gh-projects-boards\TestResults\polish-20261004\bulk-tests\GhProjectsBoards.Tests.dll" adapterTypeName="executor://nunit3testexecutor/" className="GhProjectsBoards.Tests.BulkEditingTests" name="InvalidMiddleDestinationRejectsAllAndIdentifiesTheTarget(&quot;option&quot;)" />
    </UnitTest>
    <UnitTest name="SelectedPasteRequiresMatchingShapeOrSingleColumnBroadcast(2,1,&quot;Done\nTodo&quot;,True)" storage="c:\users\mwam0\.copilot\repos\gh-projects-boards\testresults\polish-20261004\bulk-tests\ghprojectsboards.tests.dll" id="79a681aa-9240-7e43-5b48-44cf40c902ec">
      <Execution id="27edb3d8-10aa-40b1-be7f-934263ff910c" />
      <TestMethod codeBase="C:\Users\mwam0\.copilot\repos\gh-projects-boards\TestResults\polish-20261004\bulk-tests\GhProjectsBoards.Tests.dll" adapterTypeName="executor://nunit3testexecutor/" className="GhProjectsBoards.Tests.BulkEditingTests" name="SelectedPasteRequiresMatchingShapeOrSingleColumnBroadcast(2,1,&quot;Done\nTodo&quot;,True)" />
    </UnitTest>
    <UnitTest name="CompatibleRefreshKeepsPendingActualAndAConfirmedCorrectionUpdatesTheMatchingProjection(True)" storage="c:\users\mwam0\.copilot\repos\gh-projects-boards\testresults\polish-20261004\bulk-tests\ghprojectsboards.tests.dll" id="513d9c18-4f0e-fb8d-9a56-7924b74c4ca9">
      <Execution id="3d003625-01b8-4029-83ec-658b1b830474" />
      <TestMethod codeBase="C:\Users\mwam0\.copilot\repos\gh-projects-boards\TestResults\polish-20261004\bulk-tests\GhProjectsBoards.Tests.dll" adapterTypeName="executor://nunit3testexecutor/" className="GhProjectsBoards.Tests.PlanningCellInputTests" name="CompatibleRefreshKeepsPendingActualAndAConfirmedCorrectionUpdatesTheMatchingProjection(True)" />
    </UnitTest>
    <UnitTest name="CompoundConfirmationConsumesItsExplicitScalarAndActualInputWithoutReopeningThemOnUndo(&quot;Remaining&quot;)" storage="c:\users\mwam0\.copilot\repos\gh-projects-boards\testresults\polish-20261004\bulk-tests\ghprojectsboards.tests.dll" id="253f9889-92f9-7c38-b8c6-ee48cc49c07c">
      <Execution id="b418f213-8d58-4720-82a0-415cbb8fa6f8" />
      <TestMethod codeBase="C:\Users\mwam0\.copilot\repos\gh-projects-boards\TestResults\polish-20261004\bulk-tests\GhProjectsBoards.Tests.dll" adapterTypeName="executor://nunit3testexecutor/" className="GhProjectsBoards.Tests.PlanningCellInputTests" name="CompoundConfirmationConsumesItsExplicitScalarAndActualInputWithoutReopeningThemOnUndo(&quot;Remaining&quot;)" />
    </UnitTest>
    <UnitTest name="AmbiguousOrInvalidCorrectionPreservesAllDraftAndHistoricalState(&quot;revision&quot;)" storage="c:\users\mwam0\.copilot\repos\gh-projects-boards\testresults\polish-20261004\bulk-tests\ghprojectsboards.tests.dll" id="9d33d455-34c1-0629-27a2-57f5eacd37ac">
      <Execution id="95a46b98-4b6c-4536-94c7-27ac7cf4e02c" />
      <TestMethod codeBase="C:\Users\mwam0\.copilot\repos\gh-projects-boards\TestResults\polish-20261004\bulk-tests\GhProjectsBoards.Tests.dll" adapterTypeName="executor://nunit3testexecutor/" className="GhProjectsBoards.Tests.PlanningCellInputTests" name="AmbiguousOrInvalidCorrectionPreservesAllDraftAndHistoricalState(&quot;revision&quot;)" />
    </UnitTest>
    <UnitTest name="InternalDuplicateLabelCopiesTheOptionIdAndExternalLabelRemainsAmbiguous" storage="c:\users\mwam0\.copilot\repos\gh-projects-boards\testresults\polish-20261004\bulk-tests\ghprojectsboards.tests.dll" id="3061bc08-55fa-9fbe-834e-60cfbaede4ad">
      <Execution id="a2d0e73e-9fc3-46a6-abef-7f2ede1609ee" />
      <TestMethod codeBase="C:\Users\mwam0\.copilot\repos\gh-projects-boards\TestResults\polish-20261004\bulk-tests\GhProjectsBoards.Tests.dll" adapterTypeName="executor://nunit3testexecutor/" className="GhProjectsBoards.Tests.BulkEditingTests" name="InternalDuplicateLabelCopiesTheOptionIdAndExternalLabelRemainsAmbiguous" />
    </UnitTest>
    <UnitTest name="MixedExistingAndLocalFillIsOneAtomicUndoAndRetainsLocalIdentity" storage="c:\users\mwam0\.copilot\repos\gh-projects-boards\testresults\polish-20261004\bulk-tests\ghprojectsboards.tests.dll" id="7a4461bc-e673-fe08-bc34-ac717f6d5cde">
      <Execution id="e850e43c-aba0-4aec-97dc-bba8b9ebf332" />
      <TestMethod codeBase="C:\Users\mwam0\.copilot\repos\gh-projects-boards\TestResults\polish-20261004\bulk-tests\GhProjectsBoards.Tests.dll" adapterTypeName="executor://nunit3testexecutor/" className="GhProjectsBoards.Tests.BulkEditingTests" name="MixedExistingAndLocalFillIsOneAtomicUndoAndRetainsLocalIdentity" />
    </UnitTest>
    <UnitTest name="InvalidWeeklyDestinationRejectsTheWholeRectangleAndPreservesInputAndHistory(&quot;missing-worker&quot;)" storage="c:\users\mwam0\.copilot\repos\gh-projects-boards\testresults\polish-20261004\bulk-tests\ghprojectsboards.tests.dll" id="7acc0d19-bb14-b072-a664-c5bd15742179">
      <Execution id="6617bc48-529b-4cb3-8afc-ca00ff20f12c" />
      <TestMethod codeBase="C:\Users\mwam0\.copilot\repos\gh-projects-boards\TestResults\polish-20261004\bulk-tests\GhProjectsBoards.Tests.dll" adapterTypeName="executor://nunit3testexecutor/" className="GhProjectsBoards.Tests.WeeklyBulkEditingTests" name="InvalidWeeklyDestinationRejectsTheWholeRectangleAndPreservesInputAndHistory(&quot;missing-worker&quot;)" />
    </UnitTest>
    <UnitTest name="EqualCommittedValueDoesNotCreateDifferenceRevisionOrUndo" storage="c:\users\mwam0\.copilot\repos\gh-projects-boards\testresults\polish-20261004\bulk-tests\ghprojectsboards.tests.dll" id="1f38115a-e491-180a-6a06-d7211cb7f103">
      <Execution id="b30dfa81-e344-4189-bf32-a1c0fdadb098" />
      <TestMethod codeBase="C:\Users\mwam0\.copilot\repos\gh-projects-boards\TestResults\polish-20261004\bulk-tests\GhProjectsBoards.Tests.dll" adapterTypeName="executor://nunit3testexecutor/" className="GhProjectsBoards.Tests.BulkEditingTests" name="EqualCommittedValueDoesNotCreateDifferenceRevisionOrUndo" />
    </UnitTest>
    <UnitTest name="RepeatingLocalSelectValuePreservesOrderRevisionAndUndo" storage="c:\users\mwam0\.copilot\repos\gh-projects-boards\testresults\polish-20261004\bulk-tests\ghprojectsboards.tests.dll" id="303ed96c-a3b5-9627-522b-f00fa914e9d6">
      <Execution id="1a6dd502-fb57-4050-b956-cc2ac2dc983d" />
      <TestMethod codeBase="C:\Users\mwam0\.copilot\repos\gh-projects-boards\TestResults\polish-20261004\bulk-tests\GhProjectsBoards.Tests.dll" adapterTypeName="executor://nunit3testexecutor/" className="GhProjectsBoards.Tests.BulkEditingTests" name="RepeatingLocalSelectValuePreservesOrderRevisionAndUndo" />
    </UnitTest>
    <UnitTest name="DatedCorrectionKeepsHistoricalWorkerIndependentWorkAndRestorableUndo(&quot;0&quot;,&quot;0&quot;)" storage="c:\users\mwam0\.copilot\repos\gh-projects-boards\testresults\polish-20261004\bulk-tests\ghprojectsboards.tests.dll" id="03d04505-7e82-d6da-f100-69bb248458ac">
      <Execution id="bc68d288-e924-49bb-9e7d-5bf147f6508b" />
      <TestMethod codeBase="C:\Users\mwam0\.copilot\repos\gh-projects-boards\TestResults\polish-20261004\bulk-tests\GhProjectsBoards.Tests.dll" adapterTypeName="executor://nunit3testexecutor/" className="GhProjectsBoards.Tests.PlanningCellInputTests" name="DatedCorrectionKeepsHistoricalWorkerIndependentWorkAndRestorableUndo(&quot;0&quot;,&quot;0&quot;)" />
    </UnitTest>
    <UnitTest name="InvalidWeeklyDestinationRejectsTheWholeRectangleAndPreservesInputAndHistory(&quot;date&quot;)" storage="c:\users\mwam0\.copilot\repos\gh-projects-boards\testresults\polish-20261004\bulk-tests\ghprojectsboards.tests.dll" id="1dd1314e-488a-68d6-1b22-651d15296b96">
      <Execution id="6106896e-cdef-4e51-a4d2-7357955f59c2" />
      <TestMethod codeBase="C:\Users\mwam0\.copilot\repos\gh-projects-boards\TestResults\polish-20261004\bulk-tests\GhProjectsBoards.Tests.dll" adapterTypeName="executor://nunit3testexecutor/" className="GhProjectsBoards.Tests.WeeklyBulkEditingTests" name="InvalidWeeklyDestinationRejectsTheWholeRectangleAndPreservesInputAndHistory(&quot;date&quot;)" />
    </UnitTest>
    <UnitTest name="CopyingActualHoursRetainsEachTargetWorkerAndTheEarlierSourceUndo(&quot;down&quot;)" storage="c:\users\mwam0\.copilot\repos\gh-projects-boards\testresults\polish-20261004\bulk-tests\ghprojectsboards.tests.dll" id="a26e2d16-510e-31d1-462f-81c7a83d5882">
      <Execution id="53e67e06-ba0d-479d-a2d9-0f6c021613ec" />
      <TestMethod codeBase="C:\Users\mwam0\.copilot\repos\gh-projects-boards\TestResults\polish-20261004\bulk-tests\GhProjectsBoards.Tests.dll" adapterTypeName="executor://nunit3testexecutor/" className="GhProjectsBoards.Tests.WeeklyBulkEditingTests" name="CopyingActualHoursRetainsEachTargetWorkerAndTheEarlierSourceUndo(&quot;down&quot;)" />
    </UnitTest>
    <UnitTest name="AmbiguousOrInvalidCorrectionPreservesAllDraftAndHistoricalState(&quot;invalid&quot;)" storage="c:\users\mwam0\.copilot\repos\gh-projects-boards\testresults\polish-20261004\bulk-tests\ghprojectsboards.tests.dll" id="da772803-04df-35be-5642-c1e3529122d8">
      <Execution id="f9669a51-50ce-4235-b29b-d22cd2d5e521" />
      <TestMethod codeBase="C:\Users\mwam0\.copilot\repos\gh-projects-boards\TestResults\polish-20261004\bulk-tests\GhProjectsBoards.Tests.dll" adapterTypeName="executor://nunit3testexecutor/" className="GhProjectsBoards.Tests.PlanningCellInputTests" name="AmbiguousOrInvalidCorrectionPreservesAllDraftAndHistoricalState(&quot;invalid&quot;)" />
    </UnitTest>
    <UnitTest name="EmptyOrPendingSourceCannotFillAndBaselineReturnRemovesDifferences" storage="c:\users\mwam0\.copilot\repos\gh-projects-boards\testresults\polish-20261004\bulk-tests\ghprojectsboards.tests.dll" id="87588b68-f812-9e61-600f-7294d74a53ba">
      <Execution id="08deaa24-257c-43e0-a820-626bbba58479" />
      <TestMethod codeBase="C:\Users\mwam0\.copilot\repos\gh-projects-boards\TestResults\polish-20261004\bulk-tests\GhProjectsBoards.Tests.dll" adapterTypeName="executor://nunit3testexecutor/" className="GhProjectsBoards.Tests.BulkEditingTests" name="EmptyOrPendingSourceCannotFillAndBaselineReturnRemovesDifferences" />
    </UnitTest>
    <UnitTest name="SelectedPasteRequiresMatchingShapeOrSingleColumnBroadcast(2,1,&quot;Done\tTodo\nTodo\tDone&quot;,False)" storage="c:\users\mwam0\.copilot\repos\gh-projects-boards\testresults\polish-20261004\bulk-tests\ghprojectsboards.tests.dll" id="b0dcc4fc-a81f-7e29-1046-6e6d39d3c91b">
      <Execution id="d8ff566e-4b5c-49f8-9732-fe8888bd4662" />
      <TestMethod codeBase="C:\Users\mwam0\.copilot\repos\gh-projects-boards\TestResults\polish-20261004\bulk-tests\GhProjectsBoards.Tests.dll" adapterTypeName="executor://nunit3testexecutor/" className="GhProjectsBoards.Tests.BulkEditingTests" name="SelectedPasteRequiresMatchingShapeOrSingleColumnBroadcast(2,1,&quot;Done\tTodo\nTodo\tDone&quot;,False)" />
    </UnitTest>
    <UnitTest name="AmbiguousOrInvalidCorrectionPreservesAllDraftAndHistoricalState(&quot;multiple&quot;)" storage="c:\users\mwam0\.copilot\repos\gh-projects-boards\testresults\polish-20261004\bulk-tests\ghprojectsboards.tests.dll" id="d0ba7848-c46f-0621-fedd-1f249ea9ba97">
      <Execution id="aa4e43bb-6b2c-42ab-9d49-ada07cce25c6" />
      <TestMethod codeBase="C:\Users\mwam0\.copilot\repos\gh-projects-boards\TestResults\polish-20261004\bulk-tests\GhProjectsBoards.Tests.dll" adapterTypeName="executor://nunit3testexecutor/" className="GhProjectsBoards.Tests.PlanningCellInputTests" name="AmbiguousOrInvalidCorrectionPreservesAllDraftAndHistoricalState(&quot;multiple&quot;)" />
    </UnitTest>
    <UnitTest name="TenRowsKeepSourceEditSeparateFromOneBulkUndoAfterDurableReload(&quot;paste&quot;)" storage="c:\users\mwam0\.copilot\repos\gh-projects-boards\testresults\polish-20261004\bulk-tests\ghprojectsboards.tests.dll" id="a33e8efa-1838-c448-de66-5a57459d5ebd">
      <Execution id="2b191056-737b-4f98-8cbf-c35e7dff43f2" />
      <TestMethod codeBase="C:\Users\mwam0\.copilot\repos\gh-projects-boards\TestResults\polish-20261004\bulk-tests\GhProjectsBoards.Tests.dll" adapterTypeName="executor://nunit3testexecutor/" className="GhProjectsBoards.Tests.BulkEditingTests" name="TenRowsKeepSourceEditSeparateFromOneBulkUndoAfterDurableReload(&quot;paste&quot;)" />
    </UnitTest>
    <UnitTest name="AmbiguousOrInvalidCorrectionPreservesAllDraftAndHistoricalState(&quot;date&quot;)" storage="c:\users\mwam0\.copilot\repos\gh-projects-boards\testresults\polish-20261004\bulk-tests\ghprojectsboards.tests.dll" id="04c81fac-a2f4-33cb-4d13-718c4abc6f3f">
      <Execution id="94ffba09-f7b4-4abb-9c98-bed2e1042802" />
      <TestMethod codeBase="C:\Users\mwam0\.copilot\repos\gh-projects-boards\TestResults\polish-20261004\bulk-tests\GhProjectsBoards.Tests.dll" adapterTypeName="executor://nunit3testexecutor/" className="GhProjectsBoards.Tests.PlanningCellInputTests" name="AmbiguousOrInvalidCorrectionPreservesAllDraftAndHistoricalState(&quot;date&quot;)" />
    </UnitTest>
    <UnitTest name="CopyingActualHoursRetainsEachTargetWorkerAndTheEarlierSourceUndo(&quot;broadcast&quot;)" storage="c:\users\mwam0\.copilot\repos\gh-projects-boards\testresults\polish-20261004\bulk-tests\ghprojectsboards.tests.dll" id="69a1e39e-df5d-057d-66cd-6fe733ba63f7">
      <Execution id="14392c4c-0362-46e7-8cbc-1227cd2e1ea1" />
      <TestMethod codeBase="C:\Users\mwam0\.copilot\repos\gh-projects-boards\TestResults\polish-20261004\bulk-tests\GhProjectsBoards.Tests.dll" adapterTypeName="executor://nunit3testexecutor/" className="GhProjectsBoards.Tests.WeeklyBulkEditingTests" name="CopyingActualHoursRetainsEachTargetWorkerAndTheEarlierSourceUndo(&quot;broadcast&quot;)" />
    </UnitTest>
    <UnitTest name="LocalSourceBufferAddedAfterCopyRejectsBroadcastWithoutDiscardingIt" storage="c:\users\mwam0\.copilot\repos\gh-projects-boards\testresults\polish-20261004\bulk-tests\ghprojectsboards.tests.dll" id="f2936247-9355-4fc7-088d-b7c2f23cf3e2">
      <Execution id="79f1e529-5b54-45a7-90cd-ccafb32381c2" />
      <TestMethod codeBase="C:\Users\mwam0\.copilot\repos\gh-projects-boards\TestResults\polish-20261004\bulk-tests\GhProjectsBoards.Tests.dll" adapterTypeName="executor://nunit3testexecutor/" className="GhProjectsBoards.Tests.BulkEditingTests" name="LocalSourceBufferAddedAfterCopyRejectsBroadcastWithoutDiscardingIt" />
    </UnitTest>
    <UnitTest name="InternalCopyRejectsAnotherFieldEvenWhenLabelsAreEqual" storage="c:\users\mwam0\.copilot\repos\gh-projects-boards\testresults\polish-20261004\bulk-tests\ghprojectsboards.tests.dll" id="17b47131-b8c1-0200-d293-b6744f78aa5a">
      <Execution id="d172b378-483d-4f09-86c0-58e388c48f85" />
      <TestMethod codeBase="C:\Users\mwam0\.copilot\repos\gh-projects-boards\TestResults\polish-20261004\bulk-tests\GhProjectsBoards.Tests.dll" adapterTypeName="executor://nunit3testexecutor/" className="GhProjectsBoards.Tests.BulkEditingTests" name="InternalCopyRejectsAnotherFieldEvenWhenLabelsAreEqual" />
    </UnitTest>
    <UnitTest name="InvalidWeeklyDestinationRejectsTheWholeRectangleAndPreservesInputAndHistory(&quot;pending-actual&quot;)" storage="c:\users\mwam0\.copilot\repos\gh-projects-boards\testresults\polish-20261004\bulk-tests\ghprojectsboards.tests.dll" id="2eb1c6cc-e93d-eac0-ada3-b1eb9a3a56e1">
      <Execution id="153fddeb-9446-4568-9b9a-f8733daa4dc6" />
      <TestMethod codeBase="C:\Users\mwam0\.copilot\repos\gh-projects-boards\TestResults\polish-20261004\bulk-tests\GhProjectsBoards.Tests.dll" adapterTypeName="executor://nunit3testexecutor/" className="GhProjectsBoards.Tests.WeeklyBulkEditingTests" name="InvalidWeeklyDestinationRejectsTheWholeRectangleAndPreservesInputAndHistory(&quot;pending-actual&quot;)" />
    </UnitTest>
    <UnitTest name="NewSingleWorkerIsProposedButUnknownAndExplicitRemovalRemainDifferentFromZero" storage="c:\users\mwam0\.copilot\repos\gh-projects-boards\testresults\polish-20261004\bulk-tests\ghprojectsboards.tests.dll" id="3bf5f3c3-fd15-0e47-2f40-84effe281e09">
      <Execution id="aa6464f4-e77f-429d-81b6-fa735a553e6f" />
      <TestMethod codeBase="C:\Users\mwam0\.copilot\repos\gh-projects-boards\TestResults\polish-20261004\bulk-tests\GhProjectsBoards.Tests.dll" adapterTypeName="executor://nunit3testexecutor/" className="GhProjectsBoards.Tests.PlanningCellInputTests" name="NewSingleWorkerIsProposedButUnknownAndExplicitRemovalRemainDifferentFromZero" />
    </UnitTest>
    <UnitTest name="DatedCorrectionKeepsHistoricalWorkerIndependentWorkAndRestorableUndo(&quot;7&quot;,&quot;7&quot;)" storage="c:\users\mwam0\.copilot\repos\gh-projects-boards\testresults\polish-20261004\bulk-tests\ghprojectsboards.tests.dll" id="ae623d98-cc50-97e7-baae-ec36f6854d28">
      <Execution id="b50955d7-dd50-46f2-917d-29f8fbe5cf04" />
      <TestMethod codeBase="C:\Users\mwam0\.copilot\repos\gh-projects-boards\TestResults\polish-20261004\bulk-tests\GhProjectsBoards.Tests.dll" adapterTypeName="executor://nunit3testexecutor/" className="GhProjectsBoards.Tests.PlanningCellInputTests" name="DatedCorrectionKeepsHistoricalWorkerIndependentWorkAndRestorableUndo(&quot;7&quot;,&quot;7&quot;)" />
    </UnitTest>
    <UnitTest name="TenRowsKeepSourceEditSeparateFromOneBulkUndoAfterDurableReload(&quot;fill&quot;)" storage="c:\users\mwam0\.copilot\repos\gh-projects-boards\testresults\polish-20261004\bulk-tests\ghprojectsboards.tests.dll" id="ff12b192-290d-ca92-5fcd-abef8bbbe2ca">
      <Execution id="adea2da7-138d-4dd7-94e9-cb21e69b9465" />
      <TestMethod codeBase="C:\Users\mwam0\.copilot\repos\gh-projects-boards\TestResults\polish-20261004\bulk-tests\GhProjectsBoards.Tests.dll" adapterTypeName="executor://nunit3testexecutor/" className="GhProjectsBoards.Tests.BulkEditingTests" name="TenRowsKeepSourceEditSeparateFromOneBulkUndoAfterDurableReload(&quot;fill&quot;)" />
    </UnitTest>
    <UnitTest name="FilteredSortedHundredDestinationsAndHiddenUndoUseOriginalIds" storage="c:\users\mwam0\.copilot\repos\gh-projects-boards\testresults\polish-20261004\bulk-tests\ghprojectsboards.tests.dll" id="94d5ed74-69bd-c5e0-5f2e-25501826e83f">
      <Execution id="7f6e1a9f-e814-4616-b097-249b70c6f731" />
      <TestMethod codeBase="C:\Users\mwam0\.copilot\repos\gh-projects-boards\TestResults\polish-20261004\bulk-tests\GhProjectsBoards.Tests.dll" adapterTypeName="executor://nunit3testexecutor/" className="GhProjectsBoards.Tests.BulkEditingTests" name="FilteredSortedHundredDestinationsAndHiddenUndoUseOriginalIds" />
    </UnitTest>
    <UnitTest name="InvalidWeeklyDestinationRejectsTheWholeRectangleAndPreservesInputAndHistory(&quot;invalid-final&quot;)" storage="c:\users\mwam0\.copilot\repos\gh-projects-boards\testresults\polish-20261004\bulk-tests\ghprojectsboards.tests.dll" id="20cf94e0-bdeb-e521-0f88-8ea7ff61c6e7">
      <Execution id="7904c651-5dda-476d-a7ac-db4f629d5940" />
      <TestMethod codeBase="C:\Users\mwam0\.copilot\repos\gh-projects-boards\TestResults\polish-20261004\bulk-tests\GhProjectsBoards.Tests.dll" adapterTypeName="executor://nunit3testexecutor/" className="GhProjectsBoards.Tests.WeeklyBulkEditingTests" name="InvalidWeeklyDestinationRejectsTheWholeRectangleAndPreservesInputAndHistory(&quot;invalid-final&quot;)" />
    </UnitTest>
    <UnitTest name="WeeklyRectangleUsesDisplayedIdsAndEachWorkerThenDurableUndoRestoresAllWorkTogether" storage="c:\users\mwam0\.copilot\repos\gh-projects-boards\testresults\polish-20261004\bulk-tests\ghprojectsboards.tests.dll" id="52bbf539-f2b8-49bc-ab6b-00e3492ca45f">
      <Execution id="da3216ff-3852-4ddd-977a-05dddd657577" />
      <TestMethod codeBase="C:\Users\mwam0\.copilot\repos\gh-projects-boards\TestResults\polish-20261004\bulk-tests\GhProjectsBoards.Tests.dll" adapterTypeName="executor://nunit3testexecutor/" className="GhProjectsBoards.Tests.WeeklyBulkEditingTests" name="WeeklyRectangleUsesDisplayedIdsAndEachWorkerThenDurableUndoRestoresAllWorkTogether" />
    </UnitTest>
    <UnitTest name="CompoundConfirmationConsumesItsExplicitScalarAndActualInputWithoutReopeningThemOnUndo(&quot;Estimate&quot;)" storage="c:\users\mwam0\.copilot\repos\gh-projects-boards\testresults\polish-20261004\bulk-tests\ghprojectsboards.tests.dll" id="d1dc2d04-481d-4724-52cf-74bc0b1fd105">
      <Execution id="dad3e89d-a9c5-4a06-a532-b1e759cb0ccb" />
      <TestMethod codeBase="C:\Users\mwam0\.copilot\repos\gh-projects-boards\TestResults\polish-20261004\bulk-tests\GhProjectsBoards.Tests.dll" adapterTypeName="executor://nunit3testexecutor/" className="GhProjectsBoards.Tests.PlanningCellInputTests" name="CompoundConfirmationConsumesItsExplicitScalarAndActualInputWithoutReopeningThemOnUndo(&quot;Estimate&quot;)" />
    </UnitTest>
    <UnitTest name="SelectedPasteRequiresMatchingShapeOrSingleColumnBroadcast(3,1,&quot;Done&quot;,True)" storage="c:\users\mwam0\.copilot\repos\gh-projects-boards\testresults\polish-20261004\bulk-tests\ghprojectsboards.tests.dll" id="861603d7-3815-e3ca-904c-0c84e3a716ce">
      <Execution id="cf74ad91-3c20-4330-ab4b-8f35bef94dee" />
      <TestMethod codeBase="C:\Users\mwam0\.copilot\repos\gh-projects-boards\TestResults\polish-20261004\bulk-tests\GhProjectsBoards.Tests.dll" adapterTypeName="executor://nunit3testexecutor/" className="GhProjectsBoards.Tests.BulkEditingTests" name="SelectedPasteRequiresMatchingShapeOrSingleColumnBroadcast(3,1,&quot;Done&quot;,True)" />
    </UnitTest>
    <UnitTest name="DatedCorrectionKeepsHistoricalWorkerIndependentWorkAndRestorableUndo(&quot;7.000&quot;,&quot;7&quot;)" storage="c:\users\mwam0\.copilot\repos\gh-projects-boards\testresults\polish-20261004\bulk-tests\ghprojectsboards.tests.dll" id="4738dead-6f54-5a01-c4b8-d1777da84052">
      <Execution id="2a7c9469-2f95-42a7-9b5b-9711fa59ec04" />
      <TestMethod codeBase="C:\Users\mwam0\.copilot\repos\gh-projects-boards\TestResults\polish-20261004\bulk-tests\GhProjectsBoards.Tests.dll" adapterTypeName="executor://nunit3testexecutor/" className="GhProjectsBoards.Tests.PlanningCellInputTests" name="DatedCorrectionKeepsHistoricalWorkerIndependentWorkAndRestorableUndo(&quot;7.000&quot;,&quot;7&quot;)" />
    </UnitTest>
    <UnitTest name="InvalidWeeklyDestinationRejectsTheWholeRectangleAndPreservesInputAndHistory(&quot;multiple-reports&quot;)" storage="c:\users\mwam0\.copilot\repos\gh-projects-boards\testresults\polish-20261004\bulk-tests\ghprojectsboards.tests.dll" id="c9d0bd98-914c-6170-0649-3e95a47ee446">
      <Execution id="da4bff6c-b198-4260-8ef0-f9e409e25825" />
      <TestMethod codeBase="C:\Users\mwam0\.copilot\repos\gh-projects-boards\TestResults\polish-20261004\bulk-tests\GhProjectsBoards.Tests.dll" adapterTypeName="executor://nunit3testexecutor/" className="GhProjectsBoards.Tests.WeeklyBulkEditingTests" name="InvalidWeeklyDestinationRejectsTheWholeRectangleAndPreservesInputAndHistory(&quot;multiple-reports&quot;)" />
    </UnitTest>
    <UnitTest name="SourceOrderWithoutFiltersDoesNotRequireReapplyAfterValueEdit" storage="c:\users\mwam0\.copilot\repos\gh-projects-boards\testresults\polish-20261004\bulk-tests\ghprojectsboards.tests.dll" id="dfbbeb87-841b-2b26-3e98-c2d4361b2a40">
      <Execution id="6f7cbea3-0133-48bf-997e-27c84a2ed7d7" />
      <TestMethod codeBase="C:\Users\mwam0\.copilot\repos\gh-projects-boards\TestResults\polish-20261004\bulk-tests\GhProjectsBoards.Tests.dll" adapterTypeName="executor://nunit3testexecutor/" className="GhProjectsBoards.Tests.BulkEditingTests" name="SourceOrderWithoutFiltersDoesNotRequireReapplyAfterValueEdit" />
    </UnitTest>
  </TestDefinitions>
  <TestEntries>
    <TestEntry testId="4738dead-6f54-5a01-c4b8-d1777da84052" executionId="2a7c9469-2f95-42a7-9b5b-9711fa59ec04" testListId="8c84fa94-04c1-424b-9868-57a2d4851a1d" />
    <TestEntry testId="c9d0bd98-914c-6170-0649-3e95a47ee446" executionId="da4bff6c-b198-4260-8ef0-f9e409e25825" testListId="8c84fa94-04c1-424b-9868-57a2d4851a1d" />
    <TestEntry testId="a26e2d16-510e-31d1-462f-81c7a83d5882" executionId="53e67e06-ba0d-479d-a2d9-0f6c021613ec" testListId="8c84fa94-04c1-424b-9868-57a2d4851a1d" />
    <TestEntry testId="3bf5f3c3-fd15-0e47-2f40-84effe281e09" executionId="aa6464f4-e77f-429d-81b6-fa735a553e6f" testListId="8c84fa94-04c1-424b-9868-57a2d4851a1d" />
    <TestEntry testId="94d5ed74-69bd-c5e0-5f2e-25501826e83f" executionId="7f6e1a9f-e814-4616-b097-249b70c6f731" testListId="8c84fa94-04c1-424b-9868-57a2d4851a1d" />
    <TestEntry testId="7a4461bc-e673-fe08-bc34-ac717f6d5cde" executionId="e850e43c-aba0-4aec-97dc-bba8b9ebf332" testListId="8c84fa94-04c1-424b-9868-57a2d4851a1d" />
    <TestEntry testId="17b47131-b8c1-0200-d293-b6744f78aa5a" executionId="d172b378-483d-4f09-86c0-58e388c48f85" testListId="8c84fa94-04c1-424b-9868-57a2d4851a1d" />
    <TestEntry testId="79a681aa-9240-7e43-5b48-44cf40c902ec" executionId="27edb3d8-10aa-40b1-be7f-934263ff910c" testListId="8c84fa94-04c1-424b-9868-57a2d4851a1d" />
    <TestEntry testId="65116eb9-2719-64c4-96ec-51bcb8c6dcb2" executionId="1706ea55-4540-4c75-9b8d-8c098ac5e7d5" testListId="8c84fa94-04c1-424b-9868-57a2d4851a1d" />
    <TestEntry testId="03d04505-7e82-d6da-f100-69bb248458ac" executionId="bc68d288-e924-49bb-9e7d-5bf147f6508b" testListId="8c84fa94-04c1-424b-9868-57a2d4851a1d" />
    <TestEntry testId="1f38115a-e491-180a-6a06-d7211cb7f103" executionId="b30dfa81-e344-4189-bf32-a1c0fdadb098" testListId="8c84fa94-04c1-424b-9868-57a2d4851a1d" />
    <TestEntry testId="ff12b192-290d-ca92-5fcd-abef8bbbe2ca" executionId="adea2da7-138d-4dd7-94e9-cb21e69b9465" testListId="8c84fa94-04c1-424b-9868-57a2d4851a1d" />
    <TestEntry testId="253f9889-92f9-7c38-b8c6-ee48cc49c07c" executionId="b418f213-8d58-4720-82a0-415cbb8fa6f8" testListId="8c84fa94-04c1-424b-9868-57a2d4851a1d" />
    <TestEntry testId="ae623d98-cc50-97e7-baae-ec36f6854d28" executionId="b50955d7-dd50-46f2-917d-29f8fbe5cf04" testListId="8c84fa94-04c1-424b-9868-57a2d4851a1d" />
    <TestEntry testId="9d33d455-34c1-0629-27a2-57f5eacd37ac" executionId="95a46b98-4b6c-4536-94c7-27ac7cf4e02c" testListId="8c84fa94-04c1-424b-9868-57a2d4851a1d" />
    <TestEntry testId="f086173f-bdfc-ff4a-ff6a-0e4a6053decc" executionId="b349d00c-a906-4e5b-bf67-b5f3349a3a94" testListId="8c84fa94-04c1-424b-9868-57a2d4851a1d" />
    <TestEntry testId="861603d7-3815-e3ca-904c-0c84e3a716ce" executionId="cf74ad91-3c20-4330-ab4b-8f35bef94dee" testListId="8c84fa94-04c1-424b-9868-57a2d4851a1d" />
    <TestEntry testId="e859d70f-80d1-c065-578a-138edc2bcc21" executionId="9593d925-ad64-40d4-8946-7918bb5210c7" testListId="8c84fa94-04c1-424b-9868-57a2d4851a1d" />
    <TestEntry testId="b0dcc4fc-a81f-7e29-1046-6e6d39d3c91b" executionId="d8ff566e-4b5c-49f8-9732-fe8888bd4662" testListId="8c84fa94-04c1-424b-9868-57a2d4851a1d" />
    <TestEntry testId="3061bc08-55fa-9fbe-834e-60cfbaede4ad" executionId="a2d0e73e-9fc3-46a6-abef-7f2ede1609ee" testListId="8c84fa94-04c1-424b-9868-57a2d4851a1d" />
    <TestEntry testId="d1719b94-6c66-7a91-6834-b740c97fa522" executionId="9827be2e-4dec-43f6-81e9-58ba2e85d714" testListId="8c84fa94-04c1-424b-9868-57a2d4851a1d" />
    <TestEntry testId="c8e58be6-bae8-9e0e-da8b-c0967ef04d1b" executionId="e1b91ecd-28c1-4c47-be9b-07c3051733e4" testListId="8c84fa94-04c1-424b-9868-57a2d4851a1d" />
    <TestEntry testId="87588b68-f812-9e61-600f-7294d74a53ba" executionId="08deaa24-257c-43e0-a820-626bbba58479" testListId="8c84fa94-04c1-424b-9868-57a2d4851a1d" />
    <TestEntry testId="5704bbc7-f793-f337-16c3-4575d9b25a17" executionId="f619beb8-763c-4cb1-b6c6-fd078630e286" testListId="8c84fa94-04c1-424b-9868-57a2d4851a1d" />
    <TestEntry testId="7acc0d19-bb14-b072-a664-c5bd15742179" executionId="6617bc48-529b-4cb3-8afc-ca00ff20f12c" testListId="8c84fa94-04c1-424b-9868-57a2d4851a1d" />
    <TestEntry testId="17c9e5af-4372-3b80-9db3-11c1ac9f5071" executionId="7a6b24c5-1138-469b-9b24-b574f7f95980" testListId="8c84fa94-04c1-424b-9868-57a2d4851a1d" />
    <TestEntry testId="191c2ae7-12b0-d80c-25a0-2c3f78bd3189" executionId="9f68ca47-43e0-40a1-ada3-46b66fe69188" testListId="8c84fa94-04c1-424b-9868-57a2d4851a1d" />
    <TestEntry testId="2e40172f-bb11-bb03-915a-f18e5f431965" executionId="185ef1d8-0e8c-46d5-ab4f-0188c21d0236" testListId="8c84fa94-04c1-424b-9868-57a2d4851a1d" />
    <TestEntry testId="a9a7bcbe-eb09-202c-103c-3f95c087803e" executionId="86c31c30-9246-4bbf-9b5e-69959c3d021b" testListId="8c84fa94-04c1-424b-9868-57a2d4851a1d" />
    <TestEntry testId="f2936247-9355-4fc7-088d-b7c2f23cf3e2" executionId="79f1e529-5b54-45a7-90cd-ccafb32381c2" testListId="8c84fa94-04c1-424b-9868-57a2d4851a1d" />
    <TestEntry testId="04732f0f-3ba5-f0da-e9cf-0c75538df444" executionId="1c549053-e61f-4f5e-95c0-828a7360e246" testListId="8c84fa94-04c1-424b-9868-57a2d4851a1d" />
    <TestEntry testId="d0ba7848-c46f-0621-fedd-1f249ea9ba97" executionId="aa4e43bb-6b2c-42ab-9d49-ada07cce25c6" testListId="8c84fa94-04c1-424b-9868-57a2d4851a1d" />
    <TestEntry testId="04c81fac-a2f4-33cb-4d13-718c4abc6f3f" executionId="94ffba09-f7b4-4abb-9c98-bed2e1042802" testListId="8c84fa94-04c1-424b-9868-57a2d4851a1d" />
    <TestEntry testId="303ed96c-a3b5-9627-522b-f00fa914e9d6" executionId="1a6dd502-fb57-4050-b956-cc2ac2dc983d" testListId="8c84fa94-04c1-424b-9868-57a2d4851a1d" />
    <TestEntry testId="a9b005aa-e79c-0f5c-c46a-63e5fdbaab37" executionId="35b03b32-df19-4867-9371-9db55bda31e6" testListId="8c84fa94-04c1-424b-9868-57a2d4851a1d" />
    <TestEntry testId="037481d2-72e4-718b-bb74-812aacdc6142" executionId="94ddc321-03ce-49ae-a4e0-11ba3238eb25" testListId="8c84fa94-04c1-424b-9868-57a2d4851a1d" />
    <TestEntry testId="2eb1c6cc-e93d-eac0-ada3-b1eb9a3a56e1" executionId="153fddeb-9446-4568-9b9a-f8733daa4dc6" testListId="8c84fa94-04c1-424b-9868-57a2d4851a1d" />
    <TestEntry testId="4500a81b-69ba-6f9a-0f84-3d79635200b3" executionId="ed865ac2-4caf-4014-958c-ef01207a48f2" testListId="8c84fa94-04c1-424b-9868-57a2d4851a1d" />
    <TestEntry testId="d1dc2d04-481d-4724-52cf-74bc0b1fd105" executionId="dad3e89d-a9c5-4a06-a532-b1e759cb0ccb" testListId="8c84fa94-04c1-424b-9868-57a2d4851a1d" />
    <TestEntry testId="da772803-04df-35be-5642-c1e3529122d8" executionId="f9669a51-50ce-4235-b29b-d22cd2d5e521" testListId="8c84fa94-04c1-424b-9868-57a2d4851a1d" />
    <TestEntry testId="a33e8efa-1838-c448-de66-5a57459d5ebd" executionId="2b191056-737b-4f98-8cbf-c35e7dff43f2" testListId="8c84fa94-04c1-424b-9868-57a2d4851a1d" />
    <TestEntry testId="69a1e39e-df5d-057d-66cd-6fe733ba63f7" executionId="14392c4c-0362-46e7-8cbc-1227cd2e1ea1" testListId="8c84fa94-04c1-424b-9868-57a2d4851a1d" />
    <TestEntry testId="20cf94e0-bdeb-e521-0f88-8ea7ff61c6e7" executionId="7904c651-5dda-476d-a7ac-db4f629d5940" testListId="8c84fa94-04c1-424b-9868-57a2d4851a1d" />
    <TestEntry testId="52bbf539-f2b8-49bc-ab6b-00e3492ca45f" executionId="da3216ff-3852-4ddd-977a-05dddd657577" testListId="8c84fa94-04c1-424b-9868-57a2d4851a1d" />
    <TestEntry testId="513d9c18-4f0e-fb8d-9a56-7924b74c4ca9" executionId="3d003625-01b8-4029-83ec-658b1b830474" testListId="8c84fa94-04c1-424b-9868-57a2d4851a1d" />
    <TestEntry testId="42ec1211-f9e2-5f40-0faa-e4cf54d9c0d3" executionId="5042ee23-83c8-4884-9b41-cb40495f23b7" testListId="8c84fa94-04c1-424b-9868-57a2d4851a1d" />
    <TestEntry testId="dfbbeb87-841b-2b26-3e98-c2d4361b2a40" executionId="6f7cbea3-0133-48bf-997e-27c84a2ed7d7" testListId="8c84fa94-04c1-424b-9868-57a2d4851a1d" />
    <TestEntry testId="67684d73-6460-e4bf-f9dd-32ecac21214c" executionId="916bb3c2-6c8c-43d8-9b4b-2eb3c0602c67" testListId="8c84fa94-04c1-424b-9868-57a2d4851a1d" />
    <TestEntry testId="1dd1314e-488a-68d6-1b22-651d15296b96" executionId="6106896e-cdef-4e51-a4d2-7357955f59c2" testListId="8c84fa94-04c1-424b-9868-57a2d4851a1d" />
  </TestEntries>
  <TestLists>
    <TestList name="一覧に存在しない結果" id="8c84fa94-04c1-424b-9868-57a2d4851a1d" />
    <TestList name="読み込まれたすべての結果" id="19431567-8539-422a-85d7-44ee4e166bda" />
  </TestLists>
  <ResultSummary outcome="Completed">
    <Counters total="49" executed="49" passed="49" failed="0" error="0" timeout="0" aborted="0" inconclusive="0" passedButRunAborted="0" notRunnable="0" notExecuted="0" disconnected="0" warning="0" completed="0" inProgress="0" pending="0" />
    <Output>
      <StdOut>NUnit Adapter 1.0.0.0: Test execution started&#xD;
Running selected tests in C:\Users\mwam0\.copilot\repos\gh-projects-boards\TestResults\polish-20261004\bulk-tests\GhProjectsBoards.Tests.dll&#xD;
   NUnit3TestExecutor discovered 49 of 49 NUnit test cases using Current Discovery mode, Non-Explicit run&#xD;
</StdOut>
    </Output>
    <CollectorDataEntries>
      <Collector agentName="RTX5070" uri="datacollector://microsoft/CodeCoverage/2.0" collectorDisplayName="Code Coverage">
        <UriAttachments>
          <UriAttachment>
            <A href="RTX5070\mwam0_RTX5070_2026-10-04.17_31_08.cobertura.xml"></A>
          </UriAttachment>
        </UriAttachments>
      </Collector>
    </CollectorDataEntries>
  </ResultSummary>
</TestRun>