<?xml version="1.0" encoding="utf-8"?>
<TestRun id="69ccf54f-66c2-4787-a4b2-47bb4047e10f" name="mwam0@RTX5070 2026-10-04 18:55:29" runUser="RTX5070\mwam0" xmlns="http://microsoft.com/schemas/VisualStudio/TeamTest/2010">
  <Times creation="2026-10-04T18:55:29.9532180+09:00" queuing="2026-10-04T18:55:29.9532183+09:00" start="2026-10-04T18:54:42.5370854+09:00" finish="2026-10-04T18:55:29.9632969+09:00" />
  <TestSettings name="default" id="3ea87265-0222-490d-9b82-b99bb819c820">
    <Deployment runDeploymentRoot="mwam0_RTX5070_2026-10-04_18_55_29" />
  </TestSettings>
  <Results>
    <UnitTestResult executionId="57964aae-7bad-4e4e-b9cc-46f2622e2ab6" testId="1440c140-dbeb-df83-2a25-77dca355ded9" testName="OrdinaryWeeklyPasteHundredOfThousandRowsUndoesRestartsAndApprovesOnlyVisibleEffort" computerName="RTX5070" duration="00:00:46.7698020" startTime="2026-10-04T18:54:43.1060714+09:00" endTime="2026-10-04T18:55:29.8758208+09:00" testType="13cdc9d9-ddb5-4fa4-a97d-d965ccfc6d4b" outcome="Passed" testListId="8c84fa94-04c1-424b-9868-57a2d4851a1d" relativeResultsDirectory="57964aae-7bad-4e4e-b9cc-46f2622e2ab6">
      <ResultFiles>
        <ResultFile path="RTX5070\weekly-100-pasted.png" />
        <ResultFile path="RTX5070\weekly-filtered-for-approval.png" />
        <ResultFile path="RTX5070\weekly-final-review.png" />
        <ResultFile path="RTX5070\weekly-journey.json" />
        <ResultFile path="RTX5070\weekly-published-effort-local-other-changes.png" />
      </ResultFiles>
    </UnitTestResult>
  </Results>
  <TestDefinitions>
    <UnitTest name="OrdinaryWeeklyPasteHundredOfThousandRowsUndoesRestartsAndApprovesOnlyVisibleEffort" storage="c:\users\mwam0\.copilot\repos\gh-projects-boards\testresults/polish-20261004/e2e-driver-v9/ghprojectsboards.e2e.tests.dll" id="1440c140-dbeb-df83-2a25-77dca355ded9">
      <Execution id="57964aae-7bad-4e4e-b9cc-46f2622e2ab6" />
      <TestMethod codeBase="C:\Users\mwam0\.copilot\repos\gh-projects-boards\TestResults/polish-20261004/e2e-driver-v9/GhProjectsBoards.E2E.Tests.dll" adapterTypeName="executor://nunit3testexecutor/" className="GhProjectsBoards.E2E.Tests.RegistrationTests" name="OrdinaryWeeklyPasteHundredOfThousandRowsUndoesRestartsAndApprovesOnlyVisibleEffort" />
    </UnitTest>
  </TestDefinitions>
  <TestEntries>
    <TestEntry testId="1440c140-dbeb-df83-2a25-77dca355ded9" executionId="57964aae-7bad-4e4e-b9cc-46f2622e2ab6" testListId="8c84fa94-04c1-424b-9868-57a2d4851a1d" />
  </TestEntries>
  <TestLists>
    <TestList name="一覧に存在しない結果" id="8c84fa94-04c1-424b-9868-57a2d4851a1d" />
    <TestList name="読み込まれたすべての結果" id="19431567-8539-422a-85d7-44ee4e166bda" />
  </TestLists>
  <ResultSummary outcome="Completed">
    <Counters total="1" executed="1" passed="1" failed="0" error="0" timeout="0" aborted="0" inconclusive="0" passedButRunAborted="0" notRunnable="0" notExecuted="0" disconnected="0" warning="0" completed="0" inProgress="0" pending="0" />
    <Output>
      <StdOut>NUnit Adapter 1.0.0.0: Test execution started&#xD;
Running selected tests in C:\Users\mwam0\.copilot\repos\gh-projects-boards\TestResults/polish-20261004/e2e-driver-v9/GhProjectsBoards.E2E.Tests.dll&#xD;
   NUnit3TestExecutor discovered 1 of 1 NUnit test cases using Current Discovery mode, Non-Explicit run&#xD;
</StdOut>
    </Output>
  </ResultSummary>
</TestRun>