<?xml version="1.0" encoding="utf-8"?>
<TestRun id="788a1945-30fc-45e2-803b-fae173c965d2" name="mwam0@RTX5070 2026-10-05 00:41:03" runUser="RTX5070\mwam0" xmlns="http://microsoft.com/schemas/VisualStudio/TeamTest/2010">
  <Times creation="2026-10-05T00:41:03.9099964+09:00" queuing="2026-10-05T00:41:03.9099965+09:00" start="2026-10-05T00:40:52.1810029+09:00" finish="2026-10-05T00:41:03.9200227+09:00" />
  <TestSettings name="default" id="edf76207-a47f-4483-9dcc-11a57c1c7d21">
    <Deployment runDeploymentRoot="mwam0_RTX5070_2026-10-05_00_41_03" />
  </TestSettings>
  <Results>
    <UnitTestResult executionId="1509ad4b-bba5-4b30-8347-9271c886e2bf" testId="dbc7514e-1db0-1af9-1714-22fe287fb8d0" testName="CachedSheetFocusedNativeScrollAndLocalActions" computerName="RTX5070" duration="00:00:10.5632100" startTime="2026-10-05T00:40:53.1428753+09:00" endTime="2026-10-05T00:41:03.7060402+09:00" testType="13cdc9d9-ddb5-4fa4-a97d-d965ccfc6d4b" outcome="Failed" testListId="8c84fa94-04c1-424b-9868-57a2d4851a1d" relativeResultsDirectory="1509ad4b-bba5-4b30-8347-9271c886e2bf">
      <Output>
        <StdOut>Local sheet diagnostic artifacts: C:\Users\mwam0\.copilot\repos\gh-projects-boards\TestResults\sheet-diagnostic\retired-view-flush-loaded-1000x12\observations</StdOut>
        <ErrorInfo>
          <Message>  Assert.That(GetForegroundWindow(), Is.EqualTo(window.Properties.NativeWindowHandle.Value))&#xD;
  Expected: 24251656&#xD;
  But was:  17435738&#xD;
</Message>
          <StackTrace>   at GhProjectsBoards.E2E.Tests.LocalSheetDiagnosticTests.&lt;&gt;c__DisplayClass0_0.&lt;CachedSheetFocusedNativeScrollAndLocalActions&gt;g__CaptureFrames|40(String phase, Action stimulus, String input) in C:\Users\mwam0\.copilot\repos\gh-projects-boards\tests\GhProjectsBoards.E2E.Tests\LocalSheetDiagnosticTests.cs:line 518&#xD;
   at GhProjectsBoards.E2E.Tests.LocalSheetDiagnosticTests.CachedSheetFocusedNativeScrollAndLocalActions() in C:\Users\mwam0\.copilot\repos\gh-projects-boards\tests\GhProjectsBoards.E2E.Tests\LocalSheetDiagnosticTests.cs:line 146&#xD;

1)    at GhProjectsBoards.E2E.Tests.LocalSheetDiagnosticTests.&lt;&gt;c__DisplayClass0_0.&lt;CachedSheetFocusedNativeScrollAndLocalActions&gt;g__CaptureFrames|40(String phase, Action stimulus, String input) in C:\Users\mwam0\.copilot\repos\gh-projects-boards\tests\GhProjectsBoards.E2E.Tests\LocalSheetDiagnosticTests.cs:line 518&#xD;
   at GhProjectsBoards.E2E.Tests.LocalSheetDiagnosticTests.CachedSheetFocusedNativeScrollAndLocalActions() in C:\Users\mwam0\.copilot\repos\gh-projects-boards\tests\GhProjectsBoards.E2E.Tests\LocalSheetDiagnosticTests.cs:line 146&#xD;

</StackTrace>
        </ErrorInfo>
      </Output>
      <ResultFiles>
        <ResultFile path="RTX5070\driver.jsonl" />
      </ResultFiles>
    </UnitTestResult>
  </Results>
  <TestDefinitions>
    <UnitTest name="CachedSheetFocusedNativeScrollAndLocalActions" storage="c:\users\mwam0\.copilot\repos\gh-projects-boards\tests\ghprojectsboards.e2e.tests\bin\release\net10.0-windows10.0.26100.0\ghprojectsboards.e2e.tests.dll" id="dbc7514e-1db0-1af9-1714-22fe287fb8d0">
      <Execution id="1509ad4b-bba5-4b30-8347-9271c886e2bf" />
      <TestMethod codeBase="C:\Users\mwam0\.copilot\repos\gh-projects-boards\tests\GhProjectsBoards.E2E.Tests\bin\Release\net10.0-windows10.0.26100.0\GhProjectsBoards.E2E.Tests.dll" adapterTypeName="executor://nunit3testexecutor/" className="GhProjectsBoards.E2E.Tests.LocalSheetDiagnosticTests" name="CachedSheetFocusedNativeScrollAndLocalActions" />
    </UnitTest>
  </TestDefinitions>
  <TestEntries>
    <TestEntry testId="dbc7514e-1db0-1af9-1714-22fe287fb8d0" executionId="1509ad4b-bba5-4b30-8347-9271c886e2bf" testListId="8c84fa94-04c1-424b-9868-57a2d4851a1d" />
  </TestEntries>
  <TestLists>
    <TestList name="一覧に存在しない結果" id="8c84fa94-04c1-424b-9868-57a2d4851a1d" />
    <TestList name="読み込まれたすべての結果" id="19431567-8539-422a-85d7-44ee4e166bda" />
  </TestLists>
  <ResultSummary outcome="Failed">
    <Counters total="1" executed="1" passed="0" failed="1" error="0" timeout="0" aborted="0" inconclusive="0" passedButRunAborted="0" notRunnable="0" notExecuted="0" disconnected="0" warning="0" completed="0" inProgress="0" pending="0" />
    <Output>
      <StdOut>NUnit Adapter 1.0.0.0: Test execution started&#xD;
Running selected tests in C:\Users\mwam0\.copilot\repos\gh-projects-boards\tests\GhProjectsBoards.E2E.Tests\bin\Release\net10.0-windows10.0.26100.0\GhProjectsBoards.E2E.Tests.dll&#xD;
   NUnit3TestExecutor discovered 1 of 1 NUnit test cases using Current Discovery mode, Explicit run&#xD;
Local sheet diagnostic artifacts: C:\Users\mwam0\.copilot\repos\gh-projects-boards\TestResults\sheet-diagnostic\retired-view-flush-loaded-1000x12\observations&#xD;
&#xD;
</StdOut>
    </Output>
    <CollectorDataEntries>
      <Collector agentName="RTX5070" uri="datacollector://microsoft/CodeCoverage/2.0" collectorDisplayName="Code Coverage">
        <UriAttachments>
          <UriAttachment>
            <A href="RTX5070\mwam0_RTX5070_2026-10-05.00_41_03.cobertura.xml"></A>
          </UriAttachment>
        </UriAttachments>
      </Collector>
    </CollectorDataEntries>
  </ResultSummary>
</TestRun>