<?xml version="1.0" encoding="utf-8"?>
<TestRun id="8262e665-3699-4c0e-a96f-02b02e0d307e" name="mwam0@RTX5070 2026-09-27 11:35:56" runUser="RTX5070\mwam0" xmlns="http://microsoft.com/schemas/VisualStudio/TeamTest/2010">
  <Times creation="2026-09-27T11:35:56.1261899+09:00" queuing="2026-09-27T11:35:56.1261904+09:00" start="2026-09-27T11:35:54.3594530+09:00" finish="2026-09-27T11:35:58.7656148+09:00" />
  <TestSettings name="default" id="608fa9fb-af8c-40d3-8dd6-df43e1faa0bd">
    <Deployment runDeploymentRoot="mwam0_RTX5070_2026-09-27_11_35_56" />
  </TestSettings>
  <Results>
    <UnitTestResult executionId="58d61e8c-3f4f-48c2-99a9-f2cb7beb861a" testId="99c77445-ada7-e1dc-0e61-4c583dd32ba6" testName="EditingOneEndpointCannotClearTheOtherObservedDayWhoseExactTimeIsUnknown(&quot;Finish&quot;,Unplanned)" computerName="RTX5070" duration="00:00:00.0017760" startTime="2026-09-27T11:35:56.2638977+09:00" endTime="2026-09-27T11:35:56.2656734+09:00" testType="13cdc9d9-ddb5-4fa4-a97d-d965ccfc6d4b" outcome="Passed" testListId="8c84fa94-04c1-424b-9868-57a2d4851a1d" relativeResultsDirectory="58d61e8c-3f4f-48c2-99a9-f2cb7beb861a" />
    <UnitTestResult executionId="774271fd-cbf5-4d4e-8379-ac185cdd451f" testId="7b109f0f-e14d-410d-38f4-126937a9044a" testName="EditingOneEndpointCannotClearTheOtherObservedDayWhoseExactTimeIsUnknown(&quot;Start&quot;,Unplanned)" computerName="RTX5070" duration="00:00:00.0041510" startTime="2026-09-27T11:35:56.2597038+09:00" endTime="2026-09-27T11:35:56.2638550+09:00" testType="13cdc9d9-ddb5-4fa4-a97d-d965ccfc6d4b" outcome="Passed" testListId="8c84fa94-04c1-424b-9868-57a2d4851a1d" relativeResultsDirectory="774271fd-cbf5-4d4e-8379-ac185cdd451f" />
    <UnitTestResult executionId="d15fff7d-5796-4a38-aa91-e3352e377f9f" testId="932c733a-3067-9f40-4b15-3390b87ebc97" testName="PendingTextRefreshUsesCompatibleCommittedWorkAndHoldsRealConflict(&quot;16&quot;,True)" computerName="RTX5070" duration="00:00:00.0036200" startTime="2026-09-27T11:35:56.3018308+09:00" endTime="2026-09-27T11:35:56.3054501+09:00" testType="13cdc9d9-ddb5-4fa4-a97d-d965ccfc6d4b" outcome="Passed" testListId="8c84fa94-04c1-424b-9868-57a2d4851a1d" relativeResultsDirectory="d15fff7d-5796-4a38-aa91-e3352e377f9f" />
    <UnitTestResult executionId="89ce1333-fb7b-43f3-ae73-709a2b54bc2b" testId="02ac6fef-2f7f-6138-3311-39dee99cd08a" testName="UnrelatedWorkOnAPartialManualTaskKeepsTheObservedDayWithUnknownTime(True)" computerName="RTX5070" duration="00:00:00.0012810" startTime="2026-09-27T11:35:56.2850092+09:00" endTime="2026-09-27T11:35:56.2862896+09:00" testType="13cdc9d9-ddb5-4fa4-a97d-d965ccfc6d4b" outcome="Passed" testListId="8c84fa94-04c1-424b-9868-57a2d4851a1d" relativeResultsDirectory="89ce1333-fb7b-43f3-ae73-709a2b54bc2b" />
    <UnitTestResult executionId="3693a7a7-8d32-4fb6-97fa-80a10629e0fe" testId="c70c9c72-3077-0534-23ac-bd28ff43edf8" testName="PlanningCandidateCannotOmitARetainedAbsentTask" computerName="RTX5070" duration="00:00:00.0017420" startTime="2026-09-27T11:35:56.2772123+09:00" endTime="2026-09-27T11:35:56.2789544+09:00" testType="13cdc9d9-ddb5-4fa4-a97d-d965ccfc6d4b" outcome="Passed" testListId="8c84fa94-04c1-424b-9868-57a2d4851a1d" relativeResultsDirectory="3693a7a7-8d32-4fb6-97fa-80a10629e0fe" />
    <UnitTestResult executionId="b30e48a7-48de-49e3-99ff-ab23dd6234c2" testId="9d33d455-34c1-0629-27a2-57f5eacd37ac" testName="AmbiguousOrInvalidCorrectionPreservesAllDraftAndHistoricalState(&quot;revision&quot;)" computerName="RTX5070" duration="00:00:00.0030870" startTime="2026-09-27T11:35:56.0818759+09:00" endTime="2026-09-27T11:35:56.0849625+09:00" testType="13cdc9d9-ddb5-4fa4-a97d-d965ccfc6d4b" outcome="Passed" testListId="8c84fa94-04c1-424b-9868-57a2d4851a1d" relativeResultsDirectory="b30e48a7-48de-49e3-99ff-ab23dd6234c2" />
    <UnitTestResult executionId="998bcb50-bf79-404a-8f50-130b97b6507b" testId="a90137dd-cb9e-190c-19d2-6f4435209eee" testName="RemoteNumberOutsideHoursDomainRemainsReadableAndRequiresExplicitWorker(&quot;-1&quot;)" computerName="RTX5070" duration="00:00:00.0015190" startTime="2026-09-27T11:35:56.2790558+09:00" endTime="2026-09-27T11:35:56.2805745+09:00" testType="13cdc9d9-ddb5-4fa4-a97d-d965ccfc6d4b" outcome="Passed" testListId="8c84fa94-04c1-424b-9868-57a2d4851a1d" relativeResultsDirectory="998bcb50-bf79-404a-8f50-130b97b6507b" />
    <UnitTestResult executionId="1955de91-959b-4249-bfbc-f935a33d5270" testId="a2562ae3-cf6b-466f-68d4-e5cfba763908" testName="OutsideDateRequiresExactDecisionAndUndoRetainsFreshRemoteBaseline(&quot;Finish&quot;,null,null)" computerName="RTX5070" duration="00:00:00.0016430" startTime="2026-09-27T11:35:55.9932510+09:00" endTime="2026-09-27T11:35:55.9948937+09:00" testType="13cdc9d9-ddb5-4fa4-a97d-d965ccfc6d4b" outcome="Passed" testListId="8c84fa94-04c1-424b-9868-57a2d4851a1d" relativeResultsDirectory="1955de91-959b-4249-bfbc-f935a33d5270" />
    <UnitTestResult executionId="a3f8a5df-4787-42bd-9f18-98f10e1b2297" testId="03d04505-7e82-d6da-f100-69bb248458ac" testName="DatedCorrectionKeepsHistoricalWorkerIndependentWorkAndRestorableUndo(&quot;0&quot;,&quot;0&quot;)" computerName="RTX5070" duration="00:00:00.0195780" startTime="2026-09-27T11:35:56.2002572+09:00" endTime="2026-09-27T11:35:56.2198348+09:00" testType="13cdc9d9-ddb5-4fa4-a97d-d965ccfc6d4b" outcome="Passed" testListId="8c84fa94-04c1-424b-9868-57a2d4851a1d" relativeResultsDirectory="a3f8a5df-4787-42bd-9f18-98f10e1b2297" />
    <UnitTestResult executionId="eb9d33fc-5767-41ab-aa83-25b9fb8379e9" testId="59b96fda-407f-cb35-580d-bda2c300ad8d" testName="NativeGraphChangeRevokesPriorPlanningUndoEvenWhenPublishedDayDoesNotChange" computerName="RTX5070" duration="00:00:00.0063970" startTime="2026-09-27T11:35:56.2896048+09:00" endTime="2026-09-27T11:35:56.2960015+09:00" testType="13cdc9d9-ddb5-4fa4-a97d-d965ccfc6d4b" outcome="Passed" testListId="8c84fa94-04c1-424b-9868-57a2d4851a1d" relativeResultsDirectory="eb9d33fc-5767-41ab-aa83-25b9fb8379e9" />
    <UnitTestResult executionId="40fdb954-1e58-458c-9286-40d0d5740f14" testId="3bf5f3c3-fd15-0e47-2f40-84effe281e09" testName="NewSingleWorkerIsProposedButUnknownAndExplicitRemovalRemainDifferentFromZero" computerName="RTX5070" duration="00:00:00.0049280" startTime="2026-09-27T11:35:56.2378331+09:00" endTime="2026-09-27T11:35:56.2427609+09:00" testType="13cdc9d9-ddb5-4fa4-a97d-d965ccfc6d4b" outcome="Passed" testListId="8c84fa94-04c1-424b-9868-57a2d4851a1d" relativeResultsDirectory="40fdb954-1e58-458c-9286-40d0d5740f14" />
    <UnitTestResult executionId="c332ca0c-8130-462c-b680-e5ec3fbd077c" testId="5fa0d127-4c0e-c219-d150-dc48ed1ea153" testName="ReopeningRequiresExplicitRemainingAndPreservesActualsAndManualUntilReleased" computerName="RTX5070" duration="00:00:00.0024080" startTime="2026-09-27T11:35:58.6435778+09:00" endTime="2026-09-27T11:35:58.6459856+09:00" testType="13cdc9d9-ddb5-4fa4-a97d-d965ccfc6d4b" outcome="Passed" testListId="8c84fa94-04c1-424b-9868-57a2d4851a1d" relativeResultsDirectory="c332ca0c-8130-462c-b680-e5ec3fbd077c" />
    <UnitTestResult executionId="63dac3be-cbef-498a-9765-e989cbc80037" testId="4ae1b96d-e2b0-0d11-b64a-8c95329bd86e" testName="PendingTextRefreshUsesCompatibleCommittedWorkAndHoldsRealConflict(null,True)" computerName="RTX5070" duration="00:00:00.0057240" startTime="2026-09-27T11:35:56.2960728+09:00" endTime="2026-09-27T11:35:56.3017959+09:00" testType="13cdc9d9-ddb5-4fa4-a97d-d965ccfc6d4b" outcome="Passed" testListId="8c84fa94-04c1-424b-9868-57a2d4851a1d" relativeResultsDirectory="63dac3be-cbef-498a-9765-e989cbc80037" />
    <UnitTestResult executionId="fdccb97f-576d-4ee2-b97e-ae9fe84ac443" testId="20c82203-9f45-4d51-fdec-18511b40d6e5" testName="OrdinaryManualOrEstimateInputDoesNotAdoptTheAssigneeOfALegacyUnplannedTask(True)" computerName="RTX5070" duration="00:00:00.0020490" startTime="2026-09-27T11:35:56.2750954+09:00" endTime="2026-09-27T11:35:56.2771439+09:00" testType="13cdc9d9-ddb5-4fa4-a97d-d965ccfc6d4b" outcome="Passed" testListId="8c84fa94-04c1-424b-9868-57a2d4851a1d" relativeResultsDirectory="fdccb97f-576d-4ee2-b97e-ae9fe84ac443" />
    <UnitTestResult executionId="57d87f5f-e990-4e76-83f8-1e147ae14347" testId="659a2c11-dab2-9f75-a8b6-35820698572b" testName="RemoteNumberOutsideHoursDomainRemainsReadableAndRequiresExplicitWorker(&quot;0.000000001&quot;)" computerName="RTX5070" duration="00:00:00.0007840" startTime="2026-09-27T11:35:56.2821156+09:00" endTime="2026-09-27T11:35:56.2828995+09:00" testType="13cdc9d9-ddb5-4fa4-a97d-d965ccfc6d4b" outcome="Passed" testListId="8c84fa94-04c1-424b-9868-57a2d4851a1d" relativeResultsDirectory="57d87f5f-e990-4e76-83f8-1e147ae14347" />
    <UnitTestResult executionId="2c77028e-e46c-4a88-8893-72dad9230ab4" testId="d77f8599-121b-fdec-0807-2a253d792478" testName="EditingOneEndpointCannotClearTheOtherObservedDayWhoseExactTimeIsUnknown(&quot;Start&quot;,Auto)" computerName="RTX5070" duration="00:00:00.0013180" startTime="2026-09-27T11:35:56.2657508+09:00" endTime="2026-09-27T11:35:56.2670689+09:00" testType="13cdc9d9-ddb5-4fa4-a97d-d965ccfc6d4b" outcome="Passed" testListId="8c84fa94-04c1-424b-9868-57a2d4851a1d" relativeResultsDirectory="2c77028e-e46c-4a88-8893-72dad9230ab4" />
    <UnitTestResult executionId="2d24a7e2-5b5a-4f28-b5c1-cf719019c7eb" testId="db45da79-9ba2-1087-8067-01236e1f6110" testName="MAN04_05_PartialManualAndExplicitReturnToAutoAreOneUndoableDecision" computerName="RTX5070" duration="00:00:00.0024790" startTime="2026-09-27T11:35:55.9873483+09:00" endTime="2026-09-27T11:35:55.9898269+09:00" testType="13cdc9d9-ddb5-4fa4-a97d-d965ccfc6d4b" outcome="Passed" testListId="8c84fa94-04c1-424b-9868-57a2d4851a1d" relativeResultsDirectory="2d24a7e2-5b5a-4f28-b5c1-cf719019c7eb" />
    <UnitTestResult executionId="4c099634-ab1d-4e9f-92ca-0623d00a34ca" testId="021b08aa-2663-fe9a-6892-86f4214fcab7" testName="DirectManualCandidateCannotClearAnObservedDayWithoutAnExplicitEndpointDecision(Auto)" computerName="RTX5070" duration="00:00:00.0009910" startTime="2026-09-27T11:35:56.2578497+09:00" endTime="2026-09-27T11:35:56.2588404+09:00" testType="13cdc9d9-ddb5-4fa4-a97d-d965ccfc6d4b" outcome="Passed" testListId="8c84fa94-04c1-424b-9868-57a2d4851a1d" relativeResultsDirectory="4c099634-ab1d-4e9f-92ca-0623d00a34ca" />
    <UnitTestResult executionId="e4b6d807-502e-412c-b770-747d0428f606" testId="04c81fac-a2f4-33cb-4d13-718c4abc6f3f" testName="AmbiguousOrInvalidCorrectionPreservesAllDraftAndHistoricalState(&quot;date&quot;)" computerName="RTX5070" duration="00:00:00.0092530" startTime="2026-09-27T11:35:56.0714110+09:00" endTime="2026-09-27T11:35:56.0806638+09:00" testType="13cdc9d9-ddb5-4fa4-a97d-d965ccfc6d4b" outcome="Passed" testListId="8c84fa94-04c1-424b-9868-57a2d4851a1d" relativeResultsDirectory="e4b6d807-502e-412c-b770-747d0428f606" />
    <UnitTestResult executionId="92e25b6c-c234-40ea-8fc8-314c3604a3aa" testId="2c8db10d-d376-48f8-ce9f-427fcccf308e" testName="PendingTextRefreshUsesCompatibleCommittedWorkAndHoldsRealConflict(&quot;8&quot;,False)" computerName="RTX5070" duration="00:00:00.0026560" startTime="2026-09-27T11:35:56.3054819+09:00" endTime="2026-09-27T11:35:56.3081370+09:00" testType="13cdc9d9-ddb5-4fa4-a97d-d965ccfc6d4b" outcome="Passed" testListId="8c84fa94-04c1-424b-9868-57a2d4851a1d" relativeResultsDirectory="92e25b6c-c234-40ea-8fc8-314c3604a3aa" />
    <UnitTestResult executionId="e3d684c6-f3b7-4e72-a893-d8390c344efa" testId="09c9d0e4-7678-bb6c-aba9-d94f76e2c051" testName="PublishedWorkRevokesEarlierSettingsUndoThatWouldDivergeFromAdoptedDateFields" computerName="RTX5070" duration="00:00:02.3352780" startTime="2026-09-27T11:35:56.3082593+09:00" endTime="2026-09-27T11:35:58.6435365+09:00" testType="13cdc9d9-ddb5-4fa4-a97d-d965ccfc6d4b" outcome="Passed" testListId="8c84fa94-04c1-424b-9868-57a2d4851a1d" relativeResultsDirectory="e3d684c6-f3b7-4e72-a893-d8390c344efa" />
    <UnitTestResult executionId="50bfae19-c604-474d-9193-534641c78140" testId="fcb0e914-9098-69c7-2f80-f26025adc7a5" testName="OrdinaryManualOrEstimateInputDoesNotAdoptTheAssigneeOfALegacyUnplannedTask(False)" computerName="RTX5070" duration="00:00:00.0020990" startTime="2026-09-27T11:35:56.2728596+09:00" endTime="2026-09-27T11:35:56.2749582+09:00" testType="13cdc9d9-ddb5-4fa4-a97d-d965ccfc6d4b" outcome="Passed" testListId="8c84fa94-04c1-424b-9868-57a2d4851a1d" relativeResultsDirectory="50bfae19-c604-474d-9193-534641c78140" />
    <UnitTestResult executionId="1a41e6af-1f3a-4931-9fa6-005c39fafb17" testId="5a1c21dd-9864-0af8-74a1-d7c462bd64de" testName="UnrelatedWorkOnAPartialManualTaskKeepsTheObservedDayWithUnknownTime(False)" computerName="RTX5070" duration="00:00:00.0019970" startTime="2026-09-27T11:35:56.2829841+09:00" endTime="2026-09-27T11:35:56.2849812+09:00" testType="13cdc9d9-ddb5-4fa4-a97d-d965ccfc6d4b" outcome="Passed" testListId="8c84fa94-04c1-424b-9868-57a2d4851a1d" relativeResultsDirectory="1a41e6af-1f3a-4931-9fa6-005c39fafb17" />
    <UnitTestResult executionId="e9995dbf-1e76-45e4-8cb9-a12f4bf4594e" testId="9863448a-4ec9-59c3-159a-51618fc7ee7a" testName="RemoteNumberOutsideHoursDomainRemainsReadableAndRequiresExplicitWorker(&quot;1000000001&quot;)" computerName="RTX5070" duration="00:00:00.0013390" startTime="2026-09-27T11:35:56.2807224+09:00" endTime="2026-09-27T11:35:56.2820615+09:00" testType="13cdc9d9-ddb5-4fa4-a97d-d965ccfc6d4b" outcome="Passed" testListId="8c84fa94-04c1-424b-9868-57a2d4851a1d" relativeResultsDirectory="e9995dbf-1e76-45e4-8cb9-a12f4bf4594e" />
    <UnitTestResult executionId="6d5d59cc-f6b2-4051-8f39-ef659a159981" testId="155b0500-7ffe-ef9d-319c-a32e16feb906" testName="DetachedPreviewAcceptsAnUnchangedRetainedTaskButRejectsItsModification" computerName="RTX5070" duration="00:00:00.0124610" startTime="2026-09-27T11:35:56.2431538+09:00" endTime="2026-09-27T11:35:56.2556147+09:00" testType="13cdc9d9-ddb5-4fa4-a97d-d965ccfc6d4b" outcome="Passed" testListId="8c84fa94-04c1-424b-9868-57a2d4851a1d" relativeResultsDirectory="6d5d59cc-f6b2-4051-8f39-ef659a159981" />
    <UnitTestResult executionId="98cb3c07-b88e-42ee-bc4e-53f2e6a2db80" testId="ae623d98-cc50-97e7-baae-ec36f6854d28" testName="DatedCorrectionKeepsHistoricalWorkerIndependentWorkAndRestorableUndo(&quot;7&quot;,&quot;7&quot;)" computerName="RTX5070" duration="00:00:00.1009220" startTime="2026-09-27T11:35:56.0992853+09:00" endTime="2026-09-27T11:35:56.2002072+09:00" testType="13cdc9d9-ddb5-4fa4-a97d-d965ccfc6d4b" outcome="Passed" testListId="8c84fa94-04c1-424b-9868-57a2d4851a1d" relativeResultsDirectory="98cb3c07-b88e-42ee-bc4e-53f2e6a2db80" />
    <UnitTestResult executionId="28ec55af-7ae0-4dba-bc10-567783e0ed33" testId="367dd4a5-f2f9-d7d5-1cd6-c18e8c8b9d57" testName="EmptyBreakdownUpdateCannotTurnAnUnattributedObservedTotalIntoDeletion" computerName="RTX5070" duration="00:00:00.0037880" startTime="2026-09-27T11:35:56.2687057+09:00" endTime="2026-09-27T11:35:56.2724938+09:00" testType="13cdc9d9-ddb5-4fa4-a97d-d965ccfc6d4b" outcome="Passed" testListId="8c84fa94-04c1-424b-9868-57a2d4851a1d" relativeResultsDirectory="28ec55af-7ae0-4dba-bc10-567783e0ed33" />
    <UnitTestResult executionId="ddd6e048-1112-4432-a77c-39ed924d89c7" testId="85dfa5b7-140f-08ba-80a4-229452932e34" testName="MAN05_UnplannedCannotEraseAnAdoptedManualOverride" computerName="RTX5070" duration="00:00:00.0028149" startTime="2026-09-27T11:35:56.2865874+09:00" endTime="2026-09-27T11:35:56.2894016+09:00" testType="13cdc9d9-ddb5-4fa4-a97d-d965ccfc6d4b" outcome="Passed" testListId="8c84fa94-04c1-424b-9868-57a2d4851a1d" relativeResultsDirectory="ddd6e048-1112-4432-a77c-39ed924d89c7" />
    <UnitTestResult executionId="22f8e439-0ba6-4e7a-9705-d566437c673d" testId="90b0f86d-ae7c-5de3-44d5-8c5a37592517" testName="OutsideDateRequiresExactDecisionAndUndoRetainsFreshRemoteBaseline(&quot;Start&quot;,&quot;2026-10-07&quot;,&quot;2026-10-07 09:17&quot;)" computerName="RTX5070" duration="00:00:00.0033580" startTime="2026-09-27T11:35:55.9898749+09:00" endTime="2026-09-27T11:35:55.9932326+09:00" testType="13cdc9d9-ddb5-4fa4-a97d-d965ccfc6d4b" outcome="Passed" testListId="8c84fa94-04c1-424b-9868-57a2d4851a1d" relativeResultsDirectory="22f8e439-0ba6-4e7a-9705-d566437c673d" />
    <UnitTestResult executionId="6d7245d7-b1e7-48ae-bfd2-f302530a5544" testId="08030af0-35b4-8c59-b747-2c9a7a18b101" testName="DirectManualCandidateCannotClearAnObservedDayWithoutAnExplicitEndpointDecision(Unplanned)" computerName="RTX5070" duration="00:00:00.0019690" startTime="2026-09-27T11:35:56.2557186+09:00" endTime="2026-09-27T11:35:56.2576872+09:00" testType="13cdc9d9-ddb5-4fa4-a97d-d965ccfc6d4b" outcome="Passed" testListId="8c84fa94-04c1-424b-9868-57a2d4851a1d" relativeResultsDirectory="6d7245d7-b1e7-48ae-bfd2-f302530a5544" />
    <UnitTestResult executionId="3699b878-7405-4f7f-8e67-0abed1ffe46c" testId="0a2b9f68-1de2-7262-79cb-9d88575fd435" testName="MAN01_02_03_06_ManualPairAndPendingTextSurviveMetadataWorkRefreshAndRestart" computerName="RTX5070" duration="00:00:00.0218930" startTime="2026-09-27T11:35:55.9654225+09:00" endTime="2026-09-27T11:35:55.9873148+09:00" testType="13cdc9d9-ddb5-4fa4-a97d-d965ccfc6d4b" outcome="Passed" testListId="8c84fa94-04c1-424b-9868-57a2d4851a1d" relativeResultsDirectory="3699b878-7405-4f7f-8e67-0abed1ffe46c" />
    <UnitTestResult executionId="3feb0f49-9e90-4f8b-9953-2495ff70a997" testId="da772803-04df-35be-5642-c1e3529122d8" testName="AmbiguousOrInvalidCorrectionPreservesAllDraftAndHistoricalState(&quot;invalid&quot;)" computerName="RTX5070" duration="00:00:00.0011740" startTime="2026-09-27T11:35:56.0806843+09:00" endTime="2026-09-27T11:35:56.0818579+09:00" testType="13cdc9d9-ddb5-4fa4-a97d-d965ccfc6d4b" outcome="Passed" testListId="8c84fa94-04c1-424b-9868-57a2d4851a1d" relativeResultsDirectory="3feb0f49-9e90-4f8b-9953-2495ff70a997" />
    <UnitTestResult executionId="4da7f5b5-8b8e-41de-b776-f4178a2a7987" testId="fab197b1-fdf9-ed04-6850-954bb114f527" testName="UnresolvedAutoCannotPublishPreviouslyCalculatedDateDraft" computerName="RTX5070" duration="00:00:00.0014790" startTime="2026-09-27T11:35:58.6460070+09:00" endTime="2026-09-27T11:35:58.6474857+09:00" testType="13cdc9d9-ddb5-4fa4-a97d-d965ccfc6d4b" outcome="Passed" testListId="8c84fa94-04c1-424b-9868-57a2d4851a1d" relativeResultsDirectory="4da7f5b5-8b8e-41de-b776-f4178a2a7987" />
    <UnitTestResult executionId="3da319ef-b818-4c3c-a89e-45c89f866836" testId="f086173f-bdfc-ff4a-ff6a-0e4a6053decc" testName="CompatibleRefreshKeepsPendingActualAndAConfirmedCorrectionUpdatesTheMatchingProjection(False)" computerName="RTX5070" duration="00:00:00.0102570" startTime="2026-09-27T11:35:56.0853321+09:00" endTime="2026-09-27T11:35:56.0955886+09:00" testType="13cdc9d9-ddb5-4fa4-a97d-d965ccfc6d4b" outcome="Passed" testListId="8c84fa94-04c1-424b-9868-57a2d4851a1d" relativeResultsDirectory="3da319ef-b818-4c3c-a89e-45c89f866836" />
    <UnitTestResult executionId="184c08d4-2e76-41dd-b4e8-23c6dffe961b" testId="d0ba7848-c46f-0621-fedd-1f249ea9ba97" testName="AmbiguousOrInvalidCorrectionPreservesAllDraftAndHistoricalState(&quot;multiple&quot;)" computerName="RTX5070" duration="00:00:00.0732020" startTime="2026-09-27T11:35:55.9967354+09:00" endTime="2026-09-27T11:35:56.0699372+09:00" testType="13cdc9d9-ddb5-4fa4-a97d-d965ccfc6d4b" outcome="Passed" testListId="8c84fa94-04c1-424b-9868-57a2d4851a1d" relativeResultsDirectory="184c08d4-2e76-41dd-b4e8-23c6dffe961b" />
    <UnitTestResult executionId="8ad86963-ef25-4e1e-9309-b83d04a3bd1a" testId="4738dead-6f54-5a01-c4b8-d1777da84052" testName="DatedCorrectionKeepsHistoricalWorkerIndependentWorkAndRestorableUndo(&quot;7.000&quot;,&quot;7&quot;)" computerName="RTX5070" duration="00:00:00.0172539" startTime="2026-09-27T11:35:56.2198742+09:00" endTime="2026-09-27T11:35:56.2371278+09:00" testType="13cdc9d9-ddb5-4fa4-a97d-d965ccfc6d4b" outcome="Passed" testListId="8c84fa94-04c1-424b-9868-57a2d4851a1d" relativeResultsDirectory="8ad86963-ef25-4e1e-9309-b83d04a3bd1a" />
    <UnitTestResult executionId="8e1f63ae-b484-4d32-b446-2e3c8da9e50f" testId="513d9c18-4f0e-fb8d-9a56-7924b74c4ca9" testName="CompatibleRefreshKeepsPendingActualAndAConfirmedCorrectionUpdatesTheMatchingProjection(True)" computerName="RTX5070" duration="00:00:00.0034730" startTime="2026-09-27T11:35:56.0956443+09:00" endTime="2026-09-27T11:35:56.0991164+09:00" testType="13cdc9d9-ddb5-4fa4-a97d-d965ccfc6d4b" outcome="Passed" testListId="8c84fa94-04c1-424b-9868-57a2d4851a1d" relativeResultsDirectory="8e1f63ae-b484-4d32-b446-2e3c8da9e50f" />
    <UnitTestResult executionId="95e0becd-fab2-4209-ac15-4c54630f7593" testId="2ce8bfac-e847-89e5-1563-5864fed5bad0" testName="EditingOneEndpointCannotClearTheOtherObservedDayWhoseExactTimeIsUnknown(&quot;Finish&quot;,Auto)" computerName="RTX5070" duration="00:00:00.0014560" startTime="2026-09-27T11:35:56.2671315+09:00" endTime="2026-09-27T11:35:56.2685869+09:00" testType="13cdc9d9-ddb5-4fa4-a97d-d965ccfc6d4b" outcome="Passed" testListId="8c84fa94-04c1-424b-9868-57a2d4851a1d" relativeResultsDirectory="95e0becd-fab2-4209-ac15-4c54630f7593" />
    <UnitTestResult executionId="d04a1eda-28ee-4867-af84-3422b6af6d8d" testId="4500a81b-69ba-6f9a-0f84-3d79635200b3" testName="AmbiguousOrInvalidCorrectionPreservesAllDraftAndHistoricalState(&quot;worker&quot;)" computerName="RTX5070" duration="00:00:00.0014300" startTime="2026-09-27T11:35:56.0699667+09:00" endTime="2026-09-27T11:35:56.0713962+09:00" testType="13cdc9d9-ddb5-4fa4-a97d-d965ccfc6d4b" outcome="Passed" testListId="8c84fa94-04c1-424b-9868-57a2d4851a1d" relativeResultsDirectory="d04a1eda-28ee-4867-af84-3422b6af6d8d" />
    <UnitTestResult executionId="341e45dd-31f8-44dd-a447-f6ecf9cd2f72" testId="a2f80b7c-2afd-9a05-91fd-b1cb08c597f5" testName="KeepingOutsideActualTotalRequiresExplicitReportsAndReportedThroughDate" computerName="RTX5070" duration="00:00:00.1376350" startTime="2026-09-27T11:35:55.8271163+09:00" endTime="2026-09-27T11:35:55.9647184+09:00" testType="13cdc9d9-ddb5-4fa4-a97d-d965ccfc6d4b" outcome="Passed" testListId="8c84fa94-04c1-424b-9868-57a2d4851a1d" relativeResultsDirectory="341e45dd-31f8-44dd-a447-f6ecf9cd2f72" />
  </Results>
  <TestDefinitions>
    <UnitTest name="DetachedPreviewAcceptsAnUnchangedRetainedTaskButRejectsItsModification" storage="c:\users\mwam0\.copilot\repos\gh-projects-boards\tests\ghprojectsboards.tests\bin\release\net10.0-windows\ghprojectsboards.tests.dll" id="155b0500-7ffe-ef9d-319c-a32e16feb906">
      <Execution id="6d5d59cc-f6b2-4051-8f39-ef659a159981" />
      <TestMethod codeBase="C:\Users\mwam0\.copilot\repos\gh-projects-boards\tests\GhProjectsBoards.Tests\bin\Release\net10.0-windows\GhProjectsBoards.Tests.dll" adapterTypeName="executor://nunit3testexecutor/" className="GhProjectsBoards.Tests.PlanningReviewRegressionTests" name="DetachedPreviewAcceptsAnUnchangedRetainedTaskButRejectsItsModification" />
    </UnitTest>
    <UnitTest name="UnresolvedAutoCannotPublishPreviouslyCalculatedDateDraft" storage="c:\users\mwam0\.copilot\repos\gh-projects-boards\tests\ghprojectsboards.tests\bin\release\net10.0-windows\ghprojectsboards.tests.dll" id="fab197b1-fdf9-ed04-6850-954bb114f527">
      <Execution id="4da7f5b5-8b8e-41de-b776-f4178a2a7987" />
      <TestMethod codeBase="C:\Users\mwam0\.copilot\repos\gh-projects-boards\tests\GhProjectsBoards.Tests\bin\Release\net10.0-windows\GhProjectsBoards.Tests.dll" adapterTypeName="executor://nunit3testexecutor/" className="GhProjectsBoards.Tests.PlanningTransitionTests" name="UnresolvedAutoCannotPublishPreviouslyCalculatedDateDraft" />
    </UnitTest>
    <UnitTest name="EditingOneEndpointCannotClearTheOtherObservedDayWhoseExactTimeIsUnknown(&quot;Start&quot;,Auto)" storage="c:\users\mwam0\.copilot\repos\gh-projects-boards\tests\ghprojectsboards.tests\bin\release\net10.0-windows\ghprojectsboards.tests.dll" id="d77f8599-121b-fdec-0807-2a253d792478">
      <Execution id="2c77028e-e46c-4a88-8893-72dad9230ab4" />
      <TestMethod codeBase="C:\Users\mwam0\.copilot\repos\gh-projects-boards\tests\GhProjectsBoards.Tests\bin\Release\net10.0-windows\GhProjectsBoards.Tests.dll" adapterTypeName="executor://nunit3testexecutor/" className="GhProjectsBoards.Tests.PlanningReviewRegressionTests" name="EditingOneEndpointCannotClearTheOtherObservedDayWhoseExactTimeIsUnknown(&quot;Start&quot;,Auto)" />
    </UnitTest>
    <UnitTest name="NativeGraphChangeRevokesPriorPlanningUndoEvenWhenPublishedDayDoesNotChange" storage="c:\users\mwam0\.copilot\repos\gh-projects-boards\tests\ghprojectsboards.tests\bin\release\net10.0-windows\ghprojectsboards.tests.dll" id="59b96fda-407f-cb35-580d-bda2c300ad8d">
      <Execution id="eb9d33fc-5767-41ab-aa83-25b9fb8379e9" />
      <TestMethod codeBase="C:\Users\mwam0\.copilot\repos\gh-projects-boards\tests\GhProjectsBoards.Tests\bin\Release\net10.0-windows\GhProjectsBoards.Tests.dll" adapterTypeName="executor://nunit3testexecutor/" className="GhProjectsBoards.Tests.PlanningTransitionTests" name="NativeGraphChangeRevokesPriorPlanningUndoEvenWhenPublishedDayDoesNotChange" />
    </UnitTest>
    <UnitTest name="CompatibleRefreshKeepsPendingActualAndAConfirmedCorrectionUpdatesTheMatchingProjection(False)" storage="c:\users\mwam0\.copilot\repos\gh-projects-boards\tests\ghprojectsboards.tests\bin\release\net10.0-windows\ghprojectsboards.tests.dll" id="f086173f-bdfc-ff4a-ff6a-0e4a6053decc">
      <Execution id="3da319ef-b818-4c3c-a89e-45c89f866836" />
      <TestMethod codeBase="C:\Users\mwam0\.copilot\repos\gh-projects-boards\tests\GhProjectsBoards.Tests\bin\Release\net10.0-windows\GhProjectsBoards.Tests.dll" adapterTypeName="executor://nunit3testexecutor/" className="GhProjectsBoards.Tests.PlanningCellInputTests" name="CompatibleRefreshKeepsPendingActualAndAConfirmedCorrectionUpdatesTheMatchingProjection(False)" />
    </UnitTest>
    <UnitTest name="PendingTextRefreshUsesCompatibleCommittedWorkAndHoldsRealConflict(&quot;16&quot;,True)" storage="c:\users\mwam0\.copilot\repos\gh-projects-boards\tests\ghprojectsboards.tests\bin\release\net10.0-windows\ghprojectsboards.tests.dll" id="932c733a-3067-9f40-4b15-3390b87ebc97">
      <Execution id="d15fff7d-5796-4a38-aa91-e3352e377f9f" />
      <TestMethod codeBase="C:\Users\mwam0\.copilot\repos\gh-projects-boards\tests\GhProjectsBoards.Tests\bin\Release\net10.0-windows\GhProjectsBoards.Tests.dll" adapterTypeName="executor://nunit3testexecutor/" className="GhProjectsBoards.Tests.PlanningTransitionTests" name="PendingTextRefreshUsesCompatibleCommittedWorkAndHoldsRealConflict(&quot;16&quot;,True)" />
    </UnitTest>
    <UnitTest name="OutsideDateRequiresExactDecisionAndUndoRetainsFreshRemoteBaseline(&quot;Finish&quot;,null,null)" storage="c:\users\mwam0\.copilot\repos\gh-projects-boards\tests\ghprojectsboards.tests\bin\release\net10.0-windows\ghprojectsboards.tests.dll" id="a2562ae3-cf6b-466f-68d4-e5cfba763908">
      <Execution id="1955de91-959b-4249-bfbc-f935a33d5270" />
      <TestMethod codeBase="C:\Users\mwam0\.copilot\repos\gh-projects-boards\tests\GhProjectsBoards.Tests\bin\Release\net10.0-windows\GhProjectsBoards.Tests.dll" adapterTypeName="executor://nunit3testexecutor/" className="GhProjectsBoards.Tests.ManualPlanningTests" name="OutsideDateRequiresExactDecisionAndUndoRetainsFreshRemoteBaseline(&quot;Finish&quot;,null,null)" />
    </UnitTest>
    <UnitTest name="UnrelatedWorkOnAPartialManualTaskKeepsTheObservedDayWithUnknownTime(False)" storage="c:\users\mwam0\.copilot\repos\gh-projects-boards\tests\ghprojectsboards.tests\bin\release\net10.0-windows\ghprojectsboards.tests.dll" id="5a1c21dd-9864-0af8-74a1-d7c462bd64de">
      <Execution id="1a41e6af-1f3a-4931-9fa6-005c39fafb17" />
      <TestMethod codeBase="C:\Users\mwam0\.copilot\repos\gh-projects-boards\tests\GhProjectsBoards.Tests\bin\Release\net10.0-windows\GhProjectsBoards.Tests.dll" adapterTypeName="executor://nunit3testexecutor/" className="GhProjectsBoards.Tests.PlanningReviewRegressionTests" name="UnrelatedWorkOnAPartialManualTaskKeepsTheObservedDayWithUnknownTime(False)" />
    </UnitTest>
    <UnitTest name="KeepingOutsideActualTotalRequiresExplicitReportsAndReportedThroughDate" storage="c:\users\mwam0\.copilot\repos\gh-projects-boards\tests\ghprojectsboards.tests\bin\release\net10.0-windows\ghprojectsboards.tests.dll" id="a2f80b7c-2afd-9a05-91fd-b1cb08c597f5">
      <Execution id="341e45dd-31f8-44dd-a447-f6ecf9cd2f72" />
      <TestMethod codeBase="C:\Users\mwam0\.copilot\repos\gh-projects-boards\tests\GhProjectsBoards.Tests\bin\Release\net10.0-windows\GhProjectsBoards.Tests.dll" adapterTypeName="executor://nunit3testexecutor/" className="GhProjectsBoards.Tests.ManualPlanningTests" name="KeepingOutsideActualTotalRequiresExplicitReportsAndReportedThroughDate" />
    </UnitTest>
    <UnitTest name="AmbiguousOrInvalidCorrectionPreservesAllDraftAndHistoricalState(&quot;date&quot;)" storage="c:\users\mwam0\.copilot\repos\gh-projects-boards\tests\ghprojectsboards.tests\bin\release\net10.0-windows\ghprojectsboards.tests.dll" id="04c81fac-a2f4-33cb-4d13-718c4abc6f3f">
      <Execution id="e4b6d807-502e-412c-b770-747d0428f606" />
      <TestMethod codeBase="C:\Users\mwam0\.copilot\repos\gh-projects-boards\tests\GhProjectsBoards.Tests\bin\Release\net10.0-windows\GhProjectsBoards.Tests.dll" adapterTypeName="executor://nunit3testexecutor/" className="GhProjectsBoards.Tests.PlanningCellInputTests" name="AmbiguousOrInvalidCorrectionPreservesAllDraftAndHistoricalState(&quot;date&quot;)" />
    </UnitTest>
    <UnitTest name="DatedCorrectionKeepsHistoricalWorkerIndependentWorkAndRestorableUndo(&quot;7&quot;,&quot;7&quot;)" storage="c:\users\mwam0\.copilot\repos\gh-projects-boards\tests\ghprojectsboards.tests\bin\release\net10.0-windows\ghprojectsboards.tests.dll" id="ae623d98-cc50-97e7-baae-ec36f6854d28">
      <Execution id="98cb3c07-b88e-42ee-bc4e-53f2e6a2db80" />
      <TestMethod codeBase="C:\Users\mwam0\.copilot\repos\gh-projects-boards\tests\GhProjectsBoards.Tests\bin\Release\net10.0-windows\GhProjectsBoards.Tests.dll" adapterTypeName="executor://nunit3testexecutor/" className="GhProjectsBoards.Tests.PlanningCellInputTests" name="DatedCorrectionKeepsHistoricalWorkerIndependentWorkAndRestorableUndo(&quot;7&quot;,&quot;7&quot;)" />
    </UnitTest>
    <UnitTest name="DatedCorrectionKeepsHistoricalWorkerIndependentWorkAndRestorableUndo(&quot;0&quot;,&quot;0&quot;)" storage="c:\users\mwam0\.copilot\repos\gh-projects-boards\tests\ghprojectsboards.tests\bin\release\net10.0-windows\ghprojectsboards.tests.dll" id="03d04505-7e82-d6da-f100-69bb248458ac">
      <Execution id="a3f8a5df-4787-42bd-9f18-98f10e1b2297" />
      <TestMethod codeBase="C:\Users\mwam0\.copilot\repos\gh-projects-boards\tests\GhProjectsBoards.Tests\bin\Release\net10.0-windows\GhProjectsBoards.Tests.dll" adapterTypeName="executor://nunit3testexecutor/" className="GhProjectsBoards.Tests.PlanningCellInputTests" name="DatedCorrectionKeepsHistoricalWorkerIndependentWorkAndRestorableUndo(&quot;0&quot;,&quot;0&quot;)" />
    </UnitTest>
    <UnitTest name="RemoteNumberOutsideHoursDomainRemainsReadableAndRequiresExplicitWorker(&quot;-1&quot;)" storage="c:\users\mwam0\.copilot\repos\gh-projects-boards\tests\ghprojectsboards.tests\bin\release\net10.0-windows\ghprojectsboards.tests.dll" id="a90137dd-cb9e-190c-19d2-6f4435209eee">
      <Execution id="998bcb50-bf79-404a-8f50-130b97b6507b" />
      <TestMethod codeBase="C:\Users\mwam0\.copilot\repos\gh-projects-boards\tests\GhProjectsBoards.Tests\bin\Release\net10.0-windows\GhProjectsBoards.Tests.dll" adapterTypeName="executor://nunit3testexecutor/" className="GhProjectsBoards.Tests.PlanningReviewRegressionTests" name="RemoteNumberOutsideHoursDomainRemainsReadableAndRequiresExplicitWorker(&quot;-1&quot;)" />
    </UnitTest>
    <UnitTest name="EmptyBreakdownUpdateCannotTurnAnUnattributedObservedTotalIntoDeletion" storage="c:\users\mwam0\.copilot\repos\gh-projects-boards\tests\ghprojectsboards.tests\bin\release\net10.0-windows\ghprojectsboards.tests.dll" id="367dd4a5-f2f9-d7d5-1cd6-c18e8c8b9d57">
      <Execution id="28ec55af-7ae0-4dba-bc10-567783e0ed33" />
      <TestMethod codeBase="C:\Users\mwam0\.copilot\repos\gh-projects-boards\tests\GhProjectsBoards.Tests\bin\Release\net10.0-windows\GhProjectsBoards.Tests.dll" adapterTypeName="executor://nunit3testexecutor/" className="GhProjectsBoards.Tests.PlanningReviewRegressionTests" name="EmptyBreakdownUpdateCannotTurnAnUnattributedObservedTotalIntoDeletion" />
    </UnitTest>
    <UnitTest name="NewSingleWorkerIsProposedButUnknownAndExplicitRemovalRemainDifferentFromZero" storage="c:\users\mwam0\.copilot\repos\gh-projects-boards\tests\ghprojectsboards.tests\bin\release\net10.0-windows\ghprojectsboards.tests.dll" id="3bf5f3c3-fd15-0e47-2f40-84effe281e09">
      <Execution id="40fdb954-1e58-458c-9286-40d0d5740f14" />
      <TestMethod codeBase="C:\Users\mwam0\.copilot\repos\gh-projects-boards\tests\GhProjectsBoards.Tests\bin\Release\net10.0-windows\GhProjectsBoards.Tests.dll" adapterTypeName="executor://nunit3testexecutor/" className="GhProjectsBoards.Tests.PlanningCellInputTests" name="NewSingleWorkerIsProposedButUnknownAndExplicitRemovalRemainDifferentFromZero" />
    </UnitTest>
    <UnitTest name="PendingTextRefreshUsesCompatibleCommittedWorkAndHoldsRealConflict(null,True)" storage="c:\users\mwam0\.copilot\repos\gh-projects-boards\tests\ghprojectsboards.tests\bin\release\net10.0-windows\ghprojectsboards.tests.dll" id="4ae1b96d-e2b0-0d11-b64a-8c95329bd86e">
      <Execution id="63dac3be-cbef-498a-9765-e989cbc80037" />
      <TestMethod codeBase="C:\Users\mwam0\.copilot\repos\gh-projects-boards\tests\GhProjectsBoards.Tests\bin\Release\net10.0-windows\GhProjectsBoards.Tests.dll" adapterTypeName="executor://nunit3testexecutor/" className="GhProjectsBoards.Tests.PlanningTransitionTests" name="PendingTextRefreshUsesCompatibleCommittedWorkAndHoldsRealConflict(null,True)" />
    </UnitTest>
    <UnitTest name="PlanningCandidateCannotOmitARetainedAbsentTask" storage="c:\users\mwam0\.copilot\repos\gh-projects-boards\tests\ghprojectsboards.tests\bin\release\net10.0-windows\ghprojectsboards.tests.dll" id="c70c9c72-3077-0534-23ac-bd28ff43edf8">
      <Execution id="3693a7a7-8d32-4fb6-97fa-80a10629e0fe" />
      <TestMethod codeBase="C:\Users\mwam0\.copilot\repos\gh-projects-boards\tests\GhProjectsBoards.Tests\bin\Release\net10.0-windows\GhProjectsBoards.Tests.dll" adapterTypeName="executor://nunit3testexecutor/" className="GhProjectsBoards.Tests.PlanningReviewRegressionTests" name="PlanningCandidateCannotOmitARetainedAbsentTask" />
    </UnitTest>
    <UnitTest name="PendingTextRefreshUsesCompatibleCommittedWorkAndHoldsRealConflict(&quot;8&quot;,False)" storage="c:\users\mwam0\.copilot\repos\gh-projects-boards\tests\ghprojectsboards.tests\bin\release\net10.0-windows\ghprojectsboards.tests.dll" id="2c8db10d-d376-48f8-ce9f-427fcccf308e">
      <Execution id="92e25b6c-c234-40ea-8fc8-314c3604a3aa" />
      <TestMethod codeBase="C:\Users\mwam0\.copilot\repos\gh-projects-boards\tests\GhProjectsBoards.Tests\bin\Release\net10.0-windows\GhProjectsBoards.Tests.dll" adapterTypeName="executor://nunit3testexecutor/" className="GhProjectsBoards.Tests.PlanningTransitionTests" name="PendingTextRefreshUsesCompatibleCommittedWorkAndHoldsRealConflict(&quot;8&quot;,False)" />
    </UnitTest>
    <UnitTest name="CompatibleRefreshKeepsPendingActualAndAConfirmedCorrectionUpdatesTheMatchingProjection(True)" storage="c:\users\mwam0\.copilot\repos\gh-projects-boards\tests\ghprojectsboards.tests\bin\release\net10.0-windows\ghprojectsboards.tests.dll" id="513d9c18-4f0e-fb8d-9a56-7924b74c4ca9">
      <Execution id="8e1f63ae-b484-4d32-b446-2e3c8da9e50f" />
      <TestMethod codeBase="C:\Users\mwam0\.copilot\repos\gh-projects-boards\tests\GhProjectsBoards.Tests\bin\Release\net10.0-windows\GhProjectsBoards.Tests.dll" adapterTypeName="executor://nunit3testexecutor/" className="GhProjectsBoards.Tests.PlanningCellInputTests" name="CompatibleRefreshKeepsPendingActualAndAConfirmedCorrectionUpdatesTheMatchingProjection(True)" />
    </UnitTest>
    <UnitTest name="MAN05_UnplannedCannotEraseAnAdoptedManualOverride" storage="c:\users\mwam0\.copilot\repos\gh-projects-boards\tests\ghprojectsboards.tests\bin\release\net10.0-windows\ghprojectsboards.tests.dll" id="85dfa5b7-140f-08ba-80a4-229452932e34">
      <Execution id="ddd6e048-1112-4432-a77c-39ed924d89c7" />
      <TestMethod codeBase="C:\Users\mwam0\.copilot\repos\gh-projects-boards\tests\GhProjectsBoards.Tests\bin\Release\net10.0-windows\GhProjectsBoards.Tests.dll" adapterTypeName="executor://nunit3testexecutor/" className="GhProjectsBoards.Tests.PlanningTransitionTests" name="MAN05_UnplannedCannotEraseAnAdoptedManualOverride" />
    </UnitTest>
    <UnitTest name="OrdinaryManualOrEstimateInputDoesNotAdoptTheAssigneeOfALegacyUnplannedTask(False)" storage="c:\users\mwam0\.copilot\repos\gh-projects-boards\tests\ghprojectsboards.tests\bin\release\net10.0-windows\ghprojectsboards.tests.dll" id="fcb0e914-9098-69c7-2f80-f26025adc7a5">
      <Execution id="50bfae19-c604-474d-9193-534641c78140" />
      <TestMethod codeBase="C:\Users\mwam0\.copilot\repos\gh-projects-boards\tests\GhProjectsBoards.Tests\bin\Release\net10.0-windows\GhProjectsBoards.Tests.dll" adapterTypeName="executor://nunit3testexecutor/" className="GhProjectsBoards.Tests.PlanningReviewRegressionTests" name="OrdinaryManualOrEstimateInputDoesNotAdoptTheAssigneeOfALegacyUnplannedTask(False)" />
    </UnitTest>
    <UnitTest name="AmbiguousOrInvalidCorrectionPreservesAllDraftAndHistoricalState(&quot;invalid&quot;)" storage="c:\users\mwam0\.copilot\repos\gh-projects-boards\tests\ghprojectsboards.tests\bin\release\net10.0-windows\ghprojectsboards.tests.dll" id="da772803-04df-35be-5642-c1e3529122d8">
      <Execution id="3feb0f49-9e90-4f8b-9953-2495ff70a997" />
      <TestMethod codeBase="C:\Users\mwam0\.copilot\repos\gh-projects-boards\tests\GhProjectsBoards.Tests\bin\Release\net10.0-windows\GhProjectsBoards.Tests.dll" adapterTypeName="executor://nunit3testexecutor/" className="GhProjectsBoards.Tests.PlanningCellInputTests" name="AmbiguousOrInvalidCorrectionPreservesAllDraftAndHistoricalState(&quot;invalid&quot;)" />
    </UnitTest>
    <UnitTest name="AmbiguousOrInvalidCorrectionPreservesAllDraftAndHistoricalState(&quot;worker&quot;)" storage="c:\users\mwam0\.copilot\repos\gh-projects-boards\tests\ghprojectsboards.tests\bin\release\net10.0-windows\ghprojectsboards.tests.dll" id="4500a81b-69ba-6f9a-0f84-3d79635200b3">
      <Execution id="d04a1eda-28ee-4867-af84-3422b6af6d8d" />
      <TestMethod codeBase="C:\Users\mwam0\.copilot\repos\gh-projects-boards\tests\GhProjectsBoards.Tests\bin\Release\net10.0-windows\GhProjectsBoards.Tests.dll" adapterTypeName="executor://nunit3testexecutor/" className="GhProjectsBoards.Tests.PlanningCellInputTests" name="AmbiguousOrInvalidCorrectionPreservesAllDraftAndHistoricalState(&quot;worker&quot;)" />
    </UnitTest>
    <UnitTest name="EditingOneEndpointCannotClearTheOtherObservedDayWhoseExactTimeIsUnknown(&quot;Start&quot;,Unplanned)" storage="c:\users\mwam0\.copilot\repos\gh-projects-boards\tests\ghprojectsboards.tests\bin\release\net10.0-windows\ghprojectsboards.tests.dll" id="7b109f0f-e14d-410d-38f4-126937a9044a">
      <Execution id="774271fd-cbf5-4d4e-8379-ac185cdd451f" />
      <TestMethod codeBase="C:\Users\mwam0\.copilot\repos\gh-projects-boards\tests\GhProjectsBoards.Tests\bin\Release\net10.0-windows\GhProjectsBoards.Tests.dll" adapterTypeName="executor://nunit3testexecutor/" className="GhProjectsBoards.Tests.PlanningReviewRegressionTests" name="EditingOneEndpointCannotClearTheOtherObservedDayWhoseExactTimeIsUnknown(&quot;Start&quot;,Unplanned)" />
    </UnitTest>
    <UnitTest name="DirectManualCandidateCannotClearAnObservedDayWithoutAnExplicitEndpointDecision(Unplanned)" storage="c:\users\mwam0\.copilot\repos\gh-projects-boards\tests\ghprojectsboards.tests\bin\release\net10.0-windows\ghprojectsboards.tests.dll" id="08030af0-35b4-8c59-b747-2c9a7a18b101">
      <Execution id="6d7245d7-b1e7-48ae-bfd2-f302530a5544" />
      <TestMethod codeBase="C:\Users\mwam0\.copilot\repos\gh-projects-boards\tests\GhProjectsBoards.Tests\bin\Release\net10.0-windows\GhProjectsBoards.Tests.dll" adapterTypeName="executor://nunit3testexecutor/" className="GhProjectsBoards.Tests.PlanningReviewRegressionTests" name="DirectManualCandidateCannotClearAnObservedDayWithoutAnExplicitEndpointDecision(Unplanned)" />
    </UnitTest>
    <UnitTest name="RemoteNumberOutsideHoursDomainRemainsReadableAndRequiresExplicitWorker(&quot;1000000001&quot;)" storage="c:\users\mwam0\.copilot\repos\gh-projects-boards\tests\ghprojectsboards.tests\bin\release\net10.0-windows\ghprojectsboards.tests.dll" id="9863448a-4ec9-59c3-159a-51618fc7ee7a">
      <Execution id="e9995dbf-1e76-45e4-8cb9-a12f4bf4594e" />
      <TestMethod codeBase="C:\Users\mwam0\.copilot\repos\gh-projects-boards\tests\GhProjectsBoards.Tests\bin\Release\net10.0-windows\GhProjectsBoards.Tests.dll" adapterTypeName="executor://nunit3testexecutor/" className="GhProjectsBoards.Tests.PlanningReviewRegressionTests" name="RemoteNumberOutsideHoursDomainRemainsReadableAndRequiresExplicitWorker(&quot;1000000001&quot;)" />
    </UnitTest>
    <UnitTest name="ReopeningRequiresExplicitRemainingAndPreservesActualsAndManualUntilReleased" storage="c:\users\mwam0\.copilot\repos\gh-projects-boards\tests\ghprojectsboards.tests\bin\release\net10.0-windows\ghprojectsboards.tests.dll" id="5fa0d127-4c0e-c219-d150-dc48ed1ea153">
      <Execution id="c332ca0c-8130-462c-b680-e5ec3fbd077c" />
      <TestMethod codeBase="C:\Users\mwam0\.copilot\repos\gh-projects-boards\tests\GhProjectsBoards.Tests\bin\Release\net10.0-windows\GhProjectsBoards.Tests.dll" adapterTypeName="executor://nunit3testexecutor/" className="GhProjectsBoards.Tests.PlanningTransitionTests" name="ReopeningRequiresExplicitRemainingAndPreservesActualsAndManualUntilReleased" />
    </UnitTest>
    <UnitTest name="DirectManualCandidateCannotClearAnObservedDayWithoutAnExplicitEndpointDecision(Auto)" storage="c:\users\mwam0\.copilot\repos\gh-projects-boards\tests\ghprojectsboards.tests\bin\release\net10.0-windows\ghprojectsboards.tests.dll" id="021b08aa-2663-fe9a-6892-86f4214fcab7">
      <Execution id="4c099634-ab1d-4e9f-92ca-0623d00a34ca" />
      <TestMethod codeBase="C:\Users\mwam0\.copilot\repos\gh-projects-boards\tests\GhProjectsBoards.Tests\bin\Release\net10.0-windows\GhProjectsBoards.Tests.dll" adapterTypeName="executor://nunit3testexecutor/" className="GhProjectsBoards.Tests.PlanningReviewRegressionTests" name="DirectManualCandidateCannotClearAnObservedDayWithoutAnExplicitEndpointDecision(Auto)" />
    </UnitTest>
    <UnitTest name="OrdinaryManualOrEstimateInputDoesNotAdoptTheAssigneeOfALegacyUnplannedTask(True)" storage="c:\users\mwam0\.copilot\repos\gh-projects-boards\tests\ghprojectsboards.tests\bin\release\net10.0-windows\ghprojectsboards.tests.dll" id="20c82203-9f45-4d51-fdec-18511b40d6e5">
      <Execution id="fdccb97f-576d-4ee2-b97e-ae9fe84ac443" />
      <TestMethod codeBase="C:\Users\mwam0\.copilot\repos\gh-projects-boards\tests\GhProjectsBoards.Tests\bin\Release\net10.0-windows\GhProjectsBoards.Tests.dll" adapterTypeName="executor://nunit3testexecutor/" className="GhProjectsBoards.Tests.PlanningReviewRegressionTests" name="OrdinaryManualOrEstimateInputDoesNotAdoptTheAssigneeOfALegacyUnplannedTask(True)" />
    </UnitTest>
    <UnitTest name="EditingOneEndpointCannotClearTheOtherObservedDayWhoseExactTimeIsUnknown(&quot;Finish&quot;,Unplanned)" storage="c:\users\mwam0\.copilot\repos\gh-projects-boards\tests\ghprojectsboards.tests\bin\release\net10.0-windows\ghprojectsboards.tests.dll" id="99c77445-ada7-e1dc-0e61-4c583dd32ba6">
      <Execution id="58d61e8c-3f4f-48c2-99a9-f2cb7beb861a" />
      <TestMethod codeBase="C:\Users\mwam0\.copilot\repos\gh-projects-boards\tests\GhProjectsBoards.Tests\bin\Release\net10.0-windows\GhProjectsBoards.Tests.dll" adapterTypeName="executor://nunit3testexecutor/" className="GhProjectsBoards.Tests.PlanningReviewRegressionTests" name="EditingOneEndpointCannotClearTheOtherObservedDayWhoseExactTimeIsUnknown(&quot;Finish&quot;,Unplanned)" />
    </UnitTest>
    <UnitTest name="DatedCorrectionKeepsHistoricalWorkerIndependentWorkAndRestorableUndo(&quot;7.000&quot;,&quot;7&quot;)" storage="c:\users\mwam0\.copilot\repos\gh-projects-boards\tests\ghprojectsboards.tests\bin\release\net10.0-windows\ghprojectsboards.tests.dll" id="4738dead-6f54-5a01-c4b8-d1777da84052">
      <Execution id="8ad86963-ef25-4e1e-9309-b83d04a3bd1a" />
      <TestMethod codeBase="C:\Users\mwam0\.copilot\repos\gh-projects-boards\tests\GhProjectsBoards.Tests\bin\Release\net10.0-windows\GhProjectsBoards.Tests.dll" adapterTypeName="executor://nunit3testexecutor/" className="GhProjectsBoards.Tests.PlanningCellInputTests" name="DatedCorrectionKeepsHistoricalWorkerIndependentWorkAndRestorableUndo(&quot;7.000&quot;,&quot;7&quot;)" />
    </UnitTest>
    <UnitTest name="PublishedWorkRevokesEarlierSettingsUndoThatWouldDivergeFromAdoptedDateFields" storage="c:\users\mwam0\.copilot\repos\gh-projects-boards\tests\ghprojectsboards.tests\bin\release\net10.0-windows\ghprojectsboards.tests.dll" id="09c9d0e4-7678-bb6c-aba9-d94f76e2c051">
      <Execution id="e3d684c6-f3b7-4e72-a893-d8390c344efa" />
      <TestMethod codeBase="C:\Users\mwam0\.copilot\repos\gh-projects-boards\tests\GhProjectsBoards.Tests\bin\Release\net10.0-windows\GhProjectsBoards.Tests.dll" adapterTypeName="executor://nunit3testexecutor/" className="GhProjectsBoards.Tests.PlanningTransitionTests" name="PublishedWorkRevokesEarlierSettingsUndoThatWouldDivergeFromAdoptedDateFields" />
    </UnitTest>
    <UnitTest name="OutsideDateRequiresExactDecisionAndUndoRetainsFreshRemoteBaseline(&quot;Start&quot;,&quot;2026-10-07&quot;,&quot;2026-10-07 09:17&quot;)" storage="c:\users\mwam0\.copilot\repos\gh-projects-boards\tests\ghprojectsboards.tests\bin\release\net10.0-windows\ghprojectsboards.tests.dll" id="90b0f86d-ae7c-5de3-44d5-8c5a37592517">
      <Execution id="22f8e439-0ba6-4e7a-9705-d566437c673d" />
      <TestMethod codeBase="C:\Users\mwam0\.copilot\repos\gh-projects-boards\tests\GhProjectsBoards.Tests\bin\Release\net10.0-windows\GhProjectsBoards.Tests.dll" adapterTypeName="executor://nunit3testexecutor/" className="GhProjectsBoards.Tests.ManualPlanningTests" name="OutsideDateRequiresExactDecisionAndUndoRetainsFreshRemoteBaseline(&quot;Start&quot;,&quot;2026-10-07&quot;,&quot;2026-10-07 09:17&quot;)" />
    </UnitTest>
    <UnitTest name="RemoteNumberOutsideHoursDomainRemainsReadableAndRequiresExplicitWorker(&quot;0.000000001&quot;)" storage="c:\users\mwam0\.copilot\repos\gh-projects-boards\tests\ghprojectsboards.tests\bin\release\net10.0-windows\ghprojectsboards.tests.dll" id="659a2c11-dab2-9f75-a8b6-35820698572b">
      <Execution id="57d87f5f-e990-4e76-83f8-1e147ae14347" />
      <TestMethod codeBase="C:\Users\mwam0\.copilot\repos\gh-projects-boards\tests\GhProjectsBoards.Tests\bin\Release\net10.0-windows\GhProjectsBoards.Tests.dll" adapterTypeName="executor://nunit3testexecutor/" className="GhProjectsBoards.Tests.PlanningReviewRegressionTests" name="RemoteNumberOutsideHoursDomainRemainsReadableAndRequiresExplicitWorker(&quot;0.000000001&quot;)" />
    </UnitTest>
    <UnitTest name="EditingOneEndpointCannotClearTheOtherObservedDayWhoseExactTimeIsUnknown(&quot;Finish&quot;,Auto)" storage="c:\users\mwam0\.copilot\repos\gh-projects-boards\tests\ghprojectsboards.tests\bin\release\net10.0-windows\ghprojectsboards.tests.dll" id="2ce8bfac-e847-89e5-1563-5864fed5bad0">
      <Execution id="95e0becd-fab2-4209-ac15-4c54630f7593" />
      <TestMethod codeBase="C:\Users\mwam0\.copilot\repos\gh-projects-boards\tests\GhProjectsBoards.Tests\bin\Release\net10.0-windows\GhProjectsBoards.Tests.dll" adapterTypeName="executor://nunit3testexecutor/" className="GhProjectsBoards.Tests.PlanningReviewRegressionTests" name="EditingOneEndpointCannotClearTheOtherObservedDayWhoseExactTimeIsUnknown(&quot;Finish&quot;,Auto)" />
    </UnitTest>
    <UnitTest name="UnrelatedWorkOnAPartialManualTaskKeepsTheObservedDayWithUnknownTime(True)" storage="c:\users\mwam0\.copilot\repos\gh-projects-boards\tests\ghprojectsboards.tests\bin\release\net10.0-windows\ghprojectsboards.tests.dll" id="02ac6fef-2f7f-6138-3311-39dee99cd08a">
      <Execution id="89ce1333-fb7b-43f3-ae73-709a2b54bc2b" />
      <TestMethod codeBase="C:\Users\mwam0\.copilot\repos\gh-projects-boards\tests\GhProjectsBoards.Tests\bin\Release\net10.0-windows\GhProjectsBoards.Tests.dll" adapterTypeName="executor://nunit3testexecutor/" className="GhProjectsBoards.Tests.PlanningReviewRegressionTests" name="UnrelatedWorkOnAPartialManualTaskKeepsTheObservedDayWithUnknownTime(True)" />
    </UnitTest>
    <UnitTest name="AmbiguousOrInvalidCorrectionPreservesAllDraftAndHistoricalState(&quot;revision&quot;)" storage="c:\users\mwam0\.copilot\repos\gh-projects-boards\tests\ghprojectsboards.tests\bin\release\net10.0-windows\ghprojectsboards.tests.dll" id="9d33d455-34c1-0629-27a2-57f5eacd37ac">
      <Execution id="b30e48a7-48de-49e3-99ff-ab23dd6234c2" />
      <TestMethod codeBase="C:\Users\mwam0\.copilot\repos\gh-projects-boards\tests\GhProjectsBoards.Tests\bin\Release\net10.0-windows\GhProjectsBoards.Tests.dll" adapterTypeName="executor://nunit3testexecutor/" className="GhProjectsBoards.Tests.PlanningCellInputTests" name="AmbiguousOrInvalidCorrectionPreservesAllDraftAndHistoricalState(&quot;revision&quot;)" />
    </UnitTest>
    <UnitTest name="AmbiguousOrInvalidCorrectionPreservesAllDraftAndHistoricalState(&quot;multiple&quot;)" storage="c:\users\mwam0\.copilot\repos\gh-projects-boards\tests\ghprojectsboards.tests\bin\release\net10.0-windows\ghprojectsboards.tests.dll" id="d0ba7848-c46f-0621-fedd-1f249ea9ba97">
      <Execution id="184c08d4-2e76-41dd-b4e8-23c6dffe961b" />
      <TestMethod codeBase="C:\Users\mwam0\.copilot\repos\gh-projects-boards\tests\GhProjectsBoards.Tests\bin\Release\net10.0-windows\GhProjectsBoards.Tests.dll" adapterTypeName="executor://nunit3testexecutor/" className="GhProjectsBoards.Tests.PlanningCellInputTests" name="AmbiguousOrInvalidCorrectionPreservesAllDraftAndHistoricalState(&quot;multiple&quot;)" />
    </UnitTest>
    <UnitTest name="MAN04_05_PartialManualAndExplicitReturnToAutoAreOneUndoableDecision" storage="c:\users\mwam0\.copilot\repos\gh-projects-boards\tests\ghprojectsboards.tests\bin\release\net10.0-windows\ghprojectsboards.tests.dll" id="db45da79-9ba2-1087-8067-01236e1f6110">
      <Execution id="2d24a7e2-5b5a-4f28-b5c1-cf719019c7eb" />
      <TestMethod codeBase="C:\Users\mwam0\.copilot\repos\gh-projects-boards\tests\GhProjectsBoards.Tests\bin\Release\net10.0-windows\GhProjectsBoards.Tests.dll" adapterTypeName="executor://nunit3testexecutor/" className="GhProjectsBoards.Tests.ManualPlanningTests" name="MAN04_05_PartialManualAndExplicitReturnToAutoAreOneUndoableDecision" />
    </UnitTest>
    <UnitTest name="MAN01_02_03_06_ManualPairAndPendingTextSurviveMetadataWorkRefreshAndRestart" storage="c:\users\mwam0\.copilot\repos\gh-projects-boards\tests\ghprojectsboards.tests\bin\release\net10.0-windows\ghprojectsboards.tests.dll" id="0a2b9f68-1de2-7262-79cb-9d88575fd435">
      <Execution id="3699b878-7405-4f7f-8e67-0abed1ffe46c" />
      <TestMethod codeBase="C:\Users\mwam0\.copilot\repos\gh-projects-boards\tests\GhProjectsBoards.Tests\bin\Release\net10.0-windows\GhProjectsBoards.Tests.dll" adapterTypeName="executor://nunit3testexecutor/" className="GhProjectsBoards.Tests.ManualPlanningTests" name="MAN01_02_03_06_ManualPairAndPendingTextSurviveMetadataWorkRefreshAndRestart" />
    </UnitTest>
  </TestDefinitions>
  <TestEntries>
    <TestEntry testId="99c77445-ada7-e1dc-0e61-4c583dd32ba6" executionId="58d61e8c-3f4f-48c2-99a9-f2cb7beb861a" testListId="8c84fa94-04c1-424b-9868-57a2d4851a1d" />
    <TestEntry testId="7b109f0f-e14d-410d-38f4-126937a9044a" executionId="774271fd-cbf5-4d4e-8379-ac185cdd451f" testListId="8c84fa94-04c1-424b-9868-57a2d4851a1d" />
    <TestEntry testId="932c733a-3067-9f40-4b15-3390b87ebc97" executionId="d15fff7d-5796-4a38-aa91-e3352e377f9f" testListId="8c84fa94-04c1-424b-9868-57a2d4851a1d" />
    <TestEntry testId="02ac6fef-2f7f-6138-3311-39dee99cd08a" executionId="89ce1333-fb7b-43f3-ae73-709a2b54bc2b" testListId="8c84fa94-04c1-424b-9868-57a2d4851a1d" />
    <TestEntry testId="c70c9c72-3077-0534-23ac-bd28ff43edf8" executionId="3693a7a7-8d32-4fb6-97fa-80a10629e0fe" testListId="8c84fa94-04c1-424b-9868-57a2d4851a1d" />
    <TestEntry testId="9d33d455-34c1-0629-27a2-57f5eacd37ac" executionId="b30e48a7-48de-49e3-99ff-ab23dd6234c2" testListId="8c84fa94-04c1-424b-9868-57a2d4851a1d" />
    <TestEntry testId="a90137dd-cb9e-190c-19d2-6f4435209eee" executionId="998bcb50-bf79-404a-8f50-130b97b6507b" testListId="8c84fa94-04c1-424b-9868-57a2d4851a1d" />
    <TestEntry testId="a2562ae3-cf6b-466f-68d4-e5cfba763908" executionId="1955de91-959b-4249-bfbc-f935a33d5270" testListId="8c84fa94-04c1-424b-9868-57a2d4851a1d" />
    <TestEntry testId="03d04505-7e82-d6da-f100-69bb248458ac" executionId="a3f8a5df-4787-42bd-9f18-98f10e1b2297" testListId="8c84fa94-04c1-424b-9868-57a2d4851a1d" />
    <TestEntry testId="59b96fda-407f-cb35-580d-bda2c300ad8d" executionId="eb9d33fc-5767-41ab-aa83-25b9fb8379e9" testListId="8c84fa94-04c1-424b-9868-57a2d4851a1d" />
    <TestEntry testId="3bf5f3c3-fd15-0e47-2f40-84effe281e09" executionId="40fdb954-1e58-458c-9286-40d0d5740f14" testListId="8c84fa94-04c1-424b-9868-57a2d4851a1d" />
    <TestEntry testId="5fa0d127-4c0e-c219-d150-dc48ed1ea153" executionId="c332ca0c-8130-462c-b680-e5ec3fbd077c" testListId="8c84fa94-04c1-424b-9868-57a2d4851a1d" />
    <TestEntry testId="4ae1b96d-e2b0-0d11-b64a-8c95329bd86e" executionId="63dac3be-cbef-498a-9765-e989cbc80037" testListId="8c84fa94-04c1-424b-9868-57a2d4851a1d" />
    <TestEntry testId="20c82203-9f45-4d51-fdec-18511b40d6e5" executionId="fdccb97f-576d-4ee2-b97e-ae9fe84ac443" testListId="8c84fa94-04c1-424b-9868-57a2d4851a1d" />
    <TestEntry testId="659a2c11-dab2-9f75-a8b6-35820698572b" executionId="57d87f5f-e990-4e76-83f8-1e147ae14347" testListId="8c84fa94-04c1-424b-9868-57a2d4851a1d" />
    <TestEntry testId="d77f8599-121b-fdec-0807-2a253d792478" executionId="2c77028e-e46c-4a88-8893-72dad9230ab4" testListId="8c84fa94-04c1-424b-9868-57a2d4851a1d" />
    <TestEntry testId="db45da79-9ba2-1087-8067-01236e1f6110" executionId="2d24a7e2-5b5a-4f28-b5c1-cf719019c7eb" testListId="8c84fa94-04c1-424b-9868-57a2d4851a1d" />
    <TestEntry testId="021b08aa-2663-fe9a-6892-86f4214fcab7" executionId="4c099634-ab1d-4e9f-92ca-0623d00a34ca" testListId="8c84fa94-04c1-424b-9868-57a2d4851a1d" />
    <TestEntry testId="04c81fac-a2f4-33cb-4d13-718c4abc6f3f" executionId="e4b6d807-502e-412c-b770-747d0428f606" testListId="8c84fa94-04c1-424b-9868-57a2d4851a1d" />
    <TestEntry testId="2c8db10d-d376-48f8-ce9f-427fcccf308e" executionId="92e25b6c-c234-40ea-8fc8-314c3604a3aa" testListId="8c84fa94-04c1-424b-9868-57a2d4851a1d" />
    <TestEntry testId="09c9d0e4-7678-bb6c-aba9-d94f76e2c051" executionId="e3d684c6-f3b7-4e72-a893-d8390c344efa" testListId="8c84fa94-04c1-424b-9868-57a2d4851a1d" />
    <TestEntry testId="fcb0e914-9098-69c7-2f80-f26025adc7a5" executionId="50bfae19-c604-474d-9193-534641c78140" testListId="8c84fa94-04c1-424b-9868-57a2d4851a1d" />
    <TestEntry testId="5a1c21dd-9864-0af8-74a1-d7c462bd64de" executionId="1a41e6af-1f3a-4931-9fa6-005c39fafb17" testListId="8c84fa94-04c1-424b-9868-57a2d4851a1d" />
    <TestEntry testId="9863448a-4ec9-59c3-159a-51618fc7ee7a" executionId="e9995dbf-1e76-45e4-8cb9-a12f4bf4594e" testListId="8c84fa94-04c1-424b-9868-57a2d4851a1d" />
    <TestEntry testId="155b0500-7ffe-ef9d-319c-a32e16feb906" executionId="6d5d59cc-f6b2-4051-8f39-ef659a159981" testListId="8c84fa94-04c1-424b-9868-57a2d4851a1d" />
    <TestEntry testId="ae623d98-cc50-97e7-baae-ec36f6854d28" executionId="98cb3c07-b88e-42ee-bc4e-53f2e6a2db80" testListId="8c84fa94-04c1-424b-9868-57a2d4851a1d" />
    <TestEntry testId="367dd4a5-f2f9-d7d5-1cd6-c18e8c8b9d57" executionId="28ec55af-7ae0-4dba-bc10-567783e0ed33" testListId="8c84fa94-04c1-424b-9868-57a2d4851a1d" />
    <TestEntry testId="85dfa5b7-140f-08ba-80a4-229452932e34" executionId="ddd6e048-1112-4432-a77c-39ed924d89c7" testListId="8c84fa94-04c1-424b-9868-57a2d4851a1d" />
    <TestEntry testId="90b0f86d-ae7c-5de3-44d5-8c5a37592517" executionId="22f8e439-0ba6-4e7a-9705-d566437c673d" testListId="8c84fa94-04c1-424b-9868-57a2d4851a1d" />
    <TestEntry testId="08030af0-35b4-8c59-b747-2c9a7a18b101" executionId="6d7245d7-b1e7-48ae-bfd2-f302530a5544" testListId="8c84fa94-04c1-424b-9868-57a2d4851a1d" />
    <TestEntry testId="0a2b9f68-1de2-7262-79cb-9d88575fd435" executionId="3699b878-7405-4f7f-8e67-0abed1ffe46c" testListId="8c84fa94-04c1-424b-9868-57a2d4851a1d" />
    <TestEntry testId="da772803-04df-35be-5642-c1e3529122d8" executionId="3feb0f49-9e90-4f8b-9953-2495ff70a997" testListId="8c84fa94-04c1-424b-9868-57a2d4851a1d" />
    <TestEntry testId="fab197b1-fdf9-ed04-6850-954bb114f527" executionId="4da7f5b5-8b8e-41de-b776-f4178a2a7987" testListId="8c84fa94-04c1-424b-9868-57a2d4851a1d" />
    <TestEntry testId="f086173f-bdfc-ff4a-ff6a-0e4a6053decc" executionId="3da319ef-b818-4c3c-a89e-45c89f866836" testListId="8c84fa94-04c1-424b-9868-57a2d4851a1d" />
    <TestEntry testId="d0ba7848-c46f-0621-fedd-1f249ea9ba97" executionId="184c08d4-2e76-41dd-b4e8-23c6dffe961b" testListId="8c84fa94-04c1-424b-9868-57a2d4851a1d" />
    <TestEntry testId="4738dead-6f54-5a01-c4b8-d1777da84052" executionId="8ad86963-ef25-4e1e-9309-b83d04a3bd1a" testListId="8c84fa94-04c1-424b-9868-57a2d4851a1d" />
    <TestEntry testId="513d9c18-4f0e-fb8d-9a56-7924b74c4ca9" executionId="8e1f63ae-b484-4d32-b446-2e3c8da9e50f" testListId="8c84fa94-04c1-424b-9868-57a2d4851a1d" />
    <TestEntry testId="2ce8bfac-e847-89e5-1563-5864fed5bad0" executionId="95e0becd-fab2-4209-ac15-4c54630f7593" testListId="8c84fa94-04c1-424b-9868-57a2d4851a1d" />
    <TestEntry testId="4500a81b-69ba-6f9a-0f84-3d79635200b3" executionId="d04a1eda-28ee-4867-af84-3422b6af6d8d" testListId="8c84fa94-04c1-424b-9868-57a2d4851a1d" />
    <TestEntry testId="a2f80b7c-2afd-9a05-91fd-b1cb08c597f5" executionId="341e45dd-31f8-44dd-a447-f6ecf9cd2f72" testListId="8c84fa94-04c1-424b-9868-57a2d4851a1d" />
  </TestEntries>
  <TestLists>
    <TestList name="一覧に存在しない結果" id="8c84fa94-04c1-424b-9868-57a2d4851a1d" />
    <TestList name="読み込まれたすべての結果" id="19431567-8539-422a-85d7-44ee4e166bda" />
  </TestLists>
  <ResultSummary outcome="Completed">
    <Counters total="40" executed="40" passed="40" failed="0" error="0" timeout="0" aborted="0" inconclusive="0" passedButRunAborted="0" notRunnable="0" notExecuted="0" disconnected="0" warning="0" completed="0" inProgress="0" pending="0" />
    <Output>
      <StdOut>NUnit Adapter 1.0.0.0: Test execution started&#xD;
Running selected tests in C:\Users\mwam0\.copilot\repos\gh-projects-boards\tests\GhProjectsBoards.Tests\bin\Release\net10.0-windows\GhProjectsBoards.Tests.dll&#xD;
   NUnit3TestExecutor discovered 40 of 40 NUnit test cases using Current Discovery mode, Non-Explicit run&#xD;
</StdOut>
    </Output>
    <CollectorDataEntries>
      <Collector agentName="RTX5070" uri="datacollector://microsoft/CodeCoverage/2.0" collectorDisplayName="Code Coverage">
        <UriAttachments>
          <UriAttachment>
            <A href="RTX5070\mwam0_RTX5070_2026-09-27.11_35_58.cobertura.xml"></A>
          </UriAttachment>
        </UriAttachments>
      </Collector>
    </CollectorDataEntries>
  </ResultSummary>
</TestRun>