<?xml version="1.0" encoding="utf-8"?>
<TestRun id="576df7ef-4aac-4118-a75d-36df8db92965" name="mwam0@RTX5070 2026-09-27 20:01:24" runUser="RTX5070\mwam0" xmlns="http://microsoft.com/schemas/VisualStudio/TeamTest/2010">
  <Times creation="2026-09-27T20:01:24.1480918+09:00" queuing="2026-09-27T20:01:24.1480920+09:00" start="2026-09-27T20:01:22.0801418+09:00" finish="2026-09-27T20:01:52.2959537+09:00" />
  <TestSettings name="default" id="72572c05-68ed-4271-beb4-2c82a41fcea1">
    <Deployment runDeploymentRoot="mwam0_RTX5070_2026-09-27_20_01_24" />
  </TestSettings>
  <Results>
    <UnitTestResult executionId="251dac3b-e642-4045-97e8-44288621c61c" testId="713a4f23-ca7c-9a6b-1ec4-fe584719a48d" testName="MalformedDecisionCannotBecomeAnUnregisterWaiver(&quot;duplicate-choice&quot;)" computerName="RTX5070" duration="00:00:00.0678079" startTime="2026-09-27T20:01:46.1001930+09:00" endTime="2026-09-27T20:01:46.1680010+09:00" testType="13cdc9d9-ddb5-4fa4-a97d-d965ccfc6d4b" outcome="Passed" testListId="8c84fa94-04c1-424b-9868-57a2d4851a1d" relativeResultsDirectory="251dac3b-e642-4045-97e8-44288621c61c" />
    <UnitTestResult executionId="7726b39f-d45e-4570-8581-64882866113b" testId="03776907-8cd7-bacb-ef84-8a1dc66fdf58" testName="AcceptCurrentPreservesOriginalUncertaintyAndLocalWorkAcrossRestart(&quot;completed-retired&quot;)" computerName="RTX5070" duration="00:00:05.3099310" startTime="2026-09-27T20:01:23.5457860+09:00" endTime="2026-09-27T20:01:28.8557160+09:00" testType="13cdc9d9-ddb5-4fa4-a97d-d965ccfc6d4b" outcome="Passed" testListId="8c84fa94-04c1-424b-9868-57a2d4851a1d" relativeResultsDirectory="7726b39f-d45e-4570-8581-64882866113b" />
    <UnitTestResult executionId="89af95f9-d40d-46cf-8636-4c92c281b9b7" testId="66279d8d-3048-1dd5-14f6-1191eda659e4" testName="MalformedDecisionCannotBecomeAnUnregisterWaiver(&quot;unknown-choice&quot;)" computerName="RTX5070" duration="00:00:00.0665310" startTime="2026-09-27T20:01:45.9699374+09:00" endTime="2026-09-27T20:01:46.0364686+09:00" testType="13cdc9d9-ddb5-4fa4-a97d-d965ccfc6d4b" outcome="Passed" testListId="8c84fa94-04c1-424b-9868-57a2d4851a1d" relativeResultsDirectory="89af95f9-d40d-46cf-8636-4c92c281b9b7" />
    <UnitTestResult executionId="22610d00-fc18-4b5e-b4c8-b5eaa8822e1d" testId="dadbfa37-d46d-ab1b-2ae7-2ee7198c6f1f" testName="ExactRetiredFieldObservationDistinguishesAbsenceFromKnownValues(&quot;absent&quot;)" computerName="RTX5070" duration="00:00:05.2136120" startTime="2026-09-27T20:01:29.5847702+09:00" endTime="2026-09-27T20:01:34.7983817+09:00" testType="13cdc9d9-ddb5-4fa4-a97d-d965ccfc6d4b" outcome="Passed" testListId="8c84fa94-04c1-424b-9868-57a2d4851a1d" relativeResultsDirectory="22610d00-fc18-4b5e-b4c8-b5eaa8822e1d" />
    <UnitTestResult executionId="c4b3a7c0-afb3-4fd7-a7c2-c12a94319c50" testId="1b65bd42-d5a9-e3ad-f690-3847f6ad69f9" testName="ExactRetiredFieldObservationDistinguishesAbsenceFromKnownValues(&quot;empty&quot;)" computerName="RTX5070" duration="00:00:05.2021410" startTime="2026-09-27T20:01:40.0032857+09:00" endTime="2026-09-27T20:01:45.2054261+09:00" testType="13cdc9d9-ddb5-4fa4-a97d-d965ccfc6d4b" outcome="Passed" testListId="8c84fa94-04c1-424b-9868-57a2d4851a1d" relativeResultsDirectory="c4b3a7c0-afb3-4fd7-a7c2-c12a94319c50" />
    <UnitTestResult executionId="fc2e817c-9511-4450-aa66-a57fd2405267" testId="2f7e66a5-b161-f640-4ff3-3cfba23a8d42" testName="UnverifiedTargetsNeverProduceDispositionAuthority(&quot;partial&quot;)" computerName="RTX5070" duration="00:00:00.0601600" startTime="2026-09-27T20:01:52.1079816+09:00" endTime="2026-09-27T20:01:52.1681413+09:00" testType="13cdc9d9-ddb5-4fa4-a97d-d965ccfc6d4b" outcome="Passed" testListId="8c84fa94-04c1-424b-9868-57a2d4851a1d" relativeResultsDirectory="fc2e817c-9511-4450-aa66-a57fd2405267" />
    <UnitTestResult executionId="edcc72b9-065c-467a-81e0-f7c553feed18" testId="54cc0831-c42e-f5d6-5ef9-7da6f51a6d56" testName="FailedDecisionSaveRetainsCandidateAndOriginalCheckpointUntilRetry" computerName="RTX5070" duration="00:00:00.0777999" startTime="2026-09-27T20:01:45.2054918+09:00" endTime="2026-09-27T20:01:45.2832907+09:00" testType="13cdc9d9-ddb5-4fa4-a97d-d965ccfc6d4b" outcome="Passed" testListId="8c84fa94-04c1-424b-9868-57a2d4851a1d" relativeResultsDirectory="edcc72b9-065c-467a-81e0-f7c553feed18" />
    <UnitTestResult executionId="9740e7be-f9a5-4360-8e9c-6964514a3443" testId="31248507-53c0-0b19-ec42-97b1b1dd93c6" testName="MalformedDecisionCannotBecomeAnUnregisterWaiver(&quot;missing-metadata&quot;)" computerName="RTX5070" duration="00:00:00.0691890" startTime="2026-09-27T20:01:45.7050995+09:00" endTime="2026-09-27T20:01:45.7742877+09:00" testType="13cdc9d9-ddb5-4fa4-a97d-d965ccfc6d4b" outcome="Passed" testListId="8c84fa94-04c1-424b-9868-57a2d4851a1d" relativeResultsDirectory="9740e7be-f9a5-4360-8e9c-6964514a3443" />
    <UnitTestResult executionId="cdc7699d-d34b-4ba0-8018-f4c5da778cb3" testId="dde42700-ee8c-5944-f73b-6f6a2695606e" testName="UnverifiedTargetsNeverProduceDispositionAuthority(&quot;project&quot;)" computerName="RTX5070" duration="00:00:00.0557970" startTime="2026-09-27T20:01:51.8108509+09:00" endTime="2026-09-27T20:01:51.8666477+09:00" testType="13cdc9d9-ddb5-4fa4-a97d-d965ccfc6d4b" outcome="Passed" testListId="8c84fa94-04c1-424b-9868-57a2d4851a1d" relativeResultsDirectory="cdc7699d-d34b-4ba0-8018-f4c5da778cb3" />
    <UnitTestResult executionId="01baecba-bc25-4155-9523-bf831b031448" testId="881d0ad9-19e8-20c0-12aa-a186dc3c5c7c" testName="AcceptCurrentPreservesOriginalUncertaintyAndLocalWorkAcrossRestart(&quot;superseded-existing&quot;)" computerName="RTX5070" duration="00:00:00.4330080" startTime="2026-09-27T20:01:23.1120819+09:00" endTime="2026-09-27T20:01:23.5450543+09:00" testType="13cdc9d9-ddb5-4fa4-a97d-d965ccfc6d4b" outcome="Passed" testListId="8c84fa94-04c1-424b-9868-57a2d4851a1d" relativeResultsDirectory="01baecba-bc25-4155-9523-bf831b031448" />
    <UnitTestResult executionId="10fdd5ac-7a19-4c72-bb16-c69594c1b8b5" testId="5c6bc9e8-8782-38eb-b028-ef1e1f09d166" testName="LinkedUnfinishedOutcomeDoesNotSettleOriginalHandling(&quot;failed&quot;)" computerName="RTX5070" duration="00:00:00.0885940" startTime="2026-09-27T20:01:45.4401181+09:00" endTime="2026-09-27T20:01:45.5287113+09:00" testType="13cdc9d9-ddb5-4fa4-a97d-d965ccfc6d4b" outcome="Passed" testListId="8c84fa94-04c1-424b-9868-57a2d4851a1d" relativeResultsDirectory="10fdd5ac-7a19-4c72-bb16-c69594c1b8b5" />
    <UnitTestResult executionId="d5b75fd4-615d-4bcc-a146-980714c66940" testId="fa25b016-dbcf-b1b3-0d99-29429fdff925" testName="RestoreRejectsContradictoryHistoricalEvidenceWithoutRewritingIt(&quot;decision-after-success&quot;)" computerName="RTX5070" duration="00:00:00.0891200" startTime="2026-09-27T20:01:46.3223491+09:00" endTime="2026-09-27T20:01:46.4114693+09:00" testType="13cdc9d9-ddb5-4fa4-a97d-d965ccfc6d4b" outcome="Passed" testListId="8c84fa94-04c1-424b-9868-57a2d4851a1d" relativeResultsDirectory="d5b75fd4-615d-4bcc-a146-980714c66940" />
    <UnitTestResult executionId="29221981-5a45-4953-a0e6-731e5f1b211f" testId="d2897452-dc33-e475-a7b6-0846a60d3a1b" testName="ChangedSecondObservationRequiresAnotherExplicitDecision" computerName="RTX5070" duration="00:00:00.0775370" startTime="2026-09-27T20:01:28.8571577+09:00" endTime="2026-09-27T20:01:28.9346945+09:00" testType="13cdc9d9-ddb5-4fa4-a97d-d965ccfc6d4b" outcome="Passed" testListId="8c84fa94-04c1-424b-9868-57a2d4851a1d" relativeResultsDirectory="29221981-5a45-4953-a0e6-731e5f1b211f" />
    <UnitTestResult executionId="0c13f38a-280a-4d48-bc89-b6ef470601a0" testId="afd9a729-d521-5b8f-cc27-ed3bae4085b0" testName="LegacyCheckpointWithoutDecisionsKeepsUncertaintyWhenMigrated" computerName="RTX5070" duration="00:00:00.0703810" startTime="2026-09-27T20:01:45.2833257+09:00" endTime="2026-09-27T20:01:45.3537054+09:00" testType="13cdc9d9-ddb5-4fa4-a97d-d965ccfc6d4b" outcome="Passed" testListId="8c84fa94-04c1-424b-9868-57a2d4851a1d" relativeResultsDirectory="0c13f38a-280a-4d48-bc89-b6ef470601a0" />
    <UnitTestResult executionId="1b10d899-da7b-45cb-8e83-0d9e0fcef2d3" testId="c07d7ce2-54f6-4960-32bc-28327e7aaf9f" testName="SnapshotOwnsHistoricalDefinitionAndOptionArrays" computerName="RTX5070" duration="00:00:05.2090120" startTime="2026-09-27T20:01:46.4115181+09:00" endTime="2026-09-27T20:01:51.6205286+09:00" testType="13cdc9d9-ddb5-4fa4-a97d-d965ccfc6d4b" outcome="Passed" testListId="8c84fa94-04c1-424b-9868-57a2d4851a1d" relativeResultsDirectory="1b10d899-da7b-45cb-8e83-0d9e0fcef2d3" />
    <UnitTestResult executionId="baaa4f43-800e-49ad-b6ea-98404a90be0f" testId="b8d9c48d-5128-087a-07b6-d0b3c9ca8079" testName="UnlinkedSuccessDoesNotSettleHistoricalHandling(False)" computerName="RTX5070" duration="00:00:00.0935380" startTime="2026-09-27T20:01:51.6206066+09:00" endTime="2026-09-27T20:01:51.7141442+09:00" testType="13cdc9d9-ddb5-4fa4-a97d-d965ccfc6d4b" outcome="Passed" testListId="8c84fa94-04c1-424b-9868-57a2d4851a1d" relativeResultsDirectory="baaa4f43-800e-49ad-b6ea-98404a90be0f" />
    <UnitTestResult executionId="5ec1c09a-44ae-471f-b2a7-5f9d998167fb" testId="4b207017-106b-4f64-7a8c-ed6bad39faad" testName="MalformedDecisionCannotBecomeAnUnregisterWaiver(&quot;wrong-scope&quot;)" computerName="RTX5070" duration="00:00:00.0619320" startTime="2026-09-27T20:01:45.8381107+09:00" endTime="2026-09-27T20:01:45.9000420+09:00" testType="13cdc9d9-ddb5-4fa4-a97d-d965ccfc6d4b" outcome="Passed" testListId="8c84fa94-04c1-424b-9868-57a2d4851a1d" relativeResultsDirectory="5ec1c09a-44ae-471f-b2a7-5f9d998167fb" />
    <UnitTestResult executionId="ee20e015-3f0c-40fb-b95c-47073b33062a" testId="e5ed1714-89c4-7ca7-799a-a81f8d67e51c" testName="UnlinkedSuccessDoesNotSettleHistoricalHandling(True)" computerName="RTX5070" duration="00:00:00.0965960" startTime="2026-09-27T20:01:51.7141726+09:00" endTime="2026-09-27T20:01:51.8107687+09:00" testType="13cdc9d9-ddb5-4fa4-a97d-d965ccfc6d4b" outcome="Passed" testListId="8c84fa94-04c1-424b-9868-57a2d4851a1d" relativeResultsDirectory="ee20e015-3f0c-40fb-b95c-47073b33062a" />
    <UnitTestResult executionId="0a4276e8-4b08-4980-a571-c1e4810945df" testId="6249257a-ff9a-e0a2-74bb-738abc296496" testName="MalformedDecisionCannotBecomeAnUnregisterWaiver(&quot;unsupported-absence&quot;)" computerName="RTX5070" duration="00:00:00.0636670" startTime="2026-09-27T20:01:46.0365001+09:00" endTime="2026-09-27T20:01:46.1001665+09:00" testType="13cdc9d9-ddb5-4fa4-a97d-d965ccfc6d4b" outcome="Passed" testListId="8c84fa94-04c1-424b-9868-57a2d4851a1d" relativeResultsDirectory="0a4276e8-4b08-4980-a571-c1e4810945df" />
    <UnitTestResult executionId="c7186d26-5ae5-49b3-b697-8c37d6ca2afd" testId="48946e61-e244-2ce8-d18d-24e3ece065ae" testName="MalformedDecisionCannotBecomeAnUnregisterWaiver(&quot;wrong-target&quot;)" computerName="RTX5070" duration="00:00:00.0698230" startTime="2026-09-27T20:01:45.9000845+09:00" endTime="2026-09-27T20:01:45.9699075+09:00" testType="13cdc9d9-ddb5-4fa4-a97d-d965ccfc6d4b" outcome="Passed" testListId="8c84fa94-04c1-424b-9868-57a2d4851a1d" relativeResultsDirectory="c7186d26-5ae5-49b3-b697-8c37d6ca2afd" />
    <UnitTestResult executionId="3d41bb6a-0ecf-48b6-9484-907c0aa1b1e3" testId="e32032ac-f5ab-52c3-c73b-be084d8a799f" testName="MalformedDecisionCannotBecomeAnUnregisterWaiver(&quot;unversioned&quot;)" computerName="RTX5070" duration="00:00:00.0637640" startTime="2026-09-27T20:01:45.7743174+09:00" endTime="2026-09-27T20:01:45.8380807+09:00" testType="13cdc9d9-ddb5-4fa4-a97d-d965ccfc6d4b" outcome="Passed" testListId="8c84fa94-04c1-424b-9868-57a2d4851a1d" relativeResultsDirectory="3d41bb6a-0ecf-48b6-9484-907c0aa1b1e3" />
    <UnitTestResult executionId="a683a774-b9ec-4490-be70-6066840c9015" testId="57c5b924-2ea2-370f-7c3c-a2ab630bc359" testName="EarlierSuccessAfterALaterChoiceDoesNotReplaceThatChoiceOnRestore" computerName="RTX5070" duration="00:00:00.1239860" startTime="2026-09-27T20:01:29.4607015+09:00" endTime="2026-09-27T20:01:29.5846873+09:00" testType="13cdc9d9-ddb5-4fa4-a97d-d965ccfc6d4b" outcome="Passed" testListId="8c84fa94-04c1-424b-9868-57a2d4851a1d" relativeResultsDirectory="a683a774-b9ec-4490-be70-6066840c9015" />
    <UnitTestResult executionId="2c291c1c-5cd1-416e-a037-8c423aaeab90" testId="4f2a5fff-91a4-e599-6160-4ccee031c71d" testName="RestoreRejectsContradictoryHistoricalEvidenceWithoutRewritingIt(&quot;verification-before-approval&quot;)" computerName="RTX5070" duration="00:00:00.0892410" startTime="2026-09-27T20:01:46.2330824+09:00" endTime="2026-09-27T20:01:46.3223226+09:00" testType="13cdc9d9-ddb5-4fa4-a97d-d965ccfc6d4b" outcome="Passed" testListId="8c84fa94-04c1-424b-9868-57a2d4851a1d" relativeResultsDirectory="2c291c1c-5cd1-416e-a037-8c423aaeab90" />
    <UnitTestResult executionId="c664303c-af7a-4e62-adbe-adaeac55d0f0" testId="816ab62b-2ea7-0129-a063-c3bb7a84eedb" testName="LinkedUnfinishedOutcomeDoesNotSettleOriginalHandling(&quot;unknown&quot;)" computerName="RTX5070" duration="00:00:00.0863000" startTime="2026-09-27T20:01:45.3537820+09:00" endTime="2026-09-27T20:01:45.4400813+09:00" testType="13cdc9d9-ddb5-4fa4-a97d-d965ccfc6d4b" outcome="Passed" testListId="8c84fa94-04c1-424b-9868-57a2d4851a1d" relativeResultsDirectory="c664303c-af7a-4e62-adbe-adaeac55d0f0" />
    <UnitTestResult executionId="566e6009-b2d5-423c-8803-a3cdb111fb9d" testId="d8b7a24b-2e3e-d9d4-a7cd-51a7b4fe948b" testName="UnverifiedTargetsNeverProduceDispositionAuthority(&quot;content&quot;)" computerName="RTX5070" duration="00:00:00.0592770" startTime="2026-09-27T20:01:51.9325236+09:00" endTime="2026-09-27T20:01:51.9918004+09:00" testType="13cdc9d9-ddb5-4fa4-a97d-d965ccfc6d4b" outcome="Passed" testListId="8c84fa94-04c1-424b-9868-57a2d4851a1d" relativeResultsDirectory="566e6009-b2d5-423c-8803-a3cdb111fb9d" />
    <UnitTestResult executionId="a6e3763a-ec3a-4586-a5e1-b5830c3d2713" testId="43a7db66-b623-d400-b0e6-1ea2b01070fa" testName="UnverifiedTargetsNeverProduceDispositionAuthority(&quot;item&quot;)" computerName="RTX5070" duration="00:00:00.0658210" startTime="2026-09-27T20:01:51.8666753+09:00" endTime="2026-09-27T20:01:51.9324954+09:00" testType="13cdc9d9-ddb5-4fa4-a97d-d965ccfc6d4b" outcome="Passed" testListId="8c84fa94-04c1-424b-9868-57a2d4851a1d" relativeResultsDirectory="a6e3763a-ec3a-4586-a5e1-b5830c3d2713" />
    <UnitTestResult executionId="eb2923ad-f393-4535-b061-157bfa37c28d" testId="bb889a28-227b-989c-fbed-3829ac102871" testName="ExactRetiredFieldObservationDistinguishesAbsenceFromKnownValues(&quot;old-option-removed&quot;)" computerName="RTX5070" duration="00:00:05.2048310" startTime="2026-09-27T20:01:34.7984143+09:00" endTime="2026-09-27T20:01:40.0032443+09:00" testType="13cdc9d9-ddb5-4fa4-a97d-d965ccfc6d4b" outcome="Passed" testListId="8c84fa94-04c1-424b-9868-57a2d4851a1d" relativeResultsDirectory="eb2923ad-f393-4535-b061-157bfa37c28d" />
    <UnitTestResult executionId="0b93d8e7-17a8-4738-ba85-c0c61e7b65e2" testId="57f8c003-5515-df97-c18c-9aa70f9e1d35" testName="CompletingOneHistoricalFieldKeepsAnotherUncertaintyBlockingUnregister" computerName="RTX5070" duration="00:00:00.1171740" startTime="2026-09-27T20:01:28.9347328+09:00" endTime="2026-09-27T20:01:29.0519063+09:00" testType="13cdc9d9-ddb5-4fa4-a97d-d965ccfc6d4b" outcome="Passed" testListId="8c84fa94-04c1-424b-9868-57a2d4851a1d" relativeResultsDirectory="0b93d8e7-17a8-4738-ba85-c0c61e7b65e2" />
    <UnitTestResult executionId="acb03a5a-d217-4045-aeba-a599e263940a" testId="74cc42d9-64e7-519f-0d76-534e3918b8d1" testName="ContinuedHandlingRemainsOpenWithoutAnExplicitLinkedApproval(True)" computerName="RTX5070" duration="00:00:00.0837140" startTime="2026-09-27T20:01:29.1559805+09:00" endTime="2026-09-27T20:01:29.2396938+09:00" testType="13cdc9d9-ddb5-4fa4-a97d-d965ccfc6d4b" outcome="Passed" testListId="8c84fa94-04c1-424b-9868-57a2d4851a1d" relativeResultsDirectory="acb03a5a-d217-4045-aeba-a599e263940a" />
    <UnitTestResult executionId="d6b8cd0a-9560-4882-87f9-37d37cf7e2f7" testId="32dc2045-174b-29b1-a56f-bf42fd1f48c1" testName="LinkedUnfinishedOutcomeDoesNotSettleOriginalHandling(&quot;superseded&quot;)" computerName="RTX5070" duration="00:00:00.0779880" startTime="2026-09-27T20:01:45.6270063+09:00" endTime="2026-09-27T20:01:45.7049940+09:00" testType="13cdc9d9-ddb5-4fa4-a97d-d965ccfc6d4b" outcome="Passed" testListId="8c84fa94-04c1-424b-9868-57a2d4851a1d" relativeResultsDirectory="d6b8cd0a-9560-4882-87f9-37d37cf7e2f7" />
    <UnitTestResult executionId="3e370be4-0a77-4f8e-a387-32bddd185722" testId="9b406455-2dd4-4d7f-297b-c05951eb26a5" testName="UnverifiedTargetsNeverProduceDispositionAuthority(&quot;viewer&quot;)" computerName="RTX5070" duration="00:00:00.0562690" startTime="2026-09-27T20:01:51.9918275+09:00" endTime="2026-09-27T20:01:52.0480959+09:00" testType="13cdc9d9-ddb5-4fa4-a97d-d965ccfc6d4b" outcome="Passed" testListId="8c84fa94-04c1-424b-9868-57a2d4851a1d" relativeResultsDirectory="3e370be4-0a77-4f8e-a387-32bddd185722" />
    <UnitTestResult executionId="ba80f949-682e-479e-86a2-19fa1fac52b3" testId="20d6b241-8cd1-a55c-1ff1-3ef064b93d74" testName="DurableDecisionIsNotResubmittedWhenIndependentInputSaveFails" computerName="RTX5070" duration="00:00:00.0930760" startTime="2026-09-27T20:01:29.3675893+09:00" endTime="2026-09-27T20:01:29.4606650+09:00" testType="13cdc9d9-ddb5-4fa4-a97d-d965ccfc6d4b" outcome="Passed" testListId="8c84fa94-04c1-424b-9868-57a2d4851a1d" relativeResultsDirectory="ba80f949-682e-479e-86a2-19fa1fac52b3" />
    <UnitTestResult executionId="6f921210-cdde-42ec-9149-64f25fc2ce17" testId="84aa34b8-2809-fd9a-357e-73f42f53abb5" testName="RestoreRejectsContradictoryHistoricalEvidenceWithoutRewritingIt(&quot;observation-before-dispatch&quot;)" computerName="RTX5070" duration="00:00:00.0649690" startTime="2026-09-27T20:01:46.1680789+09:00" endTime="2026-09-27T20:01:46.2330470+09:00" testType="13cdc9d9-ddb5-4fa4-a97d-d965ccfc6d4b" outcome="Passed" testListId="8c84fa94-04c1-424b-9868-57a2d4851a1d" relativeResultsDirectory="6f921210-cdde-42ec-9149-64f25fc2ce17" />
    <UnitTestResult executionId="ef4a756a-0047-40cf-b9a6-606752f442df" testId="6034ae8b-33e0-8db0-5a70-bba1a927c7a8" testName="UnverifiedTargetsNeverProduceDispositionAuthority(&quot;denied&quot;)" computerName="RTX5070" duration="00:00:00.0598310" startTime="2026-09-27T20:01:52.0481234+09:00" endTime="2026-09-27T20:01:52.1079539+09:00" testType="13cdc9d9-ddb5-4fa4-a97d-d965ccfc6d4b" outcome="Passed" testListId="8c84fa94-04c1-424b-9868-57a2d4851a1d" relativeResultsDirectory="ef4a756a-0047-40cf-b9a6-606752f442df" />
    <UnitTestResult executionId="ab6a29a1-d078-438b-ba89-a43fdcf8804b" testId="9c484442-2879-3503-9487-29033b51c094" testName="ContinueUsesCurrentCommittedIntentAndLinksOnlyItsNewVerifiedOperation" computerName="RTX5070" duration="00:00:00.1277700" startTime="2026-09-27T20:01:29.2397774+09:00" endTime="2026-09-27T20:01:29.3675472+09:00" testType="13cdc9d9-ddb5-4fa4-a97d-d965ccfc6d4b" outcome="Passed" testListId="8c84fa94-04c1-424b-9868-57a2d4851a1d" relativeResultsDirectory="ab6a29a1-d078-438b-ba89-a43fdcf8804b" />
    <UnitTestResult executionId="8664d8f8-baf9-44f6-9ad9-7c5aa0ae90a0" testId="4dee1b7b-d147-8109-e35c-cd322733a8fe" testName="LinkedUnfinishedOutcomeDoesNotSettleOriginalHandling(&quot;cancelled&quot;)" computerName="RTX5070" duration="00:00:00.0982210" startTime="2026-09-27T20:01:45.5287532+09:00" endTime="2026-09-27T20:01:45.6269741+09:00" testType="13cdc9d9-ddb5-4fa4-a97d-d965ccfc6d4b" outcome="Passed" testListId="8c84fa94-04c1-424b-9868-57a2d4851a1d" relativeResultsDirectory="8664d8f8-baf9-44f6-9ad9-7c5aa0ae90a0" />
    <UnitTestResult executionId="ab42370f-cd1f-47a5-858a-d02410ba85d5" testId="2dde4520-9ee1-f005-34ec-2b09df7b77df" testName="ContinuedHandlingRemainsOpenWithoutAnExplicitLinkedApproval(False)" computerName="RTX5070" duration="00:00:00.1039410" startTime="2026-09-27T20:01:29.0520045+09:00" endTime="2026-09-27T20:01:29.1559446+09:00" testType="13cdc9d9-ddb5-4fa4-a97d-d965ccfc6d4b" outcome="Passed" testListId="8c84fa94-04c1-424b-9868-57a2d4851a1d" relativeResultsDirectory="ab42370f-cd1f-47a5-858a-d02410ba85d5" />
  </Results>
  <TestDefinitions>
    <UnitTest name="UnverifiedTargetsNeverProduceDispositionAuthority(&quot;viewer&quot;)" storage="c:\users\mwam0\.copilot\repos\gh-projects-boards\tests\ghprojectsboards.tests\bin\debug\net10.0-windows\ghprojectsboards.tests.dll" id="9b406455-2dd4-4d7f-297b-c05951eb26a5">
      <Execution id="3e370be4-0a77-4f8e-a387-32bddd185722" />
      <TestMethod codeBase="C:\Users\mwam0\.copilot\repos\gh-projects-boards\tests\GhProjectsBoards.Tests\bin\Debug\net10.0-windows\GhProjectsBoards.Tests.dll" adapterTypeName="executor://nunit3testexecutor/" className="GhProjectsBoards.Tests.HistoricalDispositionTests" name="UnverifiedTargetsNeverProduceDispositionAuthority(&quot;viewer&quot;)" />
    </UnitTest>
    <UnitTest name="ContinuedHandlingRemainsOpenWithoutAnExplicitLinkedApproval(True)" storage="c:\users\mwam0\.copilot\repos\gh-projects-boards\tests\ghprojectsboards.tests\bin\debug\net10.0-windows\ghprojectsboards.tests.dll" id="74cc42d9-64e7-519f-0d76-534e3918b8d1">
      <Execution id="acb03a5a-d217-4045-aeba-a599e263940a" />
      <TestMethod codeBase="C:\Users\mwam0\.copilot\repos\gh-projects-boards\tests\GhProjectsBoards.Tests\bin\Debug\net10.0-windows\GhProjectsBoards.Tests.dll" adapterTypeName="executor://nunit3testexecutor/" className="GhProjectsBoards.Tests.HistoricalDispositionTests" name="ContinuedHandlingRemainsOpenWithoutAnExplicitLinkedApproval(True)" />
    </UnitTest>
    <UnitTest name="ContinueUsesCurrentCommittedIntentAndLinksOnlyItsNewVerifiedOperation" storage="c:\users\mwam0\.copilot\repos\gh-projects-boards\tests\ghprojectsboards.tests\bin\debug\net10.0-windows\ghprojectsboards.tests.dll" id="9c484442-2879-3503-9487-29033b51c094">
      <Execution id="ab6a29a1-d078-438b-ba89-a43fdcf8804b" />
      <TestMethod codeBase="C:\Users\mwam0\.copilot\repos\gh-projects-boards\tests\GhProjectsBoards.Tests\bin\Debug\net10.0-windows\GhProjectsBoards.Tests.dll" adapterTypeName="executor://nunit3testexecutor/" className="GhProjectsBoards.Tests.HistoricalDispositionTests" name="ContinueUsesCurrentCommittedIntentAndLinksOnlyItsNewVerifiedOperation" />
    </UnitTest>
    <UnitTest name="LegacyCheckpointWithoutDecisionsKeepsUncertaintyWhenMigrated" storage="c:\users\mwam0\.copilot\repos\gh-projects-boards\tests\ghprojectsboards.tests\bin\debug\net10.0-windows\ghprojectsboards.tests.dll" id="afd9a729-d521-5b8f-cc27-ed3bae4085b0">
      <Execution id="0c13f38a-280a-4d48-bc89-b6ef470601a0" />
      <TestMethod codeBase="C:\Users\mwam0\.copilot\repos\gh-projects-boards\tests\GhProjectsBoards.Tests\bin\Debug\net10.0-windows\GhProjectsBoards.Tests.dll" adapterTypeName="executor://nunit3testexecutor/" className="GhProjectsBoards.Tests.HistoricalDispositionTests" name="LegacyCheckpointWithoutDecisionsKeepsUncertaintyWhenMigrated" />
    </UnitTest>
    <UnitTest name="EarlierSuccessAfterALaterChoiceDoesNotReplaceThatChoiceOnRestore" storage="c:\users\mwam0\.copilot\repos\gh-projects-boards\tests\ghprojectsboards.tests\bin\debug\net10.0-windows\ghprojectsboards.tests.dll" id="57c5b924-2ea2-370f-7c3c-a2ab630bc359">
      <Execution id="a683a774-b9ec-4490-be70-6066840c9015" />
      <TestMethod codeBase="C:\Users\mwam0\.copilot\repos\gh-projects-boards\tests\GhProjectsBoards.Tests\bin\Debug\net10.0-windows\GhProjectsBoards.Tests.dll" adapterTypeName="executor://nunit3testexecutor/" className="GhProjectsBoards.Tests.HistoricalDispositionTests" name="EarlierSuccessAfterALaterChoiceDoesNotReplaceThatChoiceOnRestore" />
    </UnitTest>
    <UnitTest name="SnapshotOwnsHistoricalDefinitionAndOptionArrays" storage="c:\users\mwam0\.copilot\repos\gh-projects-boards\tests\ghprojectsboards.tests\bin\debug\net10.0-windows\ghprojectsboards.tests.dll" id="c07d7ce2-54f6-4960-32bc-28327e7aaf9f">
      <Execution id="1b10d899-da7b-45cb-8e83-0d9e0fcef2d3" />
      <TestMethod codeBase="C:\Users\mwam0\.copilot\repos\gh-projects-boards\tests\GhProjectsBoards.Tests\bin\Debug\net10.0-windows\GhProjectsBoards.Tests.dll" adapterTypeName="executor://nunit3testexecutor/" className="GhProjectsBoards.Tests.HistoricalDispositionTests" name="SnapshotOwnsHistoricalDefinitionAndOptionArrays" />
    </UnitTest>
    <UnitTest name="MalformedDecisionCannotBecomeAnUnregisterWaiver(&quot;unknown-choice&quot;)" storage="c:\users\mwam0\.copilot\repos\gh-projects-boards\tests\ghprojectsboards.tests\bin\debug\net10.0-windows\ghprojectsboards.tests.dll" id="66279d8d-3048-1dd5-14f6-1191eda659e4">
      <Execution id="89af95f9-d40d-46cf-8636-4c92c281b9b7" />
      <TestMethod codeBase="C:\Users\mwam0\.copilot\repos\gh-projects-boards\tests\GhProjectsBoards.Tests\bin\Debug\net10.0-windows\GhProjectsBoards.Tests.dll" adapterTypeName="executor://nunit3testexecutor/" className="GhProjectsBoards.Tests.HistoricalDispositionTests" name="MalformedDecisionCannotBecomeAnUnregisterWaiver(&quot;unknown-choice&quot;)" />
    </UnitTest>
    <UnitTest name="UnlinkedSuccessDoesNotSettleHistoricalHandling(False)" storage="c:\users\mwam0\.copilot\repos\gh-projects-boards\tests\ghprojectsboards.tests\bin\debug\net10.0-windows\ghprojectsboards.tests.dll" id="b8d9c48d-5128-087a-07b6-d0b3c9ca8079">
      <Execution id="baaa4f43-800e-49ad-b6ea-98404a90be0f" />
      <TestMethod codeBase="C:\Users\mwam0\.copilot\repos\gh-projects-boards\tests\GhProjectsBoards.Tests\bin\Debug\net10.0-windows\GhProjectsBoards.Tests.dll" adapterTypeName="executor://nunit3testexecutor/" className="GhProjectsBoards.Tests.HistoricalDispositionTests" name="UnlinkedSuccessDoesNotSettleHistoricalHandling(False)" />
    </UnitTest>
    <UnitTest name="UnverifiedTargetsNeverProduceDispositionAuthority(&quot;partial&quot;)" storage="c:\users\mwam0\.copilot\repos\gh-projects-boards\tests\ghprojectsboards.tests\bin\debug\net10.0-windows\ghprojectsboards.tests.dll" id="2f7e66a5-b161-f640-4ff3-3cfba23a8d42">
      <Execution id="fc2e817c-9511-4450-aa66-a57fd2405267" />
      <TestMethod codeBase="C:\Users\mwam0\.copilot\repos\gh-projects-boards\tests\GhProjectsBoards.Tests\bin\Debug\net10.0-windows\GhProjectsBoards.Tests.dll" adapterTypeName="executor://nunit3testexecutor/" className="GhProjectsBoards.Tests.HistoricalDispositionTests" name="UnverifiedTargetsNeverProduceDispositionAuthority(&quot;partial&quot;)" />
    </UnitTest>
    <UnitTest name="RestoreRejectsContradictoryHistoricalEvidenceWithoutRewritingIt(&quot;decision-after-success&quot;)" storage="c:\users\mwam0\.copilot\repos\gh-projects-boards\tests\ghprojectsboards.tests\bin\debug\net10.0-windows\ghprojectsboards.tests.dll" id="fa25b016-dbcf-b1b3-0d99-29429fdff925">
      <Execution id="d5b75fd4-615d-4bcc-a146-980714c66940" />
      <TestMethod codeBase="C:\Users\mwam0\.copilot\repos\gh-projects-boards\tests\GhProjectsBoards.Tests\bin\Debug\net10.0-windows\GhProjectsBoards.Tests.dll" adapterTypeName="executor://nunit3testexecutor/" className="GhProjectsBoards.Tests.HistoricalDispositionTests" name="RestoreRejectsContradictoryHistoricalEvidenceWithoutRewritingIt(&quot;decision-after-success&quot;)" />
    </UnitTest>
    <UnitTest name="MalformedDecisionCannotBecomeAnUnregisterWaiver(&quot;wrong-target&quot;)" storage="c:\users\mwam0\.copilot\repos\gh-projects-boards\tests\ghprojectsboards.tests\bin\debug\net10.0-windows\ghprojectsboards.tests.dll" id="48946e61-e244-2ce8-d18d-24e3ece065ae">
      <Execution id="c7186d26-5ae5-49b3-b697-8c37d6ca2afd" />
      <TestMethod codeBase="C:\Users\mwam0\.copilot\repos\gh-projects-boards\tests\GhProjectsBoards.Tests\bin\Debug\net10.0-windows\GhProjectsBoards.Tests.dll" adapterTypeName="executor://nunit3testexecutor/" className="GhProjectsBoards.Tests.HistoricalDispositionTests" name="MalformedDecisionCannotBecomeAnUnregisterWaiver(&quot;wrong-target&quot;)" />
    </UnitTest>
    <UnitTest name="ChangedSecondObservationRequiresAnotherExplicitDecision" storage="c:\users\mwam0\.copilot\repos\gh-projects-boards\tests\ghprojectsboards.tests\bin\debug\net10.0-windows\ghprojectsboards.tests.dll" id="d2897452-dc33-e475-a7b6-0846a60d3a1b">
      <Execution id="29221981-5a45-4953-a0e6-731e5f1b211f" />
      <TestMethod codeBase="C:\Users\mwam0\.copilot\repos\gh-projects-boards\tests\GhProjectsBoards.Tests\bin\Debug\net10.0-windows\GhProjectsBoards.Tests.dll" adapterTypeName="executor://nunit3testexecutor/" className="GhProjectsBoards.Tests.HistoricalDispositionTests" name="ChangedSecondObservationRequiresAnotherExplicitDecision" />
    </UnitTest>
    <UnitTest name="AcceptCurrentPreservesOriginalUncertaintyAndLocalWorkAcrossRestart(&quot;superseded-existing&quot;)" storage="c:\users\mwam0\.copilot\repos\gh-projects-boards\tests\ghprojectsboards.tests\bin\debug\net10.0-windows\ghprojectsboards.tests.dll" id="881d0ad9-19e8-20c0-12aa-a186dc3c5c7c">
      <Execution id="01baecba-bc25-4155-9523-bf831b031448" />
      <TestMethod codeBase="C:\Users\mwam0\.copilot\repos\gh-projects-boards\tests\GhProjectsBoards.Tests\bin\Debug\net10.0-windows\GhProjectsBoards.Tests.dll" adapterTypeName="executor://nunit3testexecutor/" className="GhProjectsBoards.Tests.HistoricalDispositionTests" name="AcceptCurrentPreservesOriginalUncertaintyAndLocalWorkAcrossRestart(&quot;superseded-existing&quot;)" />
    </UnitTest>
    <UnitTest name="ContinuedHandlingRemainsOpenWithoutAnExplicitLinkedApproval(False)" storage="c:\users\mwam0\.copilot\repos\gh-projects-boards\tests\ghprojectsboards.tests\bin\debug\net10.0-windows\ghprojectsboards.tests.dll" id="2dde4520-9ee1-f005-34ec-2b09df7b77df">
      <Execution id="ab42370f-cd1f-47a5-858a-d02410ba85d5" />
      <TestMethod codeBase="C:\Users\mwam0\.copilot\repos\gh-projects-boards\tests\GhProjectsBoards.Tests\bin\Debug\net10.0-windows\GhProjectsBoards.Tests.dll" adapterTypeName="executor://nunit3testexecutor/" className="GhProjectsBoards.Tests.HistoricalDispositionTests" name="ContinuedHandlingRemainsOpenWithoutAnExplicitLinkedApproval(False)" />
    </UnitTest>
    <UnitTest name="MalformedDecisionCannotBecomeAnUnregisterWaiver(&quot;unversioned&quot;)" storage="c:\users\mwam0\.copilot\repos\gh-projects-boards\tests\ghprojectsboards.tests\bin\debug\net10.0-windows\ghprojectsboards.tests.dll" id="e32032ac-f5ab-52c3-c73b-be084d8a799f">
      <Execution id="3d41bb6a-0ecf-48b6-9484-907c0aa1b1e3" />
      <TestMethod codeBase="C:\Users\mwam0\.copilot\repos\gh-projects-boards\tests\GhProjectsBoards.Tests\bin\Debug\net10.0-windows\GhProjectsBoards.Tests.dll" adapterTypeName="executor://nunit3testexecutor/" className="GhProjectsBoards.Tests.HistoricalDispositionTests" name="MalformedDecisionCannotBecomeAnUnregisterWaiver(&quot;unversioned&quot;)" />
    </UnitTest>
    <UnitTest name="ExactRetiredFieldObservationDistinguishesAbsenceFromKnownValues(&quot;empty&quot;)" storage="c:\users\mwam0\.copilot\repos\gh-projects-boards\tests\ghprojectsboards.tests\bin\debug\net10.0-windows\ghprojectsboards.tests.dll" id="1b65bd42-d5a9-e3ad-f690-3847f6ad69f9">
      <Execution id="c4b3a7c0-afb3-4fd7-a7c2-c12a94319c50" />
      <TestMethod codeBase="C:\Users\mwam0\.copilot\repos\gh-projects-boards\tests\GhProjectsBoards.Tests\bin\Debug\net10.0-windows\GhProjectsBoards.Tests.dll" adapterTypeName="executor://nunit3testexecutor/" className="GhProjectsBoards.Tests.HistoricalDispositionTests" name="ExactRetiredFieldObservationDistinguishesAbsenceFromKnownValues(&quot;empty&quot;)" />
    </UnitTest>
    <UnitTest name="LinkedUnfinishedOutcomeDoesNotSettleOriginalHandling(&quot;failed&quot;)" storage="c:\users\mwam0\.copilot\repos\gh-projects-boards\tests\ghprojectsboards.tests\bin\debug\net10.0-windows\ghprojectsboards.tests.dll" id="5c6bc9e8-8782-38eb-b028-ef1e1f09d166">
      <Execution id="10fdd5ac-7a19-4c72-bb16-c69594c1b8b5" />
      <TestMethod codeBase="C:\Users\mwam0\.copilot\repos\gh-projects-boards\tests\GhProjectsBoards.Tests\bin\Debug\net10.0-windows\GhProjectsBoards.Tests.dll" adapterTypeName="executor://nunit3testexecutor/" className="GhProjectsBoards.Tests.HistoricalDispositionTests" name="LinkedUnfinishedOutcomeDoesNotSettleOriginalHandling(&quot;failed&quot;)" />
    </UnitTest>
    <UnitTest name="LinkedUnfinishedOutcomeDoesNotSettleOriginalHandling(&quot;unknown&quot;)" storage="c:\users\mwam0\.copilot\repos\gh-projects-boards\tests\ghprojectsboards.tests\bin\debug\net10.0-windows\ghprojectsboards.tests.dll" id="816ab62b-2ea7-0129-a063-c3bb7a84eedb">
      <Execution id="c664303c-af7a-4e62-adbe-adaeac55d0f0" />
      <TestMethod codeBase="C:\Users\mwam0\.copilot\repos\gh-projects-boards\tests\GhProjectsBoards.Tests\bin\Debug\net10.0-windows\GhProjectsBoards.Tests.dll" adapterTypeName="executor://nunit3testexecutor/" className="GhProjectsBoards.Tests.HistoricalDispositionTests" name="LinkedUnfinishedOutcomeDoesNotSettleOriginalHandling(&quot;unknown&quot;)" />
    </UnitTest>
    <UnitTest name="UnlinkedSuccessDoesNotSettleHistoricalHandling(True)" storage="c:\users\mwam0\.copilot\repos\gh-projects-boards\tests\ghprojectsboards.tests\bin\debug\net10.0-windows\ghprojectsboards.tests.dll" id="e5ed1714-89c4-7ca7-799a-a81f8d67e51c">
      <Execution id="ee20e015-3f0c-40fb-b95c-47073b33062a" />
      <TestMethod codeBase="C:\Users\mwam0\.copilot\repos\gh-projects-boards\tests\GhProjectsBoards.Tests\bin\Debug\net10.0-windows\GhProjectsBoards.Tests.dll" adapterTypeName="executor://nunit3testexecutor/" className="GhProjectsBoards.Tests.HistoricalDispositionTests" name="UnlinkedSuccessDoesNotSettleHistoricalHandling(True)" />
    </UnitTest>
    <UnitTest name="ExactRetiredFieldObservationDistinguishesAbsenceFromKnownValues(&quot;absent&quot;)" storage="c:\users\mwam0\.copilot\repos\gh-projects-boards\tests\ghprojectsboards.tests\bin\debug\net10.0-windows\ghprojectsboards.tests.dll" id="dadbfa37-d46d-ab1b-2ae7-2ee7198c6f1f">
      <Execution id="22610d00-fc18-4b5e-b4c8-b5eaa8822e1d" />
      <TestMethod codeBase="C:\Users\mwam0\.copilot\repos\gh-projects-boards\tests\GhProjectsBoards.Tests\bin\Debug\net10.0-windows\GhProjectsBoards.Tests.dll" adapterTypeName="executor://nunit3testexecutor/" className="GhProjectsBoards.Tests.HistoricalDispositionTests" name="ExactRetiredFieldObservationDistinguishesAbsenceFromKnownValues(&quot;absent&quot;)" />
    </UnitTest>
    <UnitTest name="MalformedDecisionCannotBecomeAnUnregisterWaiver(&quot;wrong-scope&quot;)" storage="c:\users\mwam0\.copilot\repos\gh-projects-boards\tests\ghprojectsboards.tests\bin\debug\net10.0-windows\ghprojectsboards.tests.dll" id="4b207017-106b-4f64-7a8c-ed6bad39faad">
      <Execution id="5ec1c09a-44ae-471f-b2a7-5f9d998167fb" />
      <TestMethod codeBase="C:\Users\mwam0\.copilot\repos\gh-projects-boards\tests\GhProjectsBoards.Tests\bin\Debug\net10.0-windows\GhProjectsBoards.Tests.dll" adapterTypeName="executor://nunit3testexecutor/" className="GhProjectsBoards.Tests.HistoricalDispositionTests" name="MalformedDecisionCannotBecomeAnUnregisterWaiver(&quot;wrong-scope&quot;)" />
    </UnitTest>
    <UnitTest name="RestoreRejectsContradictoryHistoricalEvidenceWithoutRewritingIt(&quot;verification-before-approval&quot;)" storage="c:\users\mwam0\.copilot\repos\gh-projects-boards\tests\ghprojectsboards.tests\bin\debug\net10.0-windows\ghprojectsboards.tests.dll" id="4f2a5fff-91a4-e599-6160-4ccee031c71d">
      <Execution id="2c291c1c-5cd1-416e-a037-8c423aaeab90" />
      <TestMethod codeBase="C:\Users\mwam0\.copilot\repos\gh-projects-boards\tests\GhProjectsBoards.Tests\bin\Debug\net10.0-windows\GhProjectsBoards.Tests.dll" adapterTypeName="executor://nunit3testexecutor/" className="GhProjectsBoards.Tests.HistoricalDispositionTests" name="RestoreRejectsContradictoryHistoricalEvidenceWithoutRewritingIt(&quot;verification-before-approval&quot;)" />
    </UnitTest>
    <UnitTest name="UnverifiedTargetsNeverProduceDispositionAuthority(&quot;item&quot;)" storage="c:\users\mwam0\.copilot\repos\gh-projects-boards\tests\ghprojectsboards.tests\bin\debug\net10.0-windows\ghprojectsboards.tests.dll" id="43a7db66-b623-d400-b0e6-1ea2b01070fa">
      <Execution id="a6e3763a-ec3a-4586-a5e1-b5830c3d2713" />
      <TestMethod codeBase="C:\Users\mwam0\.copilot\repos\gh-projects-boards\tests\GhProjectsBoards.Tests\bin\Debug\net10.0-windows\GhProjectsBoards.Tests.dll" adapterTypeName="executor://nunit3testexecutor/" className="GhProjectsBoards.Tests.HistoricalDispositionTests" name="UnverifiedTargetsNeverProduceDispositionAuthority(&quot;item&quot;)" />
    </UnitTest>
    <UnitTest name="LinkedUnfinishedOutcomeDoesNotSettleOriginalHandling(&quot;cancelled&quot;)" storage="c:\users\mwam0\.copilot\repos\gh-projects-boards\tests\ghprojectsboards.tests\bin\debug\net10.0-windows\ghprojectsboards.tests.dll" id="4dee1b7b-d147-8109-e35c-cd322733a8fe">
      <Execution id="8664d8f8-baf9-44f6-9ad9-7c5aa0ae90a0" />
      <TestMethod codeBase="C:\Users\mwam0\.copilot\repos\gh-projects-boards\tests\GhProjectsBoards.Tests\bin\Debug\net10.0-windows\GhProjectsBoards.Tests.dll" adapterTypeName="executor://nunit3testexecutor/" className="GhProjectsBoards.Tests.HistoricalDispositionTests" name="LinkedUnfinishedOutcomeDoesNotSettleOriginalHandling(&quot;cancelled&quot;)" />
    </UnitTest>
    <UnitTest name="UnverifiedTargetsNeverProduceDispositionAuthority(&quot;project&quot;)" storage="c:\users\mwam0\.copilot\repos\gh-projects-boards\tests\ghprojectsboards.tests\bin\debug\net10.0-windows\ghprojectsboards.tests.dll" id="dde42700-ee8c-5944-f73b-6f6a2695606e">
      <Execution id="cdc7699d-d34b-4ba0-8018-f4c5da778cb3" />
      <TestMethod codeBase="C:\Users\mwam0\.copilot\repos\gh-projects-boards\tests\GhProjectsBoards.Tests\bin\Debug\net10.0-windows\GhProjectsBoards.Tests.dll" adapterTypeName="executor://nunit3testexecutor/" className="GhProjectsBoards.Tests.HistoricalDispositionTests" name="UnverifiedTargetsNeverProduceDispositionAuthority(&quot;project&quot;)" />
    </UnitTest>
    <UnitTest name="MalformedDecisionCannotBecomeAnUnregisterWaiver(&quot;duplicate-choice&quot;)" storage="c:\users\mwam0\.copilot\repos\gh-projects-boards\tests\ghprojectsboards.tests\bin\debug\net10.0-windows\ghprojectsboards.tests.dll" id="713a4f23-ca7c-9a6b-1ec4-fe584719a48d">
      <Execution id="251dac3b-e642-4045-97e8-44288621c61c" />
      <TestMethod codeBase="C:\Users\mwam0\.copilot\repos\gh-projects-boards\tests\GhProjectsBoards.Tests\bin\Debug\net10.0-windows\GhProjectsBoards.Tests.dll" adapterTypeName="executor://nunit3testexecutor/" className="GhProjectsBoards.Tests.HistoricalDispositionTests" name="MalformedDecisionCannotBecomeAnUnregisterWaiver(&quot;duplicate-choice&quot;)" />
    </UnitTest>
    <UnitTest name="MalformedDecisionCannotBecomeAnUnregisterWaiver(&quot;unsupported-absence&quot;)" storage="c:\users\mwam0\.copilot\repos\gh-projects-boards\tests\ghprojectsboards.tests\bin\debug\net10.0-windows\ghprojectsboards.tests.dll" id="6249257a-ff9a-e0a2-74bb-738abc296496">
      <Execution id="0a4276e8-4b08-4980-a571-c1e4810945df" />
      <TestMethod codeBase="C:\Users\mwam0\.copilot\repos\gh-projects-boards\tests\GhProjectsBoards.Tests\bin\Debug\net10.0-windows\GhProjectsBoards.Tests.dll" adapterTypeName="executor://nunit3testexecutor/" className="GhProjectsBoards.Tests.HistoricalDispositionTests" name="MalformedDecisionCannotBecomeAnUnregisterWaiver(&quot;unsupported-absence&quot;)" />
    </UnitTest>
    <UnitTest name="CompletingOneHistoricalFieldKeepsAnotherUncertaintyBlockingUnregister" storage="c:\users\mwam0\.copilot\repos\gh-projects-boards\tests\ghprojectsboards.tests\bin\debug\net10.0-windows\ghprojectsboards.tests.dll" id="57f8c003-5515-df97-c18c-9aa70f9e1d35">
      <Execution id="0b93d8e7-17a8-4738-ba85-c0c61e7b65e2" />
      <TestMethod codeBase="C:\Users\mwam0\.copilot\repos\gh-projects-boards\tests\GhProjectsBoards.Tests\bin\Debug\net10.0-windows\GhProjectsBoards.Tests.dll" adapterTypeName="executor://nunit3testexecutor/" className="GhProjectsBoards.Tests.HistoricalDispositionTests" name="CompletingOneHistoricalFieldKeepsAnotherUncertaintyBlockingUnregister" />
    </UnitTest>
    <UnitTest name="RestoreRejectsContradictoryHistoricalEvidenceWithoutRewritingIt(&quot;observation-before-dispatch&quot;)" storage="c:\users\mwam0\.copilot\repos\gh-projects-boards\tests\ghprojectsboards.tests\bin\debug\net10.0-windows\ghprojectsboards.tests.dll" id="84aa34b8-2809-fd9a-357e-73f42f53abb5">
      <Execution id="6f921210-cdde-42ec-9149-64f25fc2ce17" />
      <TestMethod codeBase="C:\Users\mwam0\.copilot\repos\gh-projects-boards\tests\GhProjectsBoards.Tests\bin\Debug\net10.0-windows\GhProjectsBoards.Tests.dll" adapterTypeName="executor://nunit3testexecutor/" className="GhProjectsBoards.Tests.HistoricalDispositionTests" name="RestoreRejectsContradictoryHistoricalEvidenceWithoutRewritingIt(&quot;observation-before-dispatch&quot;)" />
    </UnitTest>
    <UnitTest name="FailedDecisionSaveRetainsCandidateAndOriginalCheckpointUntilRetry" storage="c:\users\mwam0\.copilot\repos\gh-projects-boards\tests\ghprojectsboards.tests\bin\debug\net10.0-windows\ghprojectsboards.tests.dll" id="54cc0831-c42e-f5d6-5ef9-7da6f51a6d56">
      <Execution id="edcc72b9-065c-467a-81e0-f7c553feed18" />
      <TestMethod codeBase="C:\Users\mwam0\.copilot\repos\gh-projects-boards\tests\GhProjectsBoards.Tests\bin\Debug\net10.0-windows\GhProjectsBoards.Tests.dll" adapterTypeName="executor://nunit3testexecutor/" className="GhProjectsBoards.Tests.HistoricalDispositionTests" name="FailedDecisionSaveRetainsCandidateAndOriginalCheckpointUntilRetry" />
    </UnitTest>
    <UnitTest name="DurableDecisionIsNotResubmittedWhenIndependentInputSaveFails" storage="c:\users\mwam0\.copilot\repos\gh-projects-boards\tests\ghprojectsboards.tests\bin\debug\net10.0-windows\ghprojectsboards.tests.dll" id="20d6b241-8cd1-a55c-1ff1-3ef064b93d74">
      <Execution id="ba80f949-682e-479e-86a2-19fa1fac52b3" />
      <TestMethod codeBase="C:\Users\mwam0\.copilot\repos\gh-projects-boards\tests\GhProjectsBoards.Tests\bin\Debug\net10.0-windows\GhProjectsBoards.Tests.dll" adapterTypeName="executor://nunit3testexecutor/" className="GhProjectsBoards.Tests.HistoricalDispositionTests" name="DurableDecisionIsNotResubmittedWhenIndependentInputSaveFails" />
    </UnitTest>
    <UnitTest name="MalformedDecisionCannotBecomeAnUnregisterWaiver(&quot;missing-metadata&quot;)" storage="c:\users\mwam0\.copilot\repos\gh-projects-boards\tests\ghprojectsboards.tests\bin\debug\net10.0-windows\ghprojectsboards.tests.dll" id="31248507-53c0-0b19-ec42-97b1b1dd93c6">
      <Execution id="9740e7be-f9a5-4360-8e9c-6964514a3443" />
      <TestMethod codeBase="C:\Users\mwam0\.copilot\repos\gh-projects-boards\tests\GhProjectsBoards.Tests\bin\Debug\net10.0-windows\GhProjectsBoards.Tests.dll" adapterTypeName="executor://nunit3testexecutor/" className="GhProjectsBoards.Tests.HistoricalDispositionTests" name="MalformedDecisionCannotBecomeAnUnregisterWaiver(&quot;missing-metadata&quot;)" />
    </UnitTest>
    <UnitTest name="AcceptCurrentPreservesOriginalUncertaintyAndLocalWorkAcrossRestart(&quot;completed-retired&quot;)" storage="c:\users\mwam0\.copilot\repos\gh-projects-boards\tests\ghprojectsboards.tests\bin\debug\net10.0-windows\ghprojectsboards.tests.dll" id="03776907-8cd7-bacb-ef84-8a1dc66fdf58">
      <Execution id="7726b39f-d45e-4570-8581-64882866113b" />
      <TestMethod codeBase="C:\Users\mwam0\.copilot\repos\gh-projects-boards\tests\GhProjectsBoards.Tests\bin\Debug\net10.0-windows\GhProjectsBoards.Tests.dll" adapterTypeName="executor://nunit3testexecutor/" className="GhProjectsBoards.Tests.HistoricalDispositionTests" name="AcceptCurrentPreservesOriginalUncertaintyAndLocalWorkAcrossRestart(&quot;completed-retired&quot;)" />
    </UnitTest>
    <UnitTest name="LinkedUnfinishedOutcomeDoesNotSettleOriginalHandling(&quot;superseded&quot;)" storage="c:\users\mwam0\.copilot\repos\gh-projects-boards\tests\ghprojectsboards.tests\bin\debug\net10.0-windows\ghprojectsboards.tests.dll" id="32dc2045-174b-29b1-a56f-bf42fd1f48c1">
      <Execution id="d6b8cd0a-9560-4882-87f9-37d37cf7e2f7" />
      <TestMethod codeBase="C:\Users\mwam0\.copilot\repos\gh-projects-boards\tests\GhProjectsBoards.Tests\bin\Debug\net10.0-windows\GhProjectsBoards.Tests.dll" adapterTypeName="executor://nunit3testexecutor/" className="GhProjectsBoards.Tests.HistoricalDispositionTests" name="LinkedUnfinishedOutcomeDoesNotSettleOriginalHandling(&quot;superseded&quot;)" />
    </UnitTest>
    <UnitTest name="ExactRetiredFieldObservationDistinguishesAbsenceFromKnownValues(&quot;old-option-removed&quot;)" storage="c:\users\mwam0\.copilot\repos\gh-projects-boards\tests\ghprojectsboards.tests\bin\debug\net10.0-windows\ghprojectsboards.tests.dll" id="bb889a28-227b-989c-fbed-3829ac102871">
      <Execution id="eb2923ad-f393-4535-b061-157bfa37c28d" />
      <TestMethod codeBase="C:\Users\mwam0\.copilot\repos\gh-projects-boards\tests\GhProjectsBoards.Tests\bin\Debug\net10.0-windows\GhProjectsBoards.Tests.dll" adapterTypeName="executor://nunit3testexecutor/" className="GhProjectsBoards.Tests.HistoricalDispositionTests" name="ExactRetiredFieldObservationDistinguishesAbsenceFromKnownValues(&quot;old-option-removed&quot;)" />
    </UnitTest>
    <UnitTest name="UnverifiedTargetsNeverProduceDispositionAuthority(&quot;content&quot;)" storage="c:\users\mwam0\.copilot\repos\gh-projects-boards\tests\ghprojectsboards.tests\bin\debug\net10.0-windows\ghprojectsboards.tests.dll" id="d8b7a24b-2e3e-d9d4-a7cd-51a7b4fe948b">
      <Execution id="566e6009-b2d5-423c-8803-a3cdb111fb9d" />
      <TestMethod codeBase="C:\Users\mwam0\.copilot\repos\gh-projects-boards\tests\GhProjectsBoards.Tests\bin\Debug\net10.0-windows\GhProjectsBoards.Tests.dll" adapterTypeName="executor://nunit3testexecutor/" className="GhProjectsBoards.Tests.HistoricalDispositionTests" name="UnverifiedTargetsNeverProduceDispositionAuthority(&quot;content&quot;)" />
    </UnitTest>
    <UnitTest name="UnverifiedTargetsNeverProduceDispositionAuthority(&quot;denied&quot;)" storage="c:\users\mwam0\.copilot\repos\gh-projects-boards\tests\ghprojectsboards.tests\bin\debug\net10.0-windows\ghprojectsboards.tests.dll" id="6034ae8b-33e0-8db0-5a70-bba1a927c7a8">
      <Execution id="ef4a756a-0047-40cf-b9a6-606752f442df" />
      <TestMethod codeBase="C:\Users\mwam0\.copilot\repos\gh-projects-boards\tests\GhProjectsBoards.Tests\bin\Debug\net10.0-windows\GhProjectsBoards.Tests.dll" adapterTypeName="executor://nunit3testexecutor/" className="GhProjectsBoards.Tests.HistoricalDispositionTests" name="UnverifiedTargetsNeverProduceDispositionAuthority(&quot;denied&quot;)" />
    </UnitTest>
  </TestDefinitions>
  <TestEntries>
    <TestEntry testId="713a4f23-ca7c-9a6b-1ec4-fe584719a48d" executionId="251dac3b-e642-4045-97e8-44288621c61c" testListId="8c84fa94-04c1-424b-9868-57a2d4851a1d" />
    <TestEntry testId="03776907-8cd7-bacb-ef84-8a1dc66fdf58" executionId="7726b39f-d45e-4570-8581-64882866113b" testListId="8c84fa94-04c1-424b-9868-57a2d4851a1d" />
    <TestEntry testId="66279d8d-3048-1dd5-14f6-1191eda659e4" executionId="89af95f9-d40d-46cf-8636-4c92c281b9b7" testListId="8c84fa94-04c1-424b-9868-57a2d4851a1d" />
    <TestEntry testId="dadbfa37-d46d-ab1b-2ae7-2ee7198c6f1f" executionId="22610d00-fc18-4b5e-b4c8-b5eaa8822e1d" testListId="8c84fa94-04c1-424b-9868-57a2d4851a1d" />
    <TestEntry testId="1b65bd42-d5a9-e3ad-f690-3847f6ad69f9" executionId="c4b3a7c0-afb3-4fd7-a7c2-c12a94319c50" testListId="8c84fa94-04c1-424b-9868-57a2d4851a1d" />
    <TestEntry testId="2f7e66a5-b161-f640-4ff3-3cfba23a8d42" executionId="fc2e817c-9511-4450-aa66-a57fd2405267" testListId="8c84fa94-04c1-424b-9868-57a2d4851a1d" />
    <TestEntry testId="54cc0831-c42e-f5d6-5ef9-7da6f51a6d56" executionId="edcc72b9-065c-467a-81e0-f7c553feed18" testListId="8c84fa94-04c1-424b-9868-57a2d4851a1d" />
    <TestEntry testId="31248507-53c0-0b19-ec42-97b1b1dd93c6" executionId="9740e7be-f9a5-4360-8e9c-6964514a3443" testListId="8c84fa94-04c1-424b-9868-57a2d4851a1d" />
    <TestEntry testId="dde42700-ee8c-5944-f73b-6f6a2695606e" executionId="cdc7699d-d34b-4ba0-8018-f4c5da778cb3" testListId="8c84fa94-04c1-424b-9868-57a2d4851a1d" />
    <TestEntry testId="881d0ad9-19e8-20c0-12aa-a186dc3c5c7c" executionId="01baecba-bc25-4155-9523-bf831b031448" testListId="8c84fa94-04c1-424b-9868-57a2d4851a1d" />
    <TestEntry testId="5c6bc9e8-8782-38eb-b028-ef1e1f09d166" executionId="10fdd5ac-7a19-4c72-bb16-c69594c1b8b5" testListId="8c84fa94-04c1-424b-9868-57a2d4851a1d" />
    <TestEntry testId="fa25b016-dbcf-b1b3-0d99-29429fdff925" executionId="d5b75fd4-615d-4bcc-a146-980714c66940" testListId="8c84fa94-04c1-424b-9868-57a2d4851a1d" />
    <TestEntry testId="d2897452-dc33-e475-a7b6-0846a60d3a1b" executionId="29221981-5a45-4953-a0e6-731e5f1b211f" testListId="8c84fa94-04c1-424b-9868-57a2d4851a1d" />
    <TestEntry testId="afd9a729-d521-5b8f-cc27-ed3bae4085b0" executionId="0c13f38a-280a-4d48-bc89-b6ef470601a0" testListId="8c84fa94-04c1-424b-9868-57a2d4851a1d" />
    <TestEntry testId="c07d7ce2-54f6-4960-32bc-28327e7aaf9f" executionId="1b10d899-da7b-45cb-8e83-0d9e0fcef2d3" testListId="8c84fa94-04c1-424b-9868-57a2d4851a1d" />
    <TestEntry testId="b8d9c48d-5128-087a-07b6-d0b3c9ca8079" executionId="baaa4f43-800e-49ad-b6ea-98404a90be0f" testListId="8c84fa94-04c1-424b-9868-57a2d4851a1d" />
    <TestEntry testId="4b207017-106b-4f64-7a8c-ed6bad39faad" executionId="5ec1c09a-44ae-471f-b2a7-5f9d998167fb" testListId="8c84fa94-04c1-424b-9868-57a2d4851a1d" />
    <TestEntry testId="e5ed1714-89c4-7ca7-799a-a81f8d67e51c" executionId="ee20e015-3f0c-40fb-b95c-47073b33062a" testListId="8c84fa94-04c1-424b-9868-57a2d4851a1d" />
    <TestEntry testId="6249257a-ff9a-e0a2-74bb-738abc296496" executionId="0a4276e8-4b08-4980-a571-c1e4810945df" testListId="8c84fa94-04c1-424b-9868-57a2d4851a1d" />
    <TestEntry testId="48946e61-e244-2ce8-d18d-24e3ece065ae" executionId="c7186d26-5ae5-49b3-b697-8c37d6ca2afd" testListId="8c84fa94-04c1-424b-9868-57a2d4851a1d" />
    <TestEntry testId="e32032ac-f5ab-52c3-c73b-be084d8a799f" executionId="3d41bb6a-0ecf-48b6-9484-907c0aa1b1e3" testListId="8c84fa94-04c1-424b-9868-57a2d4851a1d" />
    <TestEntry testId="57c5b924-2ea2-370f-7c3c-a2ab630bc359" executionId="a683a774-b9ec-4490-be70-6066840c9015" testListId="8c84fa94-04c1-424b-9868-57a2d4851a1d" />
    <TestEntry testId="4f2a5fff-91a4-e599-6160-4ccee031c71d" executionId="2c291c1c-5cd1-416e-a037-8c423aaeab90" testListId="8c84fa94-04c1-424b-9868-57a2d4851a1d" />
    <TestEntry testId="816ab62b-2ea7-0129-a063-c3bb7a84eedb" executionId="c664303c-af7a-4e62-adbe-adaeac55d0f0" testListId="8c84fa94-04c1-424b-9868-57a2d4851a1d" />
    <TestEntry testId="d8b7a24b-2e3e-d9d4-a7cd-51a7b4fe948b" executionId="566e6009-b2d5-423c-8803-a3cdb111fb9d" testListId="8c84fa94-04c1-424b-9868-57a2d4851a1d" />
    <TestEntry testId="43a7db66-b623-d400-b0e6-1ea2b01070fa" executionId="a6e3763a-ec3a-4586-a5e1-b5830c3d2713" testListId="8c84fa94-04c1-424b-9868-57a2d4851a1d" />
    <TestEntry testId="bb889a28-227b-989c-fbed-3829ac102871" executionId="eb2923ad-f393-4535-b061-157bfa37c28d" testListId="8c84fa94-04c1-424b-9868-57a2d4851a1d" />
    <TestEntry testId="57f8c003-5515-df97-c18c-9aa70f9e1d35" executionId="0b93d8e7-17a8-4738-ba85-c0c61e7b65e2" testListId="8c84fa94-04c1-424b-9868-57a2d4851a1d" />
    <TestEntry testId="74cc42d9-64e7-519f-0d76-534e3918b8d1" executionId="acb03a5a-d217-4045-aeba-a599e263940a" testListId="8c84fa94-04c1-424b-9868-57a2d4851a1d" />
    <TestEntry testId="32dc2045-174b-29b1-a56f-bf42fd1f48c1" executionId="d6b8cd0a-9560-4882-87f9-37d37cf7e2f7" testListId="8c84fa94-04c1-424b-9868-57a2d4851a1d" />
    <TestEntry testId="9b406455-2dd4-4d7f-297b-c05951eb26a5" executionId="3e370be4-0a77-4f8e-a387-32bddd185722" testListId="8c84fa94-04c1-424b-9868-57a2d4851a1d" />
    <TestEntry testId="20d6b241-8cd1-a55c-1ff1-3ef064b93d74" executionId="ba80f949-682e-479e-86a2-19fa1fac52b3" testListId="8c84fa94-04c1-424b-9868-57a2d4851a1d" />
    <TestEntry testId="84aa34b8-2809-fd9a-357e-73f42f53abb5" executionId="6f921210-cdde-42ec-9149-64f25fc2ce17" testListId="8c84fa94-04c1-424b-9868-57a2d4851a1d" />
    <TestEntry testId="6034ae8b-33e0-8db0-5a70-bba1a927c7a8" executionId="ef4a756a-0047-40cf-b9a6-606752f442df" testListId="8c84fa94-04c1-424b-9868-57a2d4851a1d" />
    <TestEntry testId="9c484442-2879-3503-9487-29033b51c094" executionId="ab6a29a1-d078-438b-ba89-a43fdcf8804b" testListId="8c84fa94-04c1-424b-9868-57a2d4851a1d" />
    <TestEntry testId="4dee1b7b-d147-8109-e35c-cd322733a8fe" executionId="8664d8f8-baf9-44f6-9ad9-7c5aa0ae90a0" testListId="8c84fa94-04c1-424b-9868-57a2d4851a1d" />
    <TestEntry testId="2dde4520-9ee1-f005-34ec-2b09df7b77df" executionId="ab42370f-cd1f-47a5-858a-d02410ba85d5" testListId="8c84fa94-04c1-424b-9868-57a2d4851a1d" />
  </TestEntries>
  <TestLists>
    <TestList name="一覧に存在しない結果" id="8c84fa94-04c1-424b-9868-57a2d4851a1d" />
    <TestList name="読み込まれたすべての結果" id="19431567-8539-422a-85d7-44ee4e166bda" />
  </TestLists>
  <ResultSummary outcome="Completed">
    <Counters total="37" executed="37" passed="37" failed="0" error="0" timeout="0" aborted="0" inconclusive="0" passedButRunAborted="0" notRunnable="0" notExecuted="0" disconnected="0" warning="0" completed="0" inProgress="0" pending="0" />
    <Output>
      <StdOut>NUnit Adapter 1.0.0.0: Test execution started&#xD;
Running selected tests in C:\Users\mwam0\.copilot\repos\gh-projects-boards\tests\GhProjectsBoards.Tests\bin\Debug\net10.0-windows\GhProjectsBoards.Tests.dll&#xD;
   NUnit3TestExecutor discovered 37 of 37 NUnit test cases using Current Discovery mode, Non-Explicit run&#xD;
</StdOut>
    </Output>
    <CollectorDataEntries>
      <Collector agentName="RTX5070" uri="datacollector://microsoft/CodeCoverage/2.0" collectorDisplayName="Code Coverage">
        <UriAttachments>
          <UriAttachment>
            <A href="RTX5070\mwam0_RTX5070_2026-09-27.20_01_52.cobertura.xml"></A>
          </UriAttachment>
        </UriAttachments>
      </Collector>
    </CollectorDataEntries>
  </ResultSummary>
</TestRun>