<?xml version="1.0" encoding="utf-8"?>
<TestRun id="5ce9021c-bc73-4704-8beb-7ccd4d70c564" name="mwam0@RTX5070 2026-10-04 18:38:09" runUser="RTX5070\mwam0" xmlns="http://microsoft.com/schemas/VisualStudio/TeamTest/2010">
  <Times creation="2026-10-04T18:38:09.7022366+09:00" queuing="2026-10-04T18:38:09.7022371+09:00" start="2026-10-04T18:37:50.1049457+09:00" finish="2026-10-04T18:38:17.4377423+09:00" />
  <TestSettings name="default" id="ca571961-8f5d-460b-bd2a-694d96363b0e">
    <Deployment runDeploymentRoot="mwam0_RTX5070_2026-10-04_18_38_09" />
  </TestSettings>
  <Results>
    <UnitTestResult executionId="6c492493-9276-4468-8a79-6959e6c89254" testId="1440c140-dbeb-df83-2a25-77dca355ded9" testName="OrdinaryWeeklyPasteHundredOfThousandRowsUndoesRestartsAndApprovesOnlyVisibleEffort" computerName="RTX5070" duration="00:00:07.6936800" startTime="2026-10-04T18:38:09.6705850+09:00" endTime="2026-10-04T18:38:17.3642642+09:00" testType="13cdc9d9-ddb5-4fa4-a97d-d965ccfc6d4b" outcome="Failed" testListId="8c84fa94-04c1-424b-9868-57a2d4851a1d" relativeResultsDirectory="6c492493-9276-4468-8a79-6959e6c89254">
      <Output>
        <ErrorInfo>
          <Message>Missing control: ProjectSummary</Message>
          <StackTrace>   at GhProjectsBoards.E2E.Tests.WorkspaceUi.Element(Window window, String id) in C:\Users\mwam0\.copilot\repos\gh-projects-boards\tests\GhProjectsBoards.E2E.Tests\WorkspaceUi.cs:line 209&#xD;
   at GhProjectsBoards.E2E.Tests.RegistrationTests.Text(Window w, String id) in C:\Users\mwam0\.copilot\repos\gh-projects-boards\tests\GhProjectsBoards.E2E.Tests\RegistrationTests.cs:line 135&#xD;
   at GhProjectsBoards.E2E.Tests.RegistrationTests.&lt;&gt;c__DisplayClass20_0.&lt;Register&gt;b__0() in C:\Users\mwam0\.copilot\repos\gh-projects-boards\tests\GhProjectsBoards.E2E.Tests\EditingGridTests.cs:line 33&#xD;
   at FlaUI.Core.Tools.Retry.While[T](Func`1 retryMethod, Func`2 checkMethod, Nullable`1 timeout, Nullable`1 interval, Boolean throwOnTimeout, Boolean ignoreException, String timeoutMessage, Boolean lastValueOnTimeout, T defaultOnTimeout)&#xD;
   at FlaUI.Core.Tools.Retry.WhileFalse(Func`1 checkMethod, Nullable`1 timeout, Nullable`1 interval, Boolean throwOnTimeout, Boolean ignoreException, String timeoutMessage)&#xD;
   at GhProjectsBoards.E2E.Tests.RegistrationTests.Wait(Func`1 condition) in C:\Users\mwam0\.copilot\repos\gh-projects-boards\tests\GhProjectsBoards.E2E.Tests\RegistrationTests.cs:line 138&#xD;
   at GhProjectsBoards.E2E.Tests.RegistrationTests.Register(Window w, Int32 number) in C:\Users\mwam0\.copilot\repos\gh-projects-boards\tests\GhProjectsBoards.E2E.Tests\EditingGridTests.cs:line 33&#xD;
   at GhProjectsBoards.E2E.Tests.RegistrationTests.&lt;&gt;c__DisplayClass76_0.&lt;OrdinaryWeeklyPasteHundredOfThousandRowsUndoesRestartsAndApprovesOnlyVisibleEffort&gt;b__7(Window w) in C:\Users\mwam0\.copilot\repos\gh-projects-boards\tests\GhProjectsBoards.E2E.Tests\WeeklyBulkJourneyTests.cs:line 57&#xD;
   at GhProjectsBoards.E2E.Tests.RegistrationTests.Fixture.Run(Action`1 action, Boolean alreadyClosed, Boolean interrupt) in C:\Users\mwam0\.copilot\repos\gh-projects-boards\tests\GhProjectsBoards.E2E.Tests\RegistrationTests.cs:line 167&#xD;
   at GhProjectsBoards.E2E.Tests.RegistrationTests.OrdinaryWeeklyPasteHundredOfThousandRowsUndoesRestartsAndApprovesOnlyVisibleEffort() in C:\Users\mwam0\.copilot\repos\gh-projects-boards\tests\GhProjectsBoards.E2E.Tests\WeeklyBulkJourneyTests.cs:line 54&#xD;

</StackTrace>
        </ErrorInfo>
      </Output>
    </UnitTestResult>
    <UnitTestResult executionId="68bbeae5-7233-4a75-a6a5-f0d891259714" testId="08c496da-f5ff-923e-b44b-d3bf1cdcd699" testName="OrdinaryHolidayPickerPreviewsBeforeExplicitAdoptionAndRetainsCurrentWorkAfterRestart" computerName="RTX5070" duration="00:00:18.5349630" startTime="2026-10-04T18:37:51.1343523+09:00" endTime="2026-10-04T18:38:09.6692559+09:00" testType="13cdc9d9-ddb5-4fa4-a97d-d965ccfc6d4b" outcome="Passed" testListId="8c84fa94-04c1-424b-9868-57a2d4851a1d" relativeResultsDirectory="68bbeae5-7233-4a75-a6a5-f0d891259714">
      <ResultFiles>
        <ResultFile path="RTX5070\holiday-adopted-local-work-retained.png" />
        <ResultFile path="RTX5070\holiday-import-preview.png" />
        <ResultFile path="RTX5070\holiday-native-selected-file.png" />
        <ResultFile path="RTX5070\holiday-picker-journey.json" />
        <ResultFile path="RTX5070\holiday-restarted.png" />
      </ResultFiles>
    </UnitTestResult>
  </Results>
  <TestDefinitions>
    <UnitTest name="OrdinaryWeeklyPasteHundredOfThousandRowsUndoesRestartsAndApprovesOnlyVisibleEffort" storage="c:\users\mwam0\.copilot\repos\gh-projects-boards\testresults/polish-20261004/e2e-driver-v6/ghprojectsboards.e2e.tests.dll" id="1440c140-dbeb-df83-2a25-77dca355ded9">
      <Execution id="6c492493-9276-4468-8a79-6959e6c89254" />
      <TestMethod codeBase="C:\Users\mwam0\.copilot\repos\gh-projects-boards\TestResults/polish-20261004/e2e-driver-v6/GhProjectsBoards.E2E.Tests.dll" adapterTypeName="executor://nunit3testexecutor/" className="GhProjectsBoards.E2E.Tests.RegistrationTests" name="OrdinaryWeeklyPasteHundredOfThousandRowsUndoesRestartsAndApprovesOnlyVisibleEffort" />
    </UnitTest>
    <UnitTest name="OrdinaryHolidayPickerPreviewsBeforeExplicitAdoptionAndRetainsCurrentWorkAfterRestart" storage="c:\users\mwam0\.copilot\repos\gh-projects-boards\testresults/polish-20261004/e2e-driver-v6/ghprojectsboards.e2e.tests.dll" id="08c496da-f5ff-923e-b44b-d3bf1cdcd699">
      <Execution id="68bbeae5-7233-4a75-a6a5-f0d891259714" />
      <TestMethod codeBase="C:\Users\mwam0\.copilot\repos\gh-projects-boards\TestResults/polish-20261004/e2e-driver-v6/GhProjectsBoards.E2E.Tests.dll" adapterTypeName="executor://nunit3testexecutor/" className="GhProjectsBoards.E2E.Tests.RegistrationTests" name="OrdinaryHolidayPickerPreviewsBeforeExplicitAdoptionAndRetainsCurrentWorkAfterRestart" />
    </UnitTest>
  </TestDefinitions>
  <TestEntries>
    <TestEntry testId="1440c140-dbeb-df83-2a25-77dca355ded9" executionId="6c492493-9276-4468-8a79-6959e6c89254" testListId="8c84fa94-04c1-424b-9868-57a2d4851a1d" />
    <TestEntry testId="08c496da-f5ff-923e-b44b-d3bf1cdcd699" executionId="68bbeae5-7233-4a75-a6a5-f0d891259714" testListId="8c84fa94-04c1-424b-9868-57a2d4851a1d" />
  </TestEntries>
  <TestLists>
    <TestList name="一覧に存在しない結果" id="8c84fa94-04c1-424b-9868-57a2d4851a1d" />
    <TestList name="読み込まれたすべての結果" id="19431567-8539-422a-85d7-44ee4e166bda" />
  </TestLists>
  <ResultSummary outcome="Failed">
    <Counters total="2" executed="2" passed="1" failed="1" error="0" timeout="0" aborted="0" inconclusive="0" passedButRunAborted="0" notRunnable="0" notExecuted="0" disconnected="0" warning="0" completed="0" inProgress="0" pending="0" />
    <Output>
      <StdOut>NUnit Adapter 1.0.0.0: Test execution started&#xD;
Running selected tests in C:\Users\mwam0\.copilot\repos\gh-projects-boards\TestResults/polish-20261004/e2e-driver-v6/GhProjectsBoards.E2E.Tests.dll&#xD;
   NUnit3TestExecutor discovered 2 of 2 NUnit test cases using Current Discovery mode, Non-Explicit run&#xD;
</StdOut>
    </Output>
  </ResultSummary>
</TestRun>