<?xml version="1.0" encoding="utf-8"?>
<TestRun id="22efb3f9-0784-484b-8999-d54ca1e39f34" name="mwam0@RTX5070 2026-10-04 18:18:04" runUser="RTX5070\mwam0" xmlns="http://microsoft.com/schemas/VisualStudio/TeamTest/2010">
  <Times creation="2026-10-04T18:18:04.7539288+09:00" queuing="2026-10-04T18:18:04.7539293+09:00" start="2026-10-04T18:17:47.9813077+09:00" finish="2026-10-04T18:18:16.6343999+09:00" />
  <TestSettings name="default" id="4380a24e-d0c6-49a2-a48b-56a3cb28bf44">
    <Deployment runDeploymentRoot="mwam0_RTX5070_2026-10-04_18_18_04" />
  </TestSettings>
  <Results>
    <UnitTestResult executionId="59eeb50f-0626-40df-be30-280ef117176d" testId="1440c140-dbeb-df83-2a25-77dca355ded9" testName="OrdinaryWeeklyPasteHundredOfThousandRowsUndoesRestartsAndApprovesOnlyVisibleEffort" computerName="RTX5070" duration="00:00:11.8323950" startTime="2026-10-04T18:18:04.7276532+09:00" endTime="2026-10-04T18:18:16.5600479+09:00" testType="13cdc9d9-ddb5-4fa4-a97d-d965ccfc6d4b" outcome="Failed" testListId="8c84fa94-04c1-424b-9868-57a2d4851a1d" relativeResultsDirectory="59eeb50f-0626-40df-be30-280ef117176d">
      <Output>
        <ErrorInfo>
          <Message>Missing control: ProjectInformation</Message>
          <StackTrace>   at GhProjectsBoards.E2E.Tests.WorkspaceUi.Element(Window window, String id) in C:\Users\mwam0\.copilot\repos\gh-projects-boards\tests\GhProjectsBoards.E2E.Tests\WorkspaceUi.cs:line 201&#xD;
   at GhProjectsBoards.E2E.Tests.WorkspaceUi.ProjectInformation(Window window) in C:\Users\mwam0\.copilot\repos\gh-projects-boards\tests\GhProjectsBoards.E2E.Tests\WorkspaceUi.cs:line 148&#xD;
   at GhProjectsBoards.E2E.Tests.RegistrationTests.&lt;&gt;c__DisplayClass75_0.&lt;OrdinaryWeeklyPasteHundredOfThousandRowsUndoesRestartsAndApprovesOnlyVisibleEffort&gt;b__7(Window w) in C:\Users\mwam0\.copilot\repos\gh-projects-boards\tests\GhProjectsBoards.E2E.Tests\WeeklyBulkJourneyTests.cs:line 58&#xD;
   at GhProjectsBoards.E2E.Tests.RegistrationTests.Fixture.Run(Action`1 action, Boolean alreadyClosed, Boolean interrupt) in C:\Users\mwam0\.copilot\repos\gh-projects-boards\tests\GhProjectsBoards.E2E.Tests\RegistrationTests.cs:line 167&#xD;
   at GhProjectsBoards.E2E.Tests.RegistrationTests.OrdinaryWeeklyPasteHundredOfThousandRowsUndoesRestartsAndApprovesOnlyVisibleEffort() in C:\Users\mwam0\.copilot\repos\gh-projects-boards\tests\GhProjectsBoards.E2E.Tests\WeeklyBulkJourneyTests.cs:line 54&#xD;

</StackTrace>
        </ErrorInfo>
      </Output>
    </UnitTestResult>
    <UnitTestResult executionId="7011c840-640b-4cbf-8440-e36c0b955620" testId="08c496da-f5ff-923e-b44b-d3bf1cdcd699" testName="OrdinaryHolidayPickerPreviewsBeforeExplicitAdoptionAndRetainsCurrentWorkAfterRestart" computerName="RTX5070" duration="00:00:15.9021210" startTime="2026-10-04T18:17:48.8243620+09:00" endTime="2026-10-04T18:18:04.7264444+09:00" testType="13cdc9d9-ddb5-4fa4-a97d-d965ccfc6d4b" outcome="Failed" testListId="8c84fa94-04c1-424b-9868-57a2d4851a1d" relativeResultsDirectory="7011c840-640b-4cbf-8440-e36c0b955620">
      <Output>
        <ErrorInfo>
          <Message>Missing control: GridCell0_6</Message>
          <StackTrace>   at GhProjectsBoards.E2E.Tests.WorkspaceUi.Element(Window window, String id) in C:\Users\mwam0\.copilot\repos\gh-projects-boards\tests\GhProjectsBoards.E2E.Tests\WorkspaceUi.cs:line 201&#xD;
   at GhProjectsBoards.E2E.Tests.RegistrationTests.Element(Window w, String id) in C:\Users\mwam0\.copilot\repos\gh-projects-boards\tests\GhProjectsBoards.E2E.Tests\RegistrationTests.cs:line 134&#xD;
   at GhProjectsBoards.E2E.Tests.RegistrationTests.CellText(Window w, Int32 row, Int32 col) in C:\Users\mwam0\.copilot\repos\gh-projects-boards\tests\GhProjectsBoards.E2E.Tests\EditingGridTests.cs:line 37&#xD;
   at GhProjectsBoards.E2E.Tests.RegistrationTests.&lt;&gt;c__DisplayClass38_1.&lt;OrdinaryHolidayPickerPreviewsBeforeExplicitAdoptionAndRetainsCurrentWorkAfterRestart&gt;b__4() in C:\Users\mwam0\.copilot\repos\gh-projects-boards\tests\GhProjectsBoards.E2E.Tests\HolidayPickerJourneyTests.cs:line 39&#xD;
   at FlaUI.Core.Tools.Retry.While[T](Func`1 retryMethod, Func`2 checkMethod, Nullable`1 timeout, Nullable`1 interval, Boolean throwOnTimeout, Boolean ignoreException, String timeoutMessage, Boolean lastValueOnTimeout, T defaultOnTimeout)&#xD;
   at FlaUI.Core.Tools.Retry.WhileFalse(Func`1 checkMethod, Nullable`1 timeout, Nullable`1 interval, Boolean throwOnTimeout, Boolean ignoreException, String timeoutMessage)&#xD;
   at GhProjectsBoards.E2E.Tests.RegistrationTests.Wait(Func`1 condition) in C:\Users\mwam0\.copilot\repos\gh-projects-boards\tests\GhProjectsBoards.E2E.Tests\RegistrationTests.cs:line 138&#xD;
   at GhProjectsBoards.E2E.Tests.RegistrationTests.&lt;&gt;c__DisplayClass38_0.&lt;OrdinaryHolidayPickerPreviewsBeforeExplicitAdoptionAndRetainsCurrentWorkAfterRestart&gt;b__1(Window w) in C:\Users\mwam0\.copilot\repos\gh-projects-boards\tests\GhProjectsBoards.E2E.Tests\HolidayPickerJourneyTests.cs:line 39&#xD;
   at GhProjectsBoards.E2E.Tests.RegistrationTests.Fixture.Run(Action`1 action, Boolean alreadyClosed, Boolean interrupt) in C:\Users\mwam0\.copilot\repos\gh-projects-boards\tests\GhProjectsBoards.E2E.Tests\RegistrationTests.cs:line 167&#xD;
   at GhProjectsBoards.E2E.Tests.RegistrationTests.OrdinaryHolidayPickerPreviewsBeforeExplicitAdoptionAndRetainsCurrentWorkAfterRestart() in C:\Users\mwam0\.copilot\repos\gh-projects-boards\tests\GhProjectsBoards.E2E.Tests\HolidayPickerJourneyTests.cs:line 32&#xD;

</StackTrace>
        </ErrorInfo>
      </Output>
    </UnitTestResult>
  </Results>
  <TestDefinitions>
    <UnitTest name="OrdinaryWeeklyPasteHundredOfThousandRowsUndoesRestartsAndApprovesOnlyVisibleEffort" storage="c:\users\mwam0\.copilot\repos\gh-projects-boards\testresults/polish-20261004/e2e-driver/ghprojectsboards.e2e.tests.dll" id="1440c140-dbeb-df83-2a25-77dca355ded9">
      <Execution id="59eeb50f-0626-40df-be30-280ef117176d" />
      <TestMethod codeBase="C:\Users\mwam0\.copilot\repos\gh-projects-boards\TestResults/polish-20261004/e2e-driver/GhProjectsBoards.E2E.Tests.dll" adapterTypeName="executor://nunit3testexecutor/" className="GhProjectsBoards.E2E.Tests.RegistrationTests" name="OrdinaryWeeklyPasteHundredOfThousandRowsUndoesRestartsAndApprovesOnlyVisibleEffort" />
    </UnitTest>
    <UnitTest name="OrdinaryHolidayPickerPreviewsBeforeExplicitAdoptionAndRetainsCurrentWorkAfterRestart" storage="c:\users\mwam0\.copilot\repos\gh-projects-boards\testresults/polish-20261004/e2e-driver/ghprojectsboards.e2e.tests.dll" id="08c496da-f5ff-923e-b44b-d3bf1cdcd699">
      <Execution id="7011c840-640b-4cbf-8440-e36c0b955620" />
      <TestMethod codeBase="C:\Users\mwam0\.copilot\repos\gh-projects-boards\TestResults/polish-20261004/e2e-driver/GhProjectsBoards.E2E.Tests.dll" adapterTypeName="executor://nunit3testexecutor/" className="GhProjectsBoards.E2E.Tests.RegistrationTests" name="OrdinaryHolidayPickerPreviewsBeforeExplicitAdoptionAndRetainsCurrentWorkAfterRestart" />
    </UnitTest>
  </TestDefinitions>
  <TestEntries>
    <TestEntry testId="1440c140-dbeb-df83-2a25-77dca355ded9" executionId="59eeb50f-0626-40df-be30-280ef117176d" testListId="8c84fa94-04c1-424b-9868-57a2d4851a1d" />
    <TestEntry testId="08c496da-f5ff-923e-b44b-d3bf1cdcd699" executionId="7011c840-640b-4cbf-8440-e36c0b955620" testListId="8c84fa94-04c1-424b-9868-57a2d4851a1d" />
  </TestEntries>
  <TestLists>
    <TestList name="一覧に存在しない結果" id="8c84fa94-04c1-424b-9868-57a2d4851a1d" />
    <TestList name="読み込まれたすべての結果" id="19431567-8539-422a-85d7-44ee4e166bda" />
  </TestLists>
  <ResultSummary outcome="Failed">
    <Counters total="2" executed="2" passed="0" failed="2" error="0" timeout="0" aborted="0" inconclusive="0" passedButRunAborted="0" notRunnable="0" notExecuted="0" disconnected="0" warning="0" completed="0" inProgress="0" pending="0" />
    <Output>
      <StdOut>NUnit Adapter 1.0.0.0: Test execution started&#xD;
Running selected tests in C:\Users\mwam0\.copilot\repos\gh-projects-boards\TestResults/polish-20261004/e2e-driver/GhProjectsBoards.E2E.Tests.dll&#xD;
   NUnit3TestExecutor discovered 2 of 2 NUnit test cases using Current Discovery mode, Non-Explicit run&#xD;
</StdOut>
    </Output>
  </ResultSummary>
</TestRun>