<?xml version="1.0" encoding="utf-8"?>
<TestRun id="c1ae7ee5-9957-49b7-b589-f283fed8ef2c" name="mwam0@RTX5070 2026-10-04 17:29:14" runUser="RTX5070\mwam0" xmlns="http://microsoft.com/schemas/VisualStudio/TeamTest/2010">
  <Times creation="2026-10-04T17:29:14.7934027+09:00" queuing="2026-10-04T17:29:14.7934028+09:00" start="2026-10-04T17:29:13.3181685+09:00" finish="2026-10-04T17:29:14.8009114+09:00" />
  <TestSettings name="default" id="2c5d040f-0e04-41e9-b4eb-8a542e474a41">
    <Deployment runDeploymentRoot="mwam0_RTX5070_2026-10-04_17_29_14" />
  </TestSettings>
  <Results>
    <UnitTestResult executionId="ff0a74d9-d385-464f-862e-07a72222ce52" testId="66e2a43f-706a-0e0d-7290-4daef6d242d0" testName="OldAndFutureReportsKeepIncompleteAmountsAndDatesInsteadOfClaimingCompleteHeadroom(-1,&quot;13（小計・古い報告 1件）&quot;,&quot;2026-09-17&quot;)" computerName="RTX5070" duration="00:00:00.0085550" startTime="2026-10-04T17:29:14.5441378+09:00" endTime="2026-10-04T17:29:14.5526924+09:00" testType="13cdc9d9-ddb5-4fa4-a97d-d965ccfc6d4b" outcome="Failed" testListId="8c84fa94-04c1-424b-9868-57a2d4851a1d" relativeResultsDirectory="ff0a74d9-d385-464f-862e-07a72222ce52">
      <Output>
        <ErrorInfo>
          <Message>  Assert.That(text, Does.Contain($"累計実績 | {total} |"))&#xD;
  Expected: String containing "累計実績 | 13（小計・古い報告 1件） |"&#xD;
  But was:  &lt;string.Empty&gt;&#xD;
</Message>
          <StackTrace>   at GhProjectsBoards.Tests.WeeklySummaryReportTests.OldAndFutureReportsKeepIncompleteAmountsAndDatesInsteadOfClaimingCompleteHeadroom(Int32 offset, String total, String date) in C:\Users\mwam0\.copilot\repos\gh-projects-boards\tests\GhProjectsBoards.Tests\WeeklySummaryReportTests.cs:line 40&#xD;

1)    at GhProjectsBoards.Tests.WeeklySummaryReportTests.OldAndFutureReportsKeepIncompleteAmountsAndDatesInsteadOfClaimingCompleteHeadroom(Int32 offset, String total, String date) in C:\Users\mwam0\.copilot\repos\gh-projects-boards\tests\GhProjectsBoards.Tests\WeeklySummaryReportTests.cs:line 40&#xD;

</StackTrace>
        </ErrorInfo>
      </Output>
    </UnitTestResult>
    <UnitTestResult executionId="a7b065cf-66df-4601-a49c-d43921a98c44" testId="38c59def-cda5-2c40-8727-73e6f4bc9b2c" testName="MarkdownTreatsTitlesNamesAndIdentitiesAsLiteralCellsAndUsesPortableNumbers" computerName="RTX5070" duration="00:00:00.1653030" startTime="2026-10-04T17:29:14.3651364+09:00" endTime="2026-10-04T17:29:14.5303608+09:00" testType="13cdc9d9-ddb5-4fa4-a97d-d965ccfc6d4b" outcome="Failed" testListId="8c84fa94-04c1-424b-9868-57a2d4851a1d" relativeResultsDirectory="a7b065cf-66df-4601-a49c-d43921a98c44">
      <Output>
        <ErrorInfo>
          <Message>  Assert.That(text, Does.Contain("Title \\| \\*bold\\* &amp;lt;script&amp;gt;&amp;amp;"))&#xD;
  Expected: String containing "Title \| \*bold\* &amp;lt;script&amp;gt;&amp;amp;"&#xD;
  But was:  &lt;string.Empty&gt;&#xD;
</Message>
          <StackTrace>   at GhProjectsBoards.Tests.WeeklySummaryReportTests.MarkdownTreatsTitlesNamesAndIdentitiesAsLiteralCellsAndUsesPortableNumbers() in C:\Users\mwam0\.copilot\repos\gh-projects-boards\tests\GhProjectsBoards.Tests\WeeklySummaryReportTests.cs:line 81&#xD;

1)    at GhProjectsBoards.Tests.WeeklySummaryReportTests.MarkdownTreatsTitlesNamesAndIdentitiesAsLiteralCellsAndUsesPortableNumbers() in C:\Users\mwam0\.copilot\repos\gh-projects-boards\tests\GhProjectsBoards.Tests\WeeklySummaryReportTests.cs:line 81&#xD;

</StackTrace>
        </ErrorInfo>
      </Output>
    </UnitTestResult>
    <UnitTestResult executionId="939d010c-9c7e-485d-9683-89fbbd6ac792" testId="91aee2cd-9986-65fb-8395-2052211d8f0e" testName="MissingValuesAndUnpublishedWorkRemainExplicitAndRollupsAreNotPresentedAsContributingOverload" computerName="RTX5070" duration="00:00:00.0125040" startTime="2026-10-04T17:29:14.5315780+09:00" endTime="2026-10-04T17:29:14.5440825+09:00" testType="13cdc9d9-ddb5-4fa4-a97d-d965ccfc6d4b" outcome="Failed" testListId="8c84fa94-04c1-424b-9868-57a2d4851a1d" relativeResultsDirectory="939d010c-9c7e-485d-9683-89fbbd6ac792">
      <Output>
        <ErrorInfo>
          <Message>  Assert.That(text, Does.Contain("未公開 1件"))&#xD;
  Expected: String containing "未公開 1件"&#xD;
  But was:  &lt;string.Empty&gt;&#xD;
</Message>
          <StackTrace>   at GhProjectsBoards.Tests.WeeklySummaryReportTests.MissingValuesAndUnpublishedWorkRemainExplicitAndRollupsAreNotPresentedAsContributingOverload() in C:\Users\mwam0\.copilot\repos\gh-projects-boards\tests\GhProjectsBoards.Tests\WeeklySummaryReportTests.cs:line 57&#xD;

1)    at GhProjectsBoards.Tests.WeeklySummaryReportTests.MissingValuesAndUnpublishedWorkRemainExplicitAndRollupsAreNotPresentedAsContributingOverload() in C:\Users\mwam0\.copilot\repos\gh-projects-boards\tests\GhProjectsBoards.Tests\WeeklySummaryReportTests.cs:line 57&#xD;

</StackTrace>
        </ErrorInfo>
      </Output>
    </UnitTestResult>
    <UnitTestResult executionId="b4898bca-e9e4-472e-99d9-c48cda88a68e" testId="c63d8b80-bfe6-72e3-c035-3249c386b40f" testName="OldAndFutureReportsKeepIncompleteAmountsAndDatesInsteadOfClaimingCompleteHeadroom(1,&quot;7（小計・未確認 1件）&quot;,&quot;2026-09-19&quot;)" computerName="RTX5070" duration="00:00:00.0016410" startTime="2026-10-04T17:29:14.5527242+09:00" endTime="2026-10-04T17:29:14.5543645+09:00" testType="13cdc9d9-ddb5-4fa4-a97d-d965ccfc6d4b" outcome="Failed" testListId="8c84fa94-04c1-424b-9868-57a2d4851a1d" relativeResultsDirectory="b4898bca-e9e4-472e-99d9-c48cda88a68e">
      <Output>
        <ErrorInfo>
          <Message>  Assert.That(text, Does.Contain($"累計実績 | {total} |"))&#xD;
  Expected: String containing "累計実績 | 7（小計・未確認 1件） |"&#xD;
  But was:  &lt;string.Empty&gt;&#xD;
</Message>
          <StackTrace>   at GhProjectsBoards.Tests.WeeklySummaryReportTests.OldAndFutureReportsKeepIncompleteAmountsAndDatesInsteadOfClaimingCompleteHeadroom(Int32 offset, String total, String date) in C:\Users\mwam0\.copilot\repos\gh-projects-boards\tests\GhProjectsBoards.Tests\WeeklySummaryReportTests.cs:line 40&#xD;
   at InvokeStub_WeeklySummaryReportTests.OldAndFutureReportsKeepIncompleteAmountsAndDatesInsteadOfClaimingCompleteHeadroom(Object, Span`1)&#xD;

1)    at GhProjectsBoards.Tests.WeeklySummaryReportTests.OldAndFutureReportsKeepIncompleteAmountsAndDatesInsteadOfClaimingCompleteHeadroom(Int32 offset, String total, String date) in C:\Users\mwam0\.copilot\repos\gh-projects-boards\tests\GhProjectsBoards.Tests\WeeklySummaryReportTests.cs:line 40&#xD;
   at InvokeStub_WeeklySummaryReportTests.OldAndFutureReportsKeepIncompleteAmountsAndDatesInsteadOfClaimingCompleteHeadroom(Object, Span`1)&#xD;

</StackTrace>
        </ErrorInfo>
      </Output>
    </UnitTestResult>
    <UnitTestResult executionId="764347fa-0834-4895-9bb8-4090bef9a252" testId="a7df502b-357f-47ae-379f-91be49e04e72" testName="ReportShowsDatedCumulativeWorkAndOverloadWithoutInventingWeeklyProductionOrChangingWork" computerName="RTX5070" duration="00:00:00.0812100" startTime="2026-10-04T17:29:14.5552547+09:00" endTime="2026-10-04T17:29:14.6364644+09:00" testType="13cdc9d9-ddb5-4fa4-a97d-d965ccfc6d4b" outcome="Failed" testListId="8c84fa94-04c1-424b-9868-57a2d4851a1d" relativeResultsDirectory="764347fa-0834-4895-9bb8-4090bef9a252">
      <Output>
        <ErrorInfo>
          <Message>  Assert.That(text, Does.Contain("報告基準: 2026-09-18"))&#xD;
  Expected: String containing "報告基準: 2026-09-18"&#xD;
  But was:  &lt;string.Empty&gt;&#xD;
</Message>
          <StackTrace>   at GhProjectsBoards.Tests.WeeklySummaryReportTests.ReportShowsDatedCumulativeWorkAndOverloadWithoutInventingWeeklyProductionOrChangingWork() in C:\Users\mwam0\.copilot\repos\gh-projects-boards\tests\GhProjectsBoards.Tests\WeeklySummaryReportTests.cs:line 18&#xD;

1)    at GhProjectsBoards.Tests.WeeklySummaryReportTests.ReportShowsDatedCumulativeWorkAndOverloadWithoutInventingWeeklyProductionOrChangingWork() in C:\Users\mwam0\.copilot\repos\gh-projects-boards\tests\GhProjectsBoards.Tests\WeeklySummaryReportTests.cs:line 18&#xD;

</StackTrace>
        </ErrorInfo>
      </Output>
    </UnitTestResult>
  </Results>
  <TestDefinitions>
    <UnitTest name="ReportShowsDatedCumulativeWorkAndOverloadWithoutInventingWeeklyProductionOrChangingWork" storage="c:\users\mwam0\.copilot\repos\gh-projects-boards\tests\ghprojectsboards.tests\bin\release\net10.0-windows\ghprojectsboards.tests.dll" id="a7df502b-357f-47ae-379f-91be49e04e72">
      <Execution id="764347fa-0834-4895-9bb8-4090bef9a252" />
      <TestMethod codeBase="C:\Users\mwam0\.copilot\repos\gh-projects-boards\tests\GhProjectsBoards.Tests\bin\Release\net10.0-windows\GhProjectsBoards.Tests.dll" adapterTypeName="executor://nunit3testexecutor/" className="GhProjectsBoards.Tests.WeeklySummaryReportTests" name="ReportShowsDatedCumulativeWorkAndOverloadWithoutInventingWeeklyProductionOrChangingWork" />
    </UnitTest>
    <UnitTest name="OldAndFutureReportsKeepIncompleteAmountsAndDatesInsteadOfClaimingCompleteHeadroom(1,&quot;7（小計・未確認 1件）&quot;,&quot;2026-09-19&quot;)" storage="c:\users\mwam0\.copilot\repos\gh-projects-boards\tests\ghprojectsboards.tests\bin\release\net10.0-windows\ghprojectsboards.tests.dll" id="c63d8b80-bfe6-72e3-c035-3249c386b40f">
      <Execution id="b4898bca-e9e4-472e-99d9-c48cda88a68e" />
      <TestMethod codeBase="C:\Users\mwam0\.copilot\repos\gh-projects-boards\tests\GhProjectsBoards.Tests\bin\Release\net10.0-windows\GhProjectsBoards.Tests.dll" adapterTypeName="executor://nunit3testexecutor/" className="GhProjectsBoards.Tests.WeeklySummaryReportTests" name="OldAndFutureReportsKeepIncompleteAmountsAndDatesInsteadOfClaimingCompleteHeadroom(1,&quot;7（小計・未確認 1件）&quot;,&quot;2026-09-19&quot;)" />
    </UnitTest>
    <UnitTest name="MarkdownTreatsTitlesNamesAndIdentitiesAsLiteralCellsAndUsesPortableNumbers" storage="c:\users\mwam0\.copilot\repos\gh-projects-boards\tests\ghprojectsboards.tests\bin\release\net10.0-windows\ghprojectsboards.tests.dll" id="38c59def-cda5-2c40-8727-73e6f4bc9b2c">
      <Execution id="a7b065cf-66df-4601-a49c-d43921a98c44" />
      <TestMethod codeBase="C:\Users\mwam0\.copilot\repos\gh-projects-boards\tests\GhProjectsBoards.Tests\bin\Release\net10.0-windows\GhProjectsBoards.Tests.dll" adapterTypeName="executor://nunit3testexecutor/" className="GhProjectsBoards.Tests.WeeklySummaryReportTests" name="MarkdownTreatsTitlesNamesAndIdentitiesAsLiteralCellsAndUsesPortableNumbers" />
    </UnitTest>
    <UnitTest name="MissingValuesAndUnpublishedWorkRemainExplicitAndRollupsAreNotPresentedAsContributingOverload" storage="c:\users\mwam0\.copilot\repos\gh-projects-boards\tests\ghprojectsboards.tests\bin\release\net10.0-windows\ghprojectsboards.tests.dll" id="91aee2cd-9986-65fb-8395-2052211d8f0e">
      <Execution id="939d010c-9c7e-485d-9683-89fbbd6ac792" />
      <TestMethod codeBase="C:\Users\mwam0\.copilot\repos\gh-projects-boards\tests\GhProjectsBoards.Tests\bin\Release\net10.0-windows\GhProjectsBoards.Tests.dll" adapterTypeName="executor://nunit3testexecutor/" className="GhProjectsBoards.Tests.WeeklySummaryReportTests" name="MissingValuesAndUnpublishedWorkRemainExplicitAndRollupsAreNotPresentedAsContributingOverload" />
    </UnitTest>
    <UnitTest name="OldAndFutureReportsKeepIncompleteAmountsAndDatesInsteadOfClaimingCompleteHeadroom(-1,&quot;13（小計・古い報告 1件）&quot;,&quot;2026-09-17&quot;)" storage="c:\users\mwam0\.copilot\repos\gh-projects-boards\tests\ghprojectsboards.tests\bin\release\net10.0-windows\ghprojectsboards.tests.dll" id="66e2a43f-706a-0e0d-7290-4daef6d242d0">
      <Execution id="ff0a74d9-d385-464f-862e-07a72222ce52" />
      <TestMethod codeBase="C:\Users\mwam0\.copilot\repos\gh-projects-boards\tests\GhProjectsBoards.Tests\bin\Release\net10.0-windows\GhProjectsBoards.Tests.dll" adapterTypeName="executor://nunit3testexecutor/" className="GhProjectsBoards.Tests.WeeklySummaryReportTests" name="OldAndFutureReportsKeepIncompleteAmountsAndDatesInsteadOfClaimingCompleteHeadroom(-1,&quot;13（小計・古い報告 1件）&quot;,&quot;2026-09-17&quot;)" />
    </UnitTest>
  </TestDefinitions>
  <TestEntries>
    <TestEntry testId="66e2a43f-706a-0e0d-7290-4daef6d242d0" executionId="ff0a74d9-d385-464f-862e-07a72222ce52" testListId="8c84fa94-04c1-424b-9868-57a2d4851a1d" />
    <TestEntry testId="38c59def-cda5-2c40-8727-73e6f4bc9b2c" executionId="a7b065cf-66df-4601-a49c-d43921a98c44" testListId="8c84fa94-04c1-424b-9868-57a2d4851a1d" />
    <TestEntry testId="91aee2cd-9986-65fb-8395-2052211d8f0e" executionId="939d010c-9c7e-485d-9683-89fbbd6ac792" testListId="8c84fa94-04c1-424b-9868-57a2d4851a1d" />
    <TestEntry testId="c63d8b80-bfe6-72e3-c035-3249c386b40f" executionId="b4898bca-e9e4-472e-99d9-c48cda88a68e" testListId="8c84fa94-04c1-424b-9868-57a2d4851a1d" />
    <TestEntry testId="a7df502b-357f-47ae-379f-91be49e04e72" executionId="764347fa-0834-4895-9bb8-4090bef9a252" testListId="8c84fa94-04c1-424b-9868-57a2d4851a1d" />
  </TestEntries>
  <TestLists>
    <TestList name="一覧に存在しない結果" id="8c84fa94-04c1-424b-9868-57a2d4851a1d" />
    <TestList name="読み込まれたすべての結果" id="19431567-8539-422a-85d7-44ee4e166bda" />
  </TestLists>
  <ResultSummary outcome="Failed">
    <Counters total="5" executed="5" passed="0" failed="5" error="0" timeout="0" aborted="0" inconclusive="0" passedButRunAborted="0" notRunnable="0" notExecuted="0" disconnected="0" warning="0" completed="0" inProgress="0" pending="0" />
    <Output>
      <StdOut>NUnit Adapter 1.0.0.0: Test execution started&#xD;
Running selected tests in C:\Users\mwam0\.copilot\repos\gh-projects-boards\tests\GhProjectsBoards.Tests\bin\Release\net10.0-windows\GhProjectsBoards.Tests.dll&#xD;
   NUnit3TestExecutor discovered 5 of 5 NUnit test cases using Current Discovery mode, Non-Explicit run&#xD;
</StdOut>
    </Output>
    <CollectorDataEntries>
      <Collector agentName="RTX5070" uri="datacollector://microsoft/CodeCoverage/2.0" collectorDisplayName="Code Coverage">
        <UriAttachments>
          <UriAttachment>
            <A href="RTX5070\mwam0_RTX5070_2026-10-04.17_29_14.cobertura.xml"></A>
          </UriAttachment>
        </UriAttachments>
      </Collector>
    </CollectorDataEntries>
  </ResultSummary>
</TestRun>