<?xml version="1.0" encoding="utf-8"?>
<TestRun id="16fb1d53-d4dd-44ef-a169-b3ccf13889d3" name="mwam0@RTX5070 2026-10-04 17:30:29" runUser="RTX5070\mwam0" xmlns="http://microsoft.com/schemas/VisualStudio/TeamTest/2010">
  <Times creation="2026-10-04T17:30:29.0356214+09:00" queuing="2026-10-04T17:30:29.0356215+09:00" start="2026-10-04T17:30:27.5744074+09:00" finish="2026-10-04T17:30:29.2181725+09:00" />
  <TestSettings name="default" id="6cc81ae3-5e15-4a8d-905b-f4a25f60d7eb">
    <Deployment runDeploymentRoot="mwam0_RTX5070_2026-10-04_17_30_29" />
  </TestSettings>
  <Results>
    <UnitTestResult executionId="95cb09fd-aae7-41c2-9303-3288259e883f" testId="a2562ae3-cf6b-466f-68d4-e5cfba763908" testName="OutsideDateRequiresExactDecisionAndUndoRetainsFreshRemoteBaseline(&quot;Finish&quot;,null,null)" computerName="RTX5070" duration="00:00:00.0009900" startTime="2026-10-04T17:30:29.0839698+09:00" endTime="2026-10-04T17:30:29.0849591+09:00" testType="13cdc9d9-ddb5-4fa4-a97d-d965ccfc6d4b" outcome="Passed" testListId="8c84fa94-04c1-424b-9868-57a2d4851a1d" relativeResultsDirectory="95cb09fd-aae7-41c2-9303-3288259e883f" />
    <UnitTestResult executionId="400a231e-1d72-4ac4-8cef-657250599c7b" testId="8f330410-45bc-1bfb-d27a-d3c822a6c3b3" testName="InvalidOrChangedDragCannotMutateWork(&quot;auto&quot;)" computerName="RTX5070" duration="00:00:00.0005930" startTime="2026-10-04T17:30:29.0435378+09:00" endTime="2026-10-04T17:30:29.0441306+09:00" testType="13cdc9d9-ddb5-4fa4-a97d-d965ccfc6d4b" outcome="Passed" testListId="8c84fa94-04c1-424b-9868-57a2d4851a1d" relativeResultsDirectory="400a231e-1d72-4ac4-8cef-657250599c7b" />
    <UnitTestResult executionId="ba6916ca-13c3-45a5-9656-170d800aa412" testId="4227034a-059f-53ea-7558-cb12385a20bc" testName="CalendarDayDragRetainsExactMinutesAndOtherWorkAndOneUndoRestoresThePlan(Start,&quot;2026-10-07 12:07&quot;,&quot;2026-10-08 16:19&quot;)" computerName="RTX5070" duration="00:00:00.0012550" startTime="2026-10-04T17:30:29.0323949+09:00" endTime="2026-10-04T17:30:29.0336499+09:00" testType="13cdc9d9-ddb5-4fa4-a97d-d965ccfc6d4b" outcome="Passed" testListId="8c84fa94-04c1-424b-9868-57a2d4851a1d" relativeResultsDirectory="ba6916ca-13c3-45a5-9656-170d800aa412" />
    <UnitTestResult executionId="bab07356-bf48-4838-a584-bc7b6e6654de" testId="2139f6f7-ab1c-4abd-b663-9fced821b7a5" testName="ExactAdoptedTimesAndHiddenPredecessorsSurviveProjectionWithoutUsingRemoteDays" computerName="RTX5070" duration="00:00:00.0736210" startTime="2026-10-04T17:30:28.8196123+09:00" endTime="2026-10-04T17:30:28.8932314+09:00" testType="13cdc9d9-ddb5-4fa4-a97d-d965ccfc6d4b" outcome="Passed" testListId="8c84fa94-04c1-424b-9868-57a2d4851a1d" relativeResultsDirectory="bab07356-bf48-4838-a584-bc7b6e6654de" />
    <UnitTestResult executionId="19574f47-6c6b-44cf-83d8-1cb4b45dcf93" testId="643d70bc-dada-908b-f9ce-c5afc9d57c68" testName="InvalidOrChangedDragCannotMutateWork(&quot;wrong-task&quot;)" computerName="RTX5070" duration="00:00:00.0007910" startTime="2026-10-04T17:30:29.0420122+09:00" endTime="2026-10-04T17:30:29.0428027+09:00" testType="13cdc9d9-ddb5-4fa4-a97d-d965ccfc6d4b" outcome="Passed" testListId="8c84fa94-04c1-424b-9868-57a2d4851a1d" relativeResultsDirectory="19574f47-6c6b-44cf-83d8-1cb4b45dcf93" />
    <UnitTestResult executionId="d5dbe1ea-6456-4f69-be14-02bfcae1b532" testId="d5bc4c3d-e35e-f38d-b349-5a6e68d0acce" testName="UnknownPartialAndStaleWorkCannotBecomeValidBars(Auto,True,True,True,Stale)" computerName="RTX5070" duration="00:00:00.0000020" startTime="2026-10-04T17:30:29.0128822+09:00" endTime="2026-10-04T17:30:29.0128845+09:00" testType="13cdc9d9-ddb5-4fa4-a97d-d965ccfc6d4b" outcome="Passed" testListId="8c84fa94-04c1-424b-9868-57a2d4851a1d" relativeResultsDirectory="d5dbe1ea-6456-4f69-be14-02bfcae1b532" />
    <UnitTestResult executionId="d8ab2e79-a369-444a-91e7-ffe0a1427a68" testId="ca0e0a30-cdd6-5aa7-dea5-4d0ad77e9dce" testName="UnknownPartialAndStaleWorkCannotBecomeValidBars(Manual,True,False,False,Partial)" computerName="RTX5070" duration="00:00:00.0003900" startTime="2026-10-04T17:30:29.0124754+09:00" endTime="2026-10-04T17:30:29.0128649+09:00" testType="13cdc9d9-ddb5-4fa4-a97d-d965ccfc6d4b" outcome="Passed" testListId="8c84fa94-04c1-424b-9868-57a2d4851a1d" relativeResultsDirectory="d8ab2e79-a369-444a-91e7-ffe0a1427a68" />
    <UnitTestResult executionId="12446e71-398b-42ce-8a87-c6e716116b2c" testId="a7172ade-6817-f797-611e-3c4db6cb2279" testName="InvalidOrChangedDragCannotMutateWork(&quot;date-buffer&quot;)" computerName="RTX5070" duration="00:00:00.0013860" startTime="2026-10-04T17:30:29.0469138+09:00" endTime="2026-10-04T17:30:29.0482992+09:00" testType="13cdc9d9-ddb5-4fa4-a97d-d965ccfc6d4b" outcome="Passed" testListId="8c84fa94-04c1-424b-9868-57a2d4851a1d" relativeResultsDirectory="12446e71-398b-42ce-8a87-c6e716116b2c" />
    <UnitTestResult executionId="3bd88f3c-ad40-48aa-a3aa-9c148d910452" testId="40e59e13-108b-2970-43ae-b0852755e729" testName="InvalidOrChangedDragCannotMutateWork(&quot;missing-row&quot;)" computerName="RTX5070" duration="00:00:00.0007110" startTime="2026-10-04T17:30:29.0428141+09:00" endTime="2026-10-04T17:30:29.0435254+09:00" testType="13cdc9d9-ddb5-4fa4-a97d-d965ccfc6d4b" outcome="Passed" testListId="8c84fa94-04c1-424b-9868-57a2d4851a1d" relativeResultsDirectory="3bd88f3c-ad40-48aa-a3aa-9c148d910452" />
    <UnitTestResult executionId="6c4cbf84-ce52-43fb-ad76-316ed98551bd" testId="123be82f-6570-54a1-58e5-c3811c36f4d8" testName="InvalidOrChangedDragCannotMutateWork(&quot;partial&quot;)" computerName="RTX5070" duration="00:00:00.0007980" startTime="2026-10-04T17:30:29.0455133+09:00" endTime="2026-10-04T17:30:29.0463116+09:00" testType="13cdc9d9-ddb5-4fa4-a97d-d965ccfc6d4b" outcome="Passed" testListId="8c84fa94-04c1-424b-9868-57a2d4851a1d" relativeResultsDirectory="6c4cbf84-ce52-43fb-ad76-316ed98551bd" />
    <UnitTestResult executionId="a03fdffb-5502-41fe-83cd-ab6da02ba062" testId="a2f80b7c-2afd-9a05-91fd-b1cb08c597f5" testName="KeepingOutsideActualTotalRequiresExplicitReportsAndReportedThroughDate" computerName="RTX5070" duration="00:00:00.0278190" startTime="2026-10-04T17:30:29.0492142+09:00" endTime="2026-10-04T17:30:29.0770326+09:00" testType="13cdc9d9-ddb5-4fa4-a97d-d965ccfc6d4b" outcome="Passed" testListId="8c84fa94-04c1-424b-9868-57a2d4851a1d" relativeResultsDirectory="a03fdffb-5502-41fe-83cd-ab6da02ba062" />
    <UnitTestResult executionId="912f9e01-cdf6-441a-9522-9f287969da91" testId="fb4e48fe-ab73-2cc1-c291-045528563daf" testName="CalendarDayDragRetainsExactMinutesAndOtherWorkAndOneUndoRestoresThePlan(Finish,&quot;2026-10-05 12:07&quot;,&quot;2026-10-10 16:19&quot;)" computerName="RTX5070" duration="00:00:00.0006260" startTime="2026-10-04T17:30:29.0336644+09:00" endTime="2026-10-04T17:30:29.0342899+09:00" testType="13cdc9d9-ddb5-4fa4-a97d-d965ccfc6d4b" outcome="Passed" testListId="8c84fa94-04c1-424b-9868-57a2d4851a1d" relativeResultsDirectory="912f9e01-cdf6-441a-9522-9f287969da91" />
    <UnitTestResult executionId="124aa8c7-e128-4529-a5f7-f38f4a0f6fa6" testId="db45da79-9ba2-1087-8067-01236e1f6110" testName="MAN04_05_PartialManualAndExplicitReturnToAutoAreOneUndoableDecision" computerName="RTX5070" duration="00:00:00.0011500" startTime="2026-10-04T17:30:29.0808858+09:00" endTime="2026-10-04T17:30:29.0820358+09:00" testType="13cdc9d9-ddb5-4fa4-a97d-d965ccfc6d4b" outcome="Passed" testListId="8c84fa94-04c1-424b-9868-57a2d4851a1d" relativeResultsDirectory="124aa8c7-e128-4529-a5f7-f38f4a0f6fa6" />
    <UnitTestResult executionId="9740b978-b264-482a-bd62-ad00bd7d5448" testId="90b0f86d-ae7c-5de3-44d5-8c5a37592517" testName="OutsideDateRequiresExactDecisionAndUndoRetainsFreshRemoteBaseline(&quot;Start&quot;,&quot;2026-10-07&quot;,&quot;2026-10-07 09:17&quot;)" computerName="RTX5070" duration="00:00:00.0018920" startTime="2026-10-04T17:30:29.0820646+09:00" endTime="2026-10-04T17:30:29.0839564+09:00" testType="13cdc9d9-ddb5-4fa4-a97d-d965ccfc6d4b" outcome="Passed" testListId="8c84fa94-04c1-424b-9868-57a2d4851a1d" relativeResultsDirectory="9740b978-b264-482a-bd62-ad00bd7d5448" />
    <UnitTestResult executionId="45d13f7b-3458-4663-be05-b34c1c31adca" testId="a46038aa-c486-28f1-dba2-97846982fbe1" testName="MaximumDateHasOneRenderableDayAndKeepsExactMinutePositions" computerName="RTX5070" duration="00:00:00.0059350" startTime="2026-10-04T17:30:28.8932907+09:00" endTime="2026-10-04T17:30:28.8992248+09:00" testType="13cdc9d9-ddb5-4fa4-a97d-d965ccfc6d4b" outcome="Passed" testListId="8c84fa94-04c1-424b-9868-57a2d4851a1d" relativeResultsDirectory="45d13f7b-3458-4663-be05-b34c1c31adca" />
    <UnitTestResult executionId="4df78c7e-dc6e-4d0e-bb0e-df45b057ccf2" testId="ce69b545-f95b-87cc-f114-509d142a2f05" testName="UnknownPartialAndStaleWorkCannotBecomeValidBars(Unplanned,False,False,False,Unplanned)" computerName="RTX5070" duration="00:00:00.0037630" startTime="2026-10-04T17:30:29.0086897+09:00" endTime="2026-10-04T17:30:29.0124523+09:00" testType="13cdc9d9-ddb5-4fa4-a97d-d965ccfc6d4b" outcome="Passed" testListId="8c84fa94-04c1-424b-9868-57a2d4851a1d" relativeResultsDirectory="4df78c7e-dc6e-4d0e-bb0e-df45b057ccf2" />
    <UnitTestResult executionId="810d5210-fcfa-427c-bbcc-adfb8f845a82" testId="0a2b9f68-1de2-7262-79cb-9d88575fd435" testName="MAN01_02_03_06_ManualPairAndPendingTextSurviveMetadataWorkRefreshAndRestart" computerName="RTX5070" duration="00:00:00.0038180" startTime="2026-10-04T17:30:29.0770537+09:00" endTime="2026-10-04T17:30:29.0808711+09:00" testType="13cdc9d9-ddb5-4fa4-a97d-d965ccfc6d4b" outcome="Passed" testListId="8c84fa94-04c1-424b-9868-57a2d4851a1d" relativeResultsDirectory="810d5210-fcfa-427c-bbcc-adfb8f845a82" />
    <UnitTestResult executionId="a674e525-9a5c-48ff-94ff-8d2271ca0b1d" testId="79a7b2c5-ad37-cc84-eb55-40fd6f950d6b" testName="NormalFixtureHasDistinctIdentityAndExplicitLongHorizonAndDoesNotDropUnresolvedWork" computerName="RTX5070" duration="00:00:00.1088250" startTime="2026-10-04T17:30:28.8998083+09:00" endTime="2026-10-04T17:30:29.0086327+09:00" testType="13cdc9d9-ddb5-4fa4-a97d-d965ccfc6d4b" outcome="Passed" testListId="8c84fa94-04c1-424b-9868-57a2d4851a1d" relativeResultsDirectory="a674e525-9a5c-48ff-94ff-8d2271ca0b1d" />
    <UnitTestResult executionId="e51eb8cf-07b8-476d-977f-86fc418ae069" testId="aab570ab-8abe-fb8e-ea40-c1f7ebd5ef13" testName="CalendarDayDragRetainsExactMinutesAndOtherWorkAndOneUndoRestoresThePlan(Move,&quot;2026-10-07 12:07&quot;,&quot;2026-10-10 16:19&quot;)" computerName="RTX5070" duration="00:00:00.0175360" startTime="2026-10-04T17:30:29.0148376+09:00" endTime="2026-10-04T17:30:29.0323728+09:00" testType="13cdc9d9-ddb5-4fa4-a97d-d965ccfc6d4b" outcome="Passed" testListId="8c84fa94-04c1-424b-9868-57a2d4851a1d" relativeResultsDirectory="e51eb8cf-07b8-476d-977f-86fc418ae069" />
    <UnitTestResult executionId="22d8ccd5-b2d1-4bed-9802-bdcae477f23a" testId="a7a3baa3-99bf-bc60-c540-78ec8ba15f1d" testName="ZeroDayDragDoesNotCreateHistoryOrChangeRevision" computerName="RTX5070" duration="00:00:00.0007710" startTime="2026-10-04T17:30:29.0483194+09:00" endTime="2026-10-04T17:30:29.0490906+09:00" testType="13cdc9d9-ddb5-4fa4-a97d-d965ccfc6d4b" outcome="Passed" testListId="8c84fa94-04c1-424b-9868-57a2d4851a1d" relativeResultsDirectory="22d8ccd5-b2d1-4bed-9802-bdcae477f23a" />
    <UnitTestResult executionId="2fbabeaa-189c-4f9d-b87c-0d7a6fb49ace" testId="f35e7cd5-a4cc-4bd4-f268-ce07128b6719" testName="InvalidOrChangedDragCannotMutateWork(&quot;completed&quot;)" computerName="RTX5070" duration="00:00:00.0013550" startTime="2026-10-04T17:30:29.0441466+09:00" endTime="2026-10-04T17:30:29.0455018+09:00" testType="13cdc9d9-ddb5-4fa4-a97d-d965ccfc6d4b" outcome="Passed" testListId="8c84fa94-04c1-424b-9868-57a2d4851a1d" relativeResultsDirectory="2fbabeaa-189c-4f9d-b87c-0d7a6fb49ace" />
    <UnitTestResult executionId="9cf7ea22-1433-43e5-bdd1-77837ed01f4b" testId="1f0e0375-8d09-d048-9b7e-9889f975c289" testName="InvalidOrChangedDragCannotMutateWork(&quot;stale&quot;)" computerName="RTX5070" duration="00:00:00.0076740" startTime="2026-10-04T17:30:29.0343255+09:00" endTime="2026-10-04T17:30:29.0419995+09:00" testType="13cdc9d9-ddb5-4fa4-a97d-d965ccfc6d4b" outcome="Passed" testListId="8c84fa94-04c1-424b-9868-57a2d4851a1d" relativeResultsDirectory="9cf7ea22-1433-43e5-bdd1-77837ed01f4b" />
    <UnitTestResult executionId="be125e67-46d7-4b5d-be21-b9cd270023d7" testId="c3a3ed29-2b2b-1428-9fb1-63640b494529" testName="UnknownPartialAndStaleWorkCannotBecomeValidBars(Manual,True,True,False,Scheduled)" computerName="RTX5070" duration="00:00:00.0000020" startTime="2026-10-04T17:30:29.0128860+09:00" endTime="2026-10-04T17:30:29.0128879+09:00" testType="13cdc9d9-ddb5-4fa4-a97d-d965ccfc6d4b" outcome="Passed" testListId="8c84fa94-04c1-424b-9868-57a2d4851a1d" relativeResultsDirectory="be125e67-46d7-4b5d-be21-b9cd270023d7" />
    <UnitTestResult executionId="cd401d0a-bb63-43b1-9f51-3b02b967fefe" testId="4be98882-1c9f-9c55-a6b5-6ae335889912" testName="MinuteGeometryDoesNotStretchShortTasksIntoDays" computerName="RTX5070" duration="00:00:00.0005419" startTime="2026-10-04T17:30:28.8992531+09:00" endTime="2026-10-04T17:30:28.8997947+09:00" testType="13cdc9d9-ddb5-4fa4-a97d-d965ccfc6d4b" outcome="Passed" testListId="8c84fa94-04c1-424b-9868-57a2d4851a1d" relativeResultsDirectory="cd401d0a-bb63-43b1-9f51-3b02b967fefe" />
    <UnitTestResult executionId="1a751df7-ff69-4885-bf96-8d3af6cabdd9" testId="4c01aad2-8e6c-9ec1-b26d-24adf4baf9c0" testName="InvalidOrChangedDragCannotMutateWork(&quot;reversed&quot;)" computerName="RTX5070" duration="00:00:00.0005830" startTime="2026-10-04T17:30:29.0463216+09:00" endTime="2026-10-04T17:30:29.0469046+09:00" testType="13cdc9d9-ddb5-4fa4-a97d-d965ccfc6d4b" outcome="Passed" testListId="8c84fa94-04c1-424b-9868-57a2d4851a1d" relativeResultsDirectory="1a751df7-ff69-4885-bf96-8d3af6cabdd9" />
    <UnitTestResult executionId="49ae2398-7f21-4e51-b250-be06bc436b64" testId="edc02368-77c3-b5ad-6122-0a2b3c474191" testName="EmptyLegacyAndLocalTasksRemainVisibleWithoutInventingTimesOrChangingDrafts" computerName="RTX5070" duration="00:00:00.1145680" startTime="2026-10-04T17:30:28.7042929+09:00" endTime="2026-10-04T17:30:28.8188278+09:00" testType="13cdc9d9-ddb5-4fa4-a97d-d965ccfc6d4b" outcome="Passed" testListId="8c84fa94-04c1-424b-9868-57a2d4851a1d" relativeResultsDirectory="49ae2398-7f21-4e51-b250-be06bc436b64" />
    <UnitTestResult executionId="01cf074d-6ff5-4612-ba5c-5af68a63d44c" testId="36aa9b73-3012-9a61-ed21-d1bc8a6a229c" testName="UnknownPartialAndStaleWorkCannotBecomeValidBars(Auto,False,False,False,Unresolved)" computerName="RTX5070" duration="00:00:00.0000070" startTime="2026-10-04T17:30:29.0128728+09:00" endTime="2026-10-04T17:30:29.0128799+09:00" testType="13cdc9d9-ddb5-4fa4-a97d-d965ccfc6d4b" outcome="Passed" testListId="8c84fa94-04c1-424b-9868-57a2d4851a1d" relativeResultsDirectory="01cf074d-6ff5-4612-ba5c-5af68a63d44c" />
  </Results>
  <TestDefinitions>
    <UnitTest name="ZeroDayDragDoesNotCreateHistoryOrChangeRevision" storage="c:\users\mwam0\.copilot\repos\gh-projects-boards\tests\ghprojectsboards.tests\bin\release\net10.0-windows\ghprojectsboards.tests.dll" id="a7a3baa3-99bf-bc60-c540-78ec8ba15f1d">
      <Execution id="22d8ccd5-b2d1-4bed-9802-bdcae477f23a" />
      <TestMethod codeBase="C:\Users\mwam0\.copilot\repos\gh-projects-boards\tests\GhProjectsBoards.Tests\bin\Release\net10.0-windows\GhProjectsBoards.Tests.dll" adapterTypeName="executor://nunit3testexecutor/" className="GhProjectsBoards.Tests.GanttScheduleEditTests" name="ZeroDayDragDoesNotCreateHistoryOrChangeRevision" />
    </UnitTest>
    <UnitTest name="MAN04_05_PartialManualAndExplicitReturnToAutoAreOneUndoableDecision" storage="c:\users\mwam0\.copilot\repos\gh-projects-boards\tests\ghprojectsboards.tests\bin\release\net10.0-windows\ghprojectsboards.tests.dll" id="db45da79-9ba2-1087-8067-01236e1f6110">
      <Execution id="124aa8c7-e128-4529-a5f7-f38f4a0f6fa6" />
      <TestMethod codeBase="C:\Users\mwam0\.copilot\repos\gh-projects-boards\tests\GhProjectsBoards.Tests\bin\Release\net10.0-windows\GhProjectsBoards.Tests.dll" adapterTypeName="executor://nunit3testexecutor/" className="GhProjectsBoards.Tests.ManualPlanningTests" name="MAN04_05_PartialManualAndExplicitReturnToAutoAreOneUndoableDecision" />
    </UnitTest>
    <UnitTest name="InvalidOrChangedDragCannotMutateWork(&quot;stale&quot;)" storage="c:\users\mwam0\.copilot\repos\gh-projects-boards\tests\ghprojectsboards.tests\bin\release\net10.0-windows\ghprojectsboards.tests.dll" id="1f0e0375-8d09-d048-9b7e-9889f975c289">
      <Execution id="9cf7ea22-1433-43e5-bdd1-77837ed01f4b" />
      <TestMethod codeBase="C:\Users\mwam0\.copilot\repos\gh-projects-boards\tests\GhProjectsBoards.Tests\bin\Release\net10.0-windows\GhProjectsBoards.Tests.dll" adapterTypeName="executor://nunit3testexecutor/" className="GhProjectsBoards.Tests.GanttScheduleEditTests" name="InvalidOrChangedDragCannotMutateWork(&quot;stale&quot;)" />
    </UnitTest>
    <UnitTest name="ExactAdoptedTimesAndHiddenPredecessorsSurviveProjectionWithoutUsingRemoteDays" storage="c:\users\mwam0\.copilot\repos\gh-projects-boards\tests\ghprojectsboards.tests\bin\release\net10.0-windows\ghprojectsboards.tests.dll" id="2139f6f7-ab1c-4abd-b663-9fced821b7a5">
      <Execution id="bab07356-bf48-4838-a584-bc7b6e6654de" />
      <TestMethod codeBase="C:\Users\mwam0\.copilot\repos\gh-projects-boards\tests\GhProjectsBoards.Tests\bin\Release\net10.0-windows\GhProjectsBoards.Tests.dll" adapterTypeName="executor://nunit3testexecutor/" className="GhProjectsBoards.Tests.GanttProjectionTests" name="ExactAdoptedTimesAndHiddenPredecessorsSurviveProjectionWithoutUsingRemoteDays" />
    </UnitTest>
    <UnitTest name="CalendarDayDragRetainsExactMinutesAndOtherWorkAndOneUndoRestoresThePlan(Start,&quot;2026-10-07 12:07&quot;,&quot;2026-10-08 16:19&quot;)" storage="c:\users\mwam0\.copilot\repos\gh-projects-boards\tests\ghprojectsboards.tests\bin\release\net10.0-windows\ghprojectsboards.tests.dll" id="4227034a-059f-53ea-7558-cb12385a20bc">
      <Execution id="ba6916ca-13c3-45a5-9656-170d800aa412" />
      <TestMethod codeBase="C:\Users\mwam0\.copilot\repos\gh-projects-boards\tests\GhProjectsBoards.Tests\bin\Release\net10.0-windows\GhProjectsBoards.Tests.dll" adapterTypeName="executor://nunit3testexecutor/" className="GhProjectsBoards.Tests.GanttScheduleEditTests" name="CalendarDayDragRetainsExactMinutesAndOtherWorkAndOneUndoRestoresThePlan(Start,&quot;2026-10-07 12:07&quot;,&quot;2026-10-08 16:19&quot;)" />
    </UnitTest>
    <UnitTest name="CalendarDayDragRetainsExactMinutesAndOtherWorkAndOneUndoRestoresThePlan(Finish,&quot;2026-10-05 12:07&quot;,&quot;2026-10-10 16:19&quot;)" storage="c:\users\mwam0\.copilot\repos\gh-projects-boards\tests\ghprojectsboards.tests\bin\release\net10.0-windows\ghprojectsboards.tests.dll" id="fb4e48fe-ab73-2cc1-c291-045528563daf">
      <Execution id="912f9e01-cdf6-441a-9522-9f287969da91" />
      <TestMethod codeBase="C:\Users\mwam0\.copilot\repos\gh-projects-boards\tests\GhProjectsBoards.Tests\bin\Release\net10.0-windows\GhProjectsBoards.Tests.dll" adapterTypeName="executor://nunit3testexecutor/" className="GhProjectsBoards.Tests.GanttScheduleEditTests" name="CalendarDayDragRetainsExactMinutesAndOtherWorkAndOneUndoRestoresThePlan(Finish,&quot;2026-10-05 12:07&quot;,&quot;2026-10-10 16:19&quot;)" />
    </UnitTest>
    <UnitTest name="UnknownPartialAndStaleWorkCannotBecomeValidBars(Auto,False,False,False,Unresolved)" storage="c:\users\mwam0\.copilot\repos\gh-projects-boards\tests\ghprojectsboards.tests\bin\release\net10.0-windows\ghprojectsboards.tests.dll" id="36aa9b73-3012-9a61-ed21-d1bc8a6a229c">
      <Execution id="01cf074d-6ff5-4612-ba5c-5af68a63d44c" />
      <TestMethod codeBase="C:\Users\mwam0\.copilot\repos\gh-projects-boards\tests\GhProjectsBoards.Tests\bin\Release\net10.0-windows\GhProjectsBoards.Tests.dll" adapterTypeName="executor://nunit3testexecutor/" className="GhProjectsBoards.Tests.GanttProjectionTests" name="UnknownPartialAndStaleWorkCannotBecomeValidBars(Auto,False,False,False,Unresolved)" />
    </UnitTest>
    <UnitTest name="InvalidOrChangedDragCannotMutateWork(&quot;reversed&quot;)" storage="c:\users\mwam0\.copilot\repos\gh-projects-boards\tests\ghprojectsboards.tests\bin\release\net10.0-windows\ghprojectsboards.tests.dll" id="4c01aad2-8e6c-9ec1-b26d-24adf4baf9c0">
      <Execution id="1a751df7-ff69-4885-bf96-8d3af6cabdd9" />
      <TestMethod codeBase="C:\Users\mwam0\.copilot\repos\gh-projects-boards\tests\GhProjectsBoards.Tests\bin\Release\net10.0-windows\GhProjectsBoards.Tests.dll" adapterTypeName="executor://nunit3testexecutor/" className="GhProjectsBoards.Tests.GanttScheduleEditTests" name="InvalidOrChangedDragCannotMutateWork(&quot;reversed&quot;)" />
    </UnitTest>
    <UnitTest name="InvalidOrChangedDragCannotMutateWork(&quot;missing-row&quot;)" storage="c:\users\mwam0\.copilot\repos\gh-projects-boards\tests\ghprojectsboards.tests\bin\release\net10.0-windows\ghprojectsboards.tests.dll" id="40e59e13-108b-2970-43ae-b0852755e729">
      <Execution id="3bd88f3c-ad40-48aa-a3aa-9c148d910452" />
      <TestMethod codeBase="C:\Users\mwam0\.copilot\repos\gh-projects-boards\tests\GhProjectsBoards.Tests\bin\Release\net10.0-windows\GhProjectsBoards.Tests.dll" adapterTypeName="executor://nunit3testexecutor/" className="GhProjectsBoards.Tests.GanttScheduleEditTests" name="InvalidOrChangedDragCannotMutateWork(&quot;missing-row&quot;)" />
    </UnitTest>
    <UnitTest name="UnknownPartialAndStaleWorkCannotBecomeValidBars(Manual,True,True,False,Scheduled)" storage="c:\users\mwam0\.copilot\repos\gh-projects-boards\tests\ghprojectsboards.tests\bin\release\net10.0-windows\ghprojectsboards.tests.dll" id="c3a3ed29-2b2b-1428-9fb1-63640b494529">
      <Execution id="be125e67-46d7-4b5d-be21-b9cd270023d7" />
      <TestMethod codeBase="C:\Users\mwam0\.copilot\repos\gh-projects-boards\tests\GhProjectsBoards.Tests\bin\Release\net10.0-windows\GhProjectsBoards.Tests.dll" adapterTypeName="executor://nunit3testexecutor/" className="GhProjectsBoards.Tests.GanttProjectionTests" name="UnknownPartialAndStaleWorkCannotBecomeValidBars(Manual,True,True,False,Scheduled)" />
    </UnitTest>
    <UnitTest name="MaximumDateHasOneRenderableDayAndKeepsExactMinutePositions" storage="c:\users\mwam0\.copilot\repos\gh-projects-boards\tests\ghprojectsboards.tests\bin\release\net10.0-windows\ghprojectsboards.tests.dll" id="a46038aa-c486-28f1-dba2-97846982fbe1">
      <Execution id="45d13f7b-3458-4663-be05-b34c1c31adca" />
      <TestMethod codeBase="C:\Users\mwam0\.copilot\repos\gh-projects-boards\tests\GhProjectsBoards.Tests\bin\Release\net10.0-windows\GhProjectsBoards.Tests.dll" adapterTypeName="executor://nunit3testexecutor/" className="GhProjectsBoards.Tests.GanttProjectionTests" name="MaximumDateHasOneRenderableDayAndKeepsExactMinutePositions" />
    </UnitTest>
    <UnitTest name="MAN01_02_03_06_ManualPairAndPendingTextSurviveMetadataWorkRefreshAndRestart" storage="c:\users\mwam0\.copilot\repos\gh-projects-boards\tests\ghprojectsboards.tests\bin\release\net10.0-windows\ghprojectsboards.tests.dll" id="0a2b9f68-1de2-7262-79cb-9d88575fd435">
      <Execution id="810d5210-fcfa-427c-bbcc-adfb8f845a82" />
      <TestMethod codeBase="C:\Users\mwam0\.copilot\repos\gh-projects-boards\tests\GhProjectsBoards.Tests\bin\Release\net10.0-windows\GhProjectsBoards.Tests.dll" adapterTypeName="executor://nunit3testexecutor/" className="GhProjectsBoards.Tests.ManualPlanningTests" name="MAN01_02_03_06_ManualPairAndPendingTextSurviveMetadataWorkRefreshAndRestart" />
    </UnitTest>
    <UnitTest name="UnknownPartialAndStaleWorkCannotBecomeValidBars(Manual,True,False,False,Partial)" storage="c:\users\mwam0\.copilot\repos\gh-projects-boards\tests\ghprojectsboards.tests\bin\release\net10.0-windows\ghprojectsboards.tests.dll" id="ca0e0a30-cdd6-5aa7-dea5-4d0ad77e9dce">
      <Execution id="d8ab2e79-a369-444a-91e7-ffe0a1427a68" />
      <TestMethod codeBase="C:\Users\mwam0\.copilot\repos\gh-projects-boards\tests\GhProjectsBoards.Tests\bin\Release\net10.0-windows\GhProjectsBoards.Tests.dll" adapterTypeName="executor://nunit3testexecutor/" className="GhProjectsBoards.Tests.GanttProjectionTests" name="UnknownPartialAndStaleWorkCannotBecomeValidBars(Manual,True,False,False,Partial)" />
    </UnitTest>
    <UnitTest name="OutsideDateRequiresExactDecisionAndUndoRetainsFreshRemoteBaseline(&quot;Start&quot;,&quot;2026-10-07&quot;,&quot;2026-10-07 09:17&quot;)" storage="c:\users\mwam0\.copilot\repos\gh-projects-boards\tests\ghprojectsboards.tests\bin\release\net10.0-windows\ghprojectsboards.tests.dll" id="90b0f86d-ae7c-5de3-44d5-8c5a37592517">
      <Execution id="9740b978-b264-482a-bd62-ad00bd7d5448" />
      <TestMethod codeBase="C:\Users\mwam0\.copilot\repos\gh-projects-boards\tests\GhProjectsBoards.Tests\bin\Release\net10.0-windows\GhProjectsBoards.Tests.dll" adapterTypeName="executor://nunit3testexecutor/" className="GhProjectsBoards.Tests.ManualPlanningTests" name="OutsideDateRequiresExactDecisionAndUndoRetainsFreshRemoteBaseline(&quot;Start&quot;,&quot;2026-10-07&quot;,&quot;2026-10-07 09:17&quot;)" />
    </UnitTest>
    <UnitTest name="MinuteGeometryDoesNotStretchShortTasksIntoDays" storage="c:\users\mwam0\.copilot\repos\gh-projects-boards\tests\ghprojectsboards.tests\bin\release\net10.0-windows\ghprojectsboards.tests.dll" id="4be98882-1c9f-9c55-a6b5-6ae335889912">
      <Execution id="cd401d0a-bb63-43b1-9f51-3b02b967fefe" />
      <TestMethod codeBase="C:\Users\mwam0\.copilot\repos\gh-projects-boards\tests\GhProjectsBoards.Tests\bin\Release\net10.0-windows\GhProjectsBoards.Tests.dll" adapterTypeName="executor://nunit3testexecutor/" className="GhProjectsBoards.Tests.GanttProjectionTests" name="MinuteGeometryDoesNotStretchShortTasksIntoDays" />
    </UnitTest>
    <UnitTest name="InvalidOrChangedDragCannotMutateWork(&quot;date-buffer&quot;)" storage="c:\users\mwam0\.copilot\repos\gh-projects-boards\tests\ghprojectsboards.tests\bin\release\net10.0-windows\ghprojectsboards.tests.dll" id="a7172ade-6817-f797-611e-3c4db6cb2279">
      <Execution id="12446e71-398b-42ce-8a87-c6e716116b2c" />
      <TestMethod codeBase="C:\Users\mwam0\.copilot\repos\gh-projects-boards\tests\GhProjectsBoards.Tests\bin\Release\net10.0-windows\GhProjectsBoards.Tests.dll" adapterTypeName="executor://nunit3testexecutor/" className="GhProjectsBoards.Tests.GanttScheduleEditTests" name="InvalidOrChangedDragCannotMutateWork(&quot;date-buffer&quot;)" />
    </UnitTest>
    <UnitTest name="KeepingOutsideActualTotalRequiresExplicitReportsAndReportedThroughDate" storage="c:\users\mwam0\.copilot\repos\gh-projects-boards\tests\ghprojectsboards.tests\bin\release\net10.0-windows\ghprojectsboards.tests.dll" id="a2f80b7c-2afd-9a05-91fd-b1cb08c597f5">
      <Execution id="a03fdffb-5502-41fe-83cd-ab6da02ba062" />
      <TestMethod codeBase="C:\Users\mwam0\.copilot\repos\gh-projects-boards\tests\GhProjectsBoards.Tests\bin\Release\net10.0-windows\GhProjectsBoards.Tests.dll" adapterTypeName="executor://nunit3testexecutor/" className="GhProjectsBoards.Tests.ManualPlanningTests" name="KeepingOutsideActualTotalRequiresExplicitReportsAndReportedThroughDate" />
    </UnitTest>
    <UnitTest name="InvalidOrChangedDragCannotMutateWork(&quot;auto&quot;)" storage="c:\users\mwam0\.copilot\repos\gh-projects-boards\tests\ghprojectsboards.tests\bin\release\net10.0-windows\ghprojectsboards.tests.dll" id="8f330410-45bc-1bfb-d27a-d3c822a6c3b3">
      <Execution id="400a231e-1d72-4ac4-8cef-657250599c7b" />
      <TestMethod codeBase="C:\Users\mwam0\.copilot\repos\gh-projects-boards\tests\GhProjectsBoards.Tests\bin\Release\net10.0-windows\GhProjectsBoards.Tests.dll" adapterTypeName="executor://nunit3testexecutor/" className="GhProjectsBoards.Tests.GanttScheduleEditTests" name="InvalidOrChangedDragCannotMutateWork(&quot;auto&quot;)" />
    </UnitTest>
    <UnitTest name="InvalidOrChangedDragCannotMutateWork(&quot;wrong-task&quot;)" storage="c:\users\mwam0\.copilot\repos\gh-projects-boards\tests\ghprojectsboards.tests\bin\release\net10.0-windows\ghprojectsboards.tests.dll" id="643d70bc-dada-908b-f9ce-c5afc9d57c68">
      <Execution id="19574f47-6c6b-44cf-83d8-1cb4b45dcf93" />
      <TestMethod codeBase="C:\Users\mwam0\.copilot\repos\gh-projects-boards\tests\GhProjectsBoards.Tests\bin\Release\net10.0-windows\GhProjectsBoards.Tests.dll" adapterTypeName="executor://nunit3testexecutor/" className="GhProjectsBoards.Tests.GanttScheduleEditTests" name="InvalidOrChangedDragCannotMutateWork(&quot;wrong-task&quot;)" />
    </UnitTest>
    <UnitTest name="InvalidOrChangedDragCannotMutateWork(&quot;partial&quot;)" storage="c:\users\mwam0\.copilot\repos\gh-projects-boards\tests\ghprojectsboards.tests\bin\release\net10.0-windows\ghprojectsboards.tests.dll" id="123be82f-6570-54a1-58e5-c3811c36f4d8">
      <Execution id="6c4cbf84-ce52-43fb-ad76-316ed98551bd" />
      <TestMethod codeBase="C:\Users\mwam0\.copilot\repos\gh-projects-boards\tests\GhProjectsBoards.Tests\bin\Release\net10.0-windows\GhProjectsBoards.Tests.dll" adapterTypeName="executor://nunit3testexecutor/" className="GhProjectsBoards.Tests.GanttScheduleEditTests" name="InvalidOrChangedDragCannotMutateWork(&quot;partial&quot;)" />
    </UnitTest>
    <UnitTest name="NormalFixtureHasDistinctIdentityAndExplicitLongHorizonAndDoesNotDropUnresolvedWork" storage="c:\users\mwam0\.copilot\repos\gh-projects-boards\tests\ghprojectsboards.tests\bin\release\net10.0-windows\ghprojectsboards.tests.dll" id="79a7b2c5-ad37-cc84-eb55-40fd6f950d6b">
      <Execution id="a674e525-9a5c-48ff-94ff-8d2271ca0b1d" />
      <TestMethod codeBase="C:\Users\mwam0\.copilot\repos\gh-projects-boards\tests\GhProjectsBoards.Tests\bin\Release\net10.0-windows\GhProjectsBoards.Tests.dll" adapterTypeName="executor://nunit3testexecutor/" className="GhProjectsBoards.Tests.GanttProjectionTests" name="NormalFixtureHasDistinctIdentityAndExplicitLongHorizonAndDoesNotDropUnresolvedWork" />
    </UnitTest>
    <UnitTest name="OutsideDateRequiresExactDecisionAndUndoRetainsFreshRemoteBaseline(&quot;Finish&quot;,null,null)" storage="c:\users\mwam0\.copilot\repos\gh-projects-boards\tests\ghprojectsboards.tests\bin\release\net10.0-windows\ghprojectsboards.tests.dll" id="a2562ae3-cf6b-466f-68d4-e5cfba763908">
      <Execution id="95cb09fd-aae7-41c2-9303-3288259e883f" />
      <TestMethod codeBase="C:\Users\mwam0\.copilot\repos\gh-projects-boards\tests\GhProjectsBoards.Tests\bin\Release\net10.0-windows\GhProjectsBoards.Tests.dll" adapterTypeName="executor://nunit3testexecutor/" className="GhProjectsBoards.Tests.ManualPlanningTests" name="OutsideDateRequiresExactDecisionAndUndoRetainsFreshRemoteBaseline(&quot;Finish&quot;,null,null)" />
    </UnitTest>
    <UnitTest name="EmptyLegacyAndLocalTasksRemainVisibleWithoutInventingTimesOrChangingDrafts" storage="c:\users\mwam0\.copilot\repos\gh-projects-boards\tests\ghprojectsboards.tests\bin\release\net10.0-windows\ghprojectsboards.tests.dll" id="edc02368-77c3-b5ad-6122-0a2b3c474191">
      <Execution id="49ae2398-7f21-4e51-b250-be06bc436b64" />
      <TestMethod codeBase="C:\Users\mwam0\.copilot\repos\gh-projects-boards\tests\GhProjectsBoards.Tests\bin\Release\net10.0-windows\GhProjectsBoards.Tests.dll" adapterTypeName="executor://nunit3testexecutor/" className="GhProjectsBoards.Tests.GanttProjectionTests" name="EmptyLegacyAndLocalTasksRemainVisibleWithoutInventingTimesOrChangingDrafts" />
    </UnitTest>
    <UnitTest name="InvalidOrChangedDragCannotMutateWork(&quot;completed&quot;)" storage="c:\users\mwam0\.copilot\repos\gh-projects-boards\tests\ghprojectsboards.tests\bin\release\net10.0-windows\ghprojectsboards.tests.dll" id="f35e7cd5-a4cc-4bd4-f268-ce07128b6719">
      <Execution id="2fbabeaa-189c-4f9d-b87c-0d7a6fb49ace" />
      <TestMethod codeBase="C:\Users\mwam0\.copilot\repos\gh-projects-boards\tests\GhProjectsBoards.Tests\bin\Release\net10.0-windows\GhProjectsBoards.Tests.dll" adapterTypeName="executor://nunit3testexecutor/" className="GhProjectsBoards.Tests.GanttScheduleEditTests" name="InvalidOrChangedDragCannotMutateWork(&quot;completed&quot;)" />
    </UnitTest>
    <UnitTest name="UnknownPartialAndStaleWorkCannotBecomeValidBars(Auto,True,True,True,Stale)" storage="c:\users\mwam0\.copilot\repos\gh-projects-boards\tests\ghprojectsboards.tests\bin\release\net10.0-windows\ghprojectsboards.tests.dll" id="d5bc4c3d-e35e-f38d-b349-5a6e68d0acce">
      <Execution id="d5dbe1ea-6456-4f69-be14-02bfcae1b532" />
      <TestMethod codeBase="C:\Users\mwam0\.copilot\repos\gh-projects-boards\tests\GhProjectsBoards.Tests\bin\Release\net10.0-windows\GhProjectsBoards.Tests.dll" adapterTypeName="executor://nunit3testexecutor/" className="GhProjectsBoards.Tests.GanttProjectionTests" name="UnknownPartialAndStaleWorkCannotBecomeValidBars(Auto,True,True,True,Stale)" />
    </UnitTest>
    <UnitTest name="UnknownPartialAndStaleWorkCannotBecomeValidBars(Unplanned,False,False,False,Unplanned)" storage="c:\users\mwam0\.copilot\repos\gh-projects-boards\tests\ghprojectsboards.tests\bin\release\net10.0-windows\ghprojectsboards.tests.dll" id="ce69b545-f95b-87cc-f114-509d142a2f05">
      <Execution id="4df78c7e-dc6e-4d0e-bb0e-df45b057ccf2" />
      <TestMethod codeBase="C:\Users\mwam0\.copilot\repos\gh-projects-boards\tests\GhProjectsBoards.Tests\bin\Release\net10.0-windows\GhProjectsBoards.Tests.dll" adapterTypeName="executor://nunit3testexecutor/" className="GhProjectsBoards.Tests.GanttProjectionTests" name="UnknownPartialAndStaleWorkCannotBecomeValidBars(Unplanned,False,False,False,Unplanned)" />
    </UnitTest>
    <UnitTest name="CalendarDayDragRetainsExactMinutesAndOtherWorkAndOneUndoRestoresThePlan(Move,&quot;2026-10-07 12:07&quot;,&quot;2026-10-10 16:19&quot;)" storage="c:\users\mwam0\.copilot\repos\gh-projects-boards\tests\ghprojectsboards.tests\bin\release\net10.0-windows\ghprojectsboards.tests.dll" id="aab570ab-8abe-fb8e-ea40-c1f7ebd5ef13">
      <Execution id="e51eb8cf-07b8-476d-977f-86fc418ae069" />
      <TestMethod codeBase="C:\Users\mwam0\.copilot\repos\gh-projects-boards\tests\GhProjectsBoards.Tests\bin\Release\net10.0-windows\GhProjectsBoards.Tests.dll" adapterTypeName="executor://nunit3testexecutor/" className="GhProjectsBoards.Tests.GanttScheduleEditTests" name="CalendarDayDragRetainsExactMinutesAndOtherWorkAndOneUndoRestoresThePlan(Move,&quot;2026-10-07 12:07&quot;,&quot;2026-10-10 16:19&quot;)" />
    </UnitTest>
  </TestDefinitions>
  <TestEntries>
    <TestEntry testId="a2562ae3-cf6b-466f-68d4-e5cfba763908" executionId="95cb09fd-aae7-41c2-9303-3288259e883f" testListId="8c84fa94-04c1-424b-9868-57a2d4851a1d" />
    <TestEntry testId="8f330410-45bc-1bfb-d27a-d3c822a6c3b3" executionId="400a231e-1d72-4ac4-8cef-657250599c7b" testListId="8c84fa94-04c1-424b-9868-57a2d4851a1d" />
    <TestEntry testId="4227034a-059f-53ea-7558-cb12385a20bc" executionId="ba6916ca-13c3-45a5-9656-170d800aa412" testListId="8c84fa94-04c1-424b-9868-57a2d4851a1d" />
    <TestEntry testId="2139f6f7-ab1c-4abd-b663-9fced821b7a5" executionId="bab07356-bf48-4838-a584-bc7b6e6654de" testListId="8c84fa94-04c1-424b-9868-57a2d4851a1d" />
    <TestEntry testId="643d70bc-dada-908b-f9ce-c5afc9d57c68" executionId="19574f47-6c6b-44cf-83d8-1cb4b45dcf93" testListId="8c84fa94-04c1-424b-9868-57a2d4851a1d" />
    <TestEntry testId="d5bc4c3d-e35e-f38d-b349-5a6e68d0acce" executionId="d5dbe1ea-6456-4f69-be14-02bfcae1b532" testListId="8c84fa94-04c1-424b-9868-57a2d4851a1d" />
    <TestEntry testId="ca0e0a30-cdd6-5aa7-dea5-4d0ad77e9dce" executionId="d8ab2e79-a369-444a-91e7-ffe0a1427a68" testListId="8c84fa94-04c1-424b-9868-57a2d4851a1d" />
    <TestEntry testId="a7172ade-6817-f797-611e-3c4db6cb2279" executionId="12446e71-398b-42ce-8a87-c6e716116b2c" testListId="8c84fa94-04c1-424b-9868-57a2d4851a1d" />
    <TestEntry testId="40e59e13-108b-2970-43ae-b0852755e729" executionId="3bd88f3c-ad40-48aa-a3aa-9c148d910452" testListId="8c84fa94-04c1-424b-9868-57a2d4851a1d" />
    <TestEntry testId="123be82f-6570-54a1-58e5-c3811c36f4d8" executionId="6c4cbf84-ce52-43fb-ad76-316ed98551bd" testListId="8c84fa94-04c1-424b-9868-57a2d4851a1d" />
    <TestEntry testId="a2f80b7c-2afd-9a05-91fd-b1cb08c597f5" executionId="a03fdffb-5502-41fe-83cd-ab6da02ba062" testListId="8c84fa94-04c1-424b-9868-57a2d4851a1d" />
    <TestEntry testId="fb4e48fe-ab73-2cc1-c291-045528563daf" executionId="912f9e01-cdf6-441a-9522-9f287969da91" testListId="8c84fa94-04c1-424b-9868-57a2d4851a1d" />
    <TestEntry testId="db45da79-9ba2-1087-8067-01236e1f6110" executionId="124aa8c7-e128-4529-a5f7-f38f4a0f6fa6" testListId="8c84fa94-04c1-424b-9868-57a2d4851a1d" />
    <TestEntry testId="90b0f86d-ae7c-5de3-44d5-8c5a37592517" executionId="9740b978-b264-482a-bd62-ad00bd7d5448" testListId="8c84fa94-04c1-424b-9868-57a2d4851a1d" />
    <TestEntry testId="a46038aa-c486-28f1-dba2-97846982fbe1" executionId="45d13f7b-3458-4663-be05-b34c1c31adca" testListId="8c84fa94-04c1-424b-9868-57a2d4851a1d" />
    <TestEntry testId="ce69b545-f95b-87cc-f114-509d142a2f05" executionId="4df78c7e-dc6e-4d0e-bb0e-df45b057ccf2" testListId="8c84fa94-04c1-424b-9868-57a2d4851a1d" />
    <TestEntry testId="0a2b9f68-1de2-7262-79cb-9d88575fd435" executionId="810d5210-fcfa-427c-bbcc-adfb8f845a82" testListId="8c84fa94-04c1-424b-9868-57a2d4851a1d" />
    <TestEntry testId="79a7b2c5-ad37-cc84-eb55-40fd6f950d6b" executionId="a674e525-9a5c-48ff-94ff-8d2271ca0b1d" testListId="8c84fa94-04c1-424b-9868-57a2d4851a1d" />
    <TestEntry testId="aab570ab-8abe-fb8e-ea40-c1f7ebd5ef13" executionId="e51eb8cf-07b8-476d-977f-86fc418ae069" testListId="8c84fa94-04c1-424b-9868-57a2d4851a1d" />
    <TestEntry testId="a7a3baa3-99bf-bc60-c540-78ec8ba15f1d" executionId="22d8ccd5-b2d1-4bed-9802-bdcae477f23a" testListId="8c84fa94-04c1-424b-9868-57a2d4851a1d" />
    <TestEntry testId="f35e7cd5-a4cc-4bd4-f268-ce07128b6719" executionId="2fbabeaa-189c-4f9d-b87c-0d7a6fb49ace" testListId="8c84fa94-04c1-424b-9868-57a2d4851a1d" />
    <TestEntry testId="1f0e0375-8d09-d048-9b7e-9889f975c289" executionId="9cf7ea22-1433-43e5-bdd1-77837ed01f4b" testListId="8c84fa94-04c1-424b-9868-57a2d4851a1d" />
    <TestEntry testId="c3a3ed29-2b2b-1428-9fb1-63640b494529" executionId="be125e67-46d7-4b5d-be21-b9cd270023d7" testListId="8c84fa94-04c1-424b-9868-57a2d4851a1d" />
    <TestEntry testId="4be98882-1c9f-9c55-a6b5-6ae335889912" executionId="cd401d0a-bb63-43b1-9f51-3b02b967fefe" testListId="8c84fa94-04c1-424b-9868-57a2d4851a1d" />
    <TestEntry testId="4c01aad2-8e6c-9ec1-b26d-24adf4baf9c0" executionId="1a751df7-ff69-4885-bf96-8d3af6cabdd9" testListId="8c84fa94-04c1-424b-9868-57a2d4851a1d" />
    <TestEntry testId="edc02368-77c3-b5ad-6122-0a2b3c474191" executionId="49ae2398-7f21-4e51-b250-be06bc436b64" testListId="8c84fa94-04c1-424b-9868-57a2d4851a1d" />
    <TestEntry testId="36aa9b73-3012-9a61-ed21-d1bc8a6a229c" executionId="01cf074d-6ff5-4612-ba5c-5af68a63d44c" testListId="8c84fa94-04c1-424b-9868-57a2d4851a1d" />
  </TestEntries>
  <TestLists>
    <TestList name="一覧に存在しない結果" id="8c84fa94-04c1-424b-9868-57a2d4851a1d" />
    <TestList name="読み込まれたすべての結果" id="19431567-8539-422a-85d7-44ee4e166bda" />
  </TestLists>
  <ResultSummary outcome="Completed">
    <Counters total="27" executed="27" passed="27" failed="0" error="0" timeout="0" aborted="0" inconclusive="0" passedButRunAborted="0" notRunnable="0" notExecuted="0" disconnected="0" warning="0" completed="0" inProgress="0" pending="0" />
    <Output>
      <StdOut>NUnit Adapter 1.0.0.0: Test execution started&#xD;
Running selected tests in C:\Users\mwam0\.copilot\repos\gh-projects-boards\tests\GhProjectsBoards.Tests\bin\Release\net10.0-windows\GhProjectsBoards.Tests.dll&#xD;
   NUnit3TestExecutor discovered 27 of 27 NUnit test cases using Current Discovery mode, Non-Explicit run&#xD;
</StdOut>
    </Output>
    <CollectorDataEntries>
      <Collector agentName="RTX5070" uri="datacollector://microsoft/CodeCoverage/2.0" collectorDisplayName="Code Coverage">
        <UriAttachments>
          <UriAttachment>
            <A href="RTX5070\mwam0_RTX5070_2026-10-04.17_30_29.cobertura.xml"></A>
          </UriAttachment>
        </UriAttachments>
      </Collector>
    </CollectorDataEntries>
  </ResultSummary>
</TestRun>